Component: ARM Compiler 5.06 update 6 (build 750) Tool: armlink [4d35ed]

==============================================================================

Section Cross References

    startup_stm32f103xb.o(RESET) refers to startup_stm32f103xb.o(STACK) for __initial_sp
    startup_stm32f103xb.o(RESET) refers to startup_stm32f103xb.o(.text) for Reset_Handler
    startup_stm32f103xb.o(RESET) refers to stm32f1xx_it.o(i.NMI_Handler) for NMI_Handler
    startup_stm32f103xb.o(RESET) refers to stm32f1xx_it.o(i.HardFault_Handler) for HardFault_Handler
    startup_stm32f103xb.o(RESET) refers to stm32f1xx_it.o(i.MemManage_Handler) for MemManage_Handler
    startup_stm32f103xb.o(RESET) refers to stm32f1xx_it.o(i.BusFault_Handler) for BusFault_Handler
    startup_stm32f103xb.o(RESET) refers to stm32f1xx_it.o(i.UsageFault_Handler) for UsageFault_Handler
    startup_stm32f103xb.o(RESET) refers to stm32f1xx_it.o(i.SVC_Handler) for SVC_Handler
    startup_stm32f103xb.o(RESET) refers to stm32f1xx_it.o(i.DebugMon_Handler) for DebugMon_Handler
    startup_stm32f103xb.o(RESET) refers to stm32f1xx_it.o(i.PendSV_Handler) for PendSV_Handler
    startup_stm32f103xb.o(RESET) refers to stm32f1xx_it.o(i.SysTick_Handler) for SysTick_Handler
    startup_stm32f103xb.o(RESET) refers to stm32f1xx_it.o(i.DMA1_Channel4_IRQHandler) for DMA1_Channel4_IRQHandler
    startup_stm32f103xb.o(RESET) refers to stm32f1xx_it.o(i.DMA1_Channel5_IRQHandler) for DMA1_Channel5_IRQHandler
    startup_stm32f103xb.o(RESET) refers to stm32f1xx_it.o(i.USB_LP_CAN1_RX0_IRQHandler) for USB_LP_CAN1_RX0_IRQHandler
    startup_stm32f103xb.o(RESET) refers to stm32f1xx_it.o(i.TIM1_UP_IRQHandler) for TIM1_UP_IRQHandler
    startup_stm32f103xb.o(RESET) refers to stm32f1xx_it.o(i.TIM3_IRQHandler) for TIM3_IRQHandler
    startup_stm32f103xb.o(RESET) refers to stm32f1xx_it.o(i.USART1_IRQHandler) for USART1_IRQHandler
    startup_stm32f103xb.o(.text) refers to system_stm32f1xx.o(i.SystemInit) for SystemInit
    startup_stm32f103xb.o(.text) refers to entry.o(.ARM.Collect$$$$00000000) for __main
    main.o(i.SystemClock_Config) refers to memseta.o(.text) for __aeabi_memclr4
    main.o(i.SystemClock_Config) refers to stm32f1xx_hal_rcc.o(i.HAL_RCC_OscConfig) for HAL_RCC_OscConfig
    main.o(i.SystemClock_Config) refers to stm32f1xx_hal_rcc.o(i.HAL_RCC_ClockConfig) for HAL_RCC_ClockConfig
    main.o(i.SystemClock_Config) refers to stm32f1xx_hal_rcc_ex.o(i.HAL_RCCEx_PeriphCLKConfig) for HAL_RCCEx_PeriphCLKConfig
    main.o(i.main) refers to stm32f1xx_hal.o(i.HAL_Init) for HAL_Init
    main.o(i.main) refers to main.o(i.SystemClock_Config) for SystemClock_Config
    main.o(i.main) refers to gpio.o(i.MX_GPIO_Init) for MX_GPIO_Init
    main.o(i.main) refers to dma.o(i.MX_DMA_Init) for MX_DMA_Init
    main.o(i.main) refers to tim.o(i.MX_TIM1_Init) for MX_TIM1_Init
    main.o(i.main) refers to tim.o(i.MX_TIM2_Init) for MX_TIM2_Init
    main.o(i.main) refers to usart.o(i.MX_USART1_UART_Init) for MX_USART1_UART_Init
    main.o(i.main) refers to tim.o(i.MX_TIM3_Init) for MX_TIM3_Init
    main.o(i.main) refers to usb_device.o(i.MX_USB_DEVICE_Init) for MX_USB_DEVICE_Init
    main.o(i.main) refers to common.o(i.System_Init) for System_Init
    main.o(i.main) refers to common.o(i.UserTasks) for UserTasks
    gpio.o(i.MX_GPIO_Init) refers to stm32f1xx_hal_gpio.o(i.HAL_GPIO_WritePin) for HAL_GPIO_WritePin
    gpio.o(i.MX_GPIO_Init) refers to stm32f1xx_hal_gpio.o(i.HAL_GPIO_Init) for HAL_GPIO_Init
    dma.o(i.MX_DMA_Init) refers to stm32f1xx_hal_cortex.o(i.HAL_NVIC_SetPriority) for HAL_NVIC_SetPriority
    dma.o(i.MX_DMA_Init) refers to stm32f1xx_hal_cortex.o(i.HAL_NVIC_EnableIRQ) for HAL_NVIC_EnableIRQ
    tim.o(i.HAL_TIM_Base_MspDeInit) refers to stm32f1xx_hal_cortex.o(i.HAL_NVIC_DisableIRQ) for HAL_NVIC_DisableIRQ
    tim.o(i.HAL_TIM_Base_MspInit) refers to stm32f1xx_hal_cortex.o(i.HAL_NVIC_SetPriority) for HAL_NVIC_SetPriority
    tim.o(i.HAL_TIM_Base_MspInit) refers to stm32f1xx_hal_cortex.o(i.HAL_NVIC_EnableIRQ) for HAL_NVIC_EnableIRQ
    tim.o(i.HAL_TIM_MspPostInit) refers to stm32f1xx_hal_gpio.o(i.HAL_GPIO_Init) for HAL_GPIO_Init
    tim.o(i.MX_TIM1_Init) refers to stm32f1xx_hal_tim.o(i.HAL_TIM_Base_Init) for HAL_TIM_Base_Init
    tim.o(i.MX_TIM1_Init) refers to main.o(i.Error_Handler) for Error_Handler
    tim.o(i.MX_TIM1_Init) refers to stm32f1xx_hal_tim.o(i.HAL_TIM_ConfigClockSource) for HAL_TIM_ConfigClockSource
    tim.o(i.MX_TIM1_Init) refers to stm32f1xx_hal_tim_ex.o(i.HAL_TIMEx_MasterConfigSynchronization) for HAL_TIMEx_MasterConfigSynchronization
    tim.o(i.MX_TIM1_Init) refers to tim.o(.bss) for .bss
    tim.o(i.MX_TIM2_Init) refers to memseta.o(.text) for __aeabi_memclr4
    tim.o(i.MX_TIM2_Init) refers to stm32f1xx_hal_tim.o(i.HAL_TIM_Base_Init) for HAL_TIM_Base_Init
    tim.o(i.MX_TIM2_Init) refers to main.o(i.Error_Handler) for Error_Handler
    tim.o(i.MX_TIM2_Init) refers to stm32f1xx_hal_tim.o(i.HAL_TIM_ConfigClockSource) for HAL_TIM_ConfigClockSource
[...]
    i.UART_Start_Receive_DMA                 0x08003750   Section        0  stm32f1xx_hal_uart.o(i.UART_Start_Receive_DMA)
    i.UART_Start_Receive_IT                  0x080037c0   Section        0  stm32f1xx_hal_uart.o(i.UART_Start_Receive_IT)
    i.UART_WaitOnFlagUntilTimeout            0x080037f6   Section        0  stm32f1xx_hal_uart.o(i.UART_WaitOnFlagUntilTimeout)
    UART_WaitOnFlagUntilTimeout              0x080037f7   Thumb Code   100  stm32f1xx_hal_uart.o(i.UART_WaitOnFlagUntilTimeout)
    i.USART1_IRQHandler                      0x0800385c   Section        0  stm32f1xx_it.o(i.USART1_IRQHandler)
    i.USBD_CDC_DataIn                        0x08003874   Section        0  usbd_cdc.o(i.USBD_CDC_DataIn)
    USBD_CDC_DataIn                          0x08003875   Thumb Code    70  usbd_cdc.o(i.USBD_CDC_DataIn)
    i.USBD_CDC_DataOut                       0x080038ba   Section        0  usbd_cdc.o(i.USBD_CDC_DataOut)
    USBD_CDC_DataOut                         0x080038bb   Thumb Code    46  usbd_cdc.o(i.USBD_CDC_DataOut)
    i.USBD_CDC_DeInit                        0x080038e8   Section        0  usbd_cdc.o(i.USBD_CDC_DeInit)
    USBD_CDC_DeInit                          0x080038e9   Thumb Code    68  usbd_cdc.o(i.USBD_CDC_DeInit)
    i.USBD_CDC_EP0_RxReady                   0x0800392c   Section        0  usbd_cdc.o(i.USBD_CDC_EP0_RxReady)
    USBD_CDC_EP0_RxReady                     0x0800392d   Thumb Code    36  usbd_cdc.o(i.USBD_CDC_EP0_RxReady)
    i.USBD_CDC_GetDeviceQualifierDescriptor  0x08003950   Section        0  usbd_cdc.o(i.USBD_CDC_GetDeviceQualifierDescriptor)
    i.USBD_CDC_GetFSCfgDesc                  0x0800395c   Section        0  usbd_cdc.o(i.USBD_CDC_GetFSCfgDesc)
    USBD_CDC_GetFSCfgDesc                    0x0800395d   Thumb Code     8  usbd_cdc.o(i.USBD_CDC_GetFSCfgDesc)
    i.USBD_CDC_GetHSCfgDesc                  0x08003968   Section        0  usbd_cdc.o(i.USBD_CDC_GetHSCfgDesc)
    USBD_CDC_GetHSCfgDesc                    0x08003969   Thumb Code     8  usbd_cdc.o(i.USBD_CDC_GetHSCfgDesc)
    i.USBD_CDC_GetOtherSpeedCfgDesc          0x08003974   Section        0  usbd_cdc.o(i.USBD_CDC_GetOtherSpeedCfgDesc)
    USBD_CDC_GetOtherSpeedCfgDesc            0x08003975   Thumb Code     8  usbd_cdc.o(i.USBD_CDC_GetOtherSpeedCfgDesc)
    i.USBD_CDC_Init                          0x08003980   Section        0  usbd_cdc.o(i.USBD_CDC_Init)
    USBD_CDC_Init                            0x08003981   Thumb Code   148  usbd_cdc.o(i.USBD_CDC_Init)
    i.USBD_CDC_ReceivePacket                 0x08003a14   Section        0  usbd_cdc.o(i.USBD_CDC_ReceivePacket)
    i.USBD_CDC_RegisterInterface             0x08003a3c   Section        0  usbd_cdc.o(i.USBD_CDC_RegisterInterface)
    i.USBD_CDC_SetRxBuffer                   0x08003a4c   Section        0  usbd_cdc.o(i.USBD_CDC_SetRxBuffer)
    i.USBD_CDC_Setup                         0x08003a58   Section        0  usbd_cdc.o(i.USBD_CDC_Setup)
    USBD_CDC_Setup                           0x08003a59   Thumb Code   172  usbd_cdc.o(i.USBD_CDC_Setup)
    i.USBD_ClrClassConfig                    0x08003b04   Section        0  usbd_core.o(i.USBD_ClrClassConfig)
    i.USBD_CtlContinueRx                     0x08003b12   Section        0  usbd_ioreq.o(i.USBD_CtlContinueRx)
    i.USBD_CtlContinueSendData               0x08003b22   Section        0  usbd_ioreq.o(i.USBD_CtlContinueSendData)
    i.USBD_CtlError                          0x08003b32   Section        0  usbd_ctlreq.o(i.USBD_CtlError)
    i.USBD_CtlPrepareRx                      0x08003b48   Section        0  usbd_ioreq.o(i.USBD_CtlPrepareRx)
    i.USBD_CtlReceiveStatus                  0x08003b66   Section        0  usbd_ioreq.o(i.USBD_CtlReceiveStatus)
    i.USBD_CtlSendData                       0x08003b7c   Section        0  usbd_ioreq.o(i.USBD_CtlSendData)
    i.USBD_CtlSendStatus                     0x08003b96   Section        0  usbd_ioreq.o(i.USBD_CtlSendStatus)
    i.USBD_FS_ConfigStrDescriptor            0x08003bac   Section        0  usbd_desc.o(i.USBD_FS_ConfigStrDescriptor)
    i.USBD_FS_DeviceDescriptor               0x08003bcc   Section        0  usbd_desc.o(i.USBD_FS_DeviceDescriptor)
    i.USBD_FS_InterfaceStrDescriptor         0x08003bd8   Section        0  usbd_desc.o(i.USBD_FS_InterfaceStrDescriptor)
    i.USBD_FS_LangIDStrDescriptor            0x08003bfc   Section        0  usbd_desc.o(i.USBD_FS_LangIDStrDescriptor)
    i.USBD_FS_ManufacturerStrDescriptor      0x08003c08   Section        0  usbd_desc.o(i.USBD_FS_ManufacturerStrDescriptor)
    i.USBD_FS_ProductStrDescriptor           0x08003c30   Section        0  usbd_desc.o(i.USBD_FS_ProductStrDescriptor)
    i.USBD_FS_SerialStrDescriptor            0x08003c5c   Section        0  usbd_desc.o(i.USBD_FS_SerialStrDescriptor)
    i.USBD_GetDescriptor                     0x08003c94   Section        0  usbd_ctlreq.o(i.USBD_GetDescriptor)
    USBD_GetDescriptor                       0x08003c95   Thumb Code   232  usbd_ctlreq.o(i.USBD_GetDescriptor)
    i.USBD_GetString                         0x08003d7c   Section        0  usbd_ctlreq.o(i.USBD_GetString)
    i.USBD_Get_USB_Status                    0x08003dc4   Section        0  usbd_conf.o(i.USBD_Get_USB_Status)
    USBD_Get_USB_Status                      0x08003dc5   Thumb Code    24  usbd_conf.o(i.USBD_Get_USB_Status)
    i.USBD_Init                              0x08003ddc   Section        0  usbd_core.o(i.USBD_Init)
    i.USBD_LL_ClearStallEP                   0x08003e06   Section        0  usbd_conf.o(i.USBD_LL_ClearStallEP)
    i.USBD_LL_CloseEP                        0x08003e18   Section        0  usbd_conf.o(i.USBD_LL_CloseEP)
    i.USBD_LL_DataInStage                    0x08003e2a   Section        0  usbd_core.o(i.USBD_LL_DataInStage)
    i.USBD_LL_DataOutStage                   0x08003ef0   Section        0  usbd_core.o(i.USBD_LL_DataOutStage)
    i.USBD_LL_GetRxDataSize                  0x08003f72   Section        0  usbd_conf.o(i.USBD_LL_GetRxDataSize)
    i.USBD_LL_Init                           0x08003f7c   Section        0  usbd_conf.o(i.USBD_LL_Init)
    i.USBD_LL_IsStallEP                      0x08003ffc   Section        0  usbd_conf.o(i.USBD_LL_IsStallEP)
    i.USBD_LL_OpenEP                         0x0800401c   Section        0  usbd_conf.o(i.USBD_LL_OpenEP)
    i.USBD_LL_PrepareReceive                 0x08004034   Section        0  usbd_conf.o(i.USBD_LL_PrepareReceive)
    i.USBD_LL_Reset                          0x08004046   Section        0  usbd_core.o(i.USBD_LL_Reset)
    i.USBD_LL_Resume                         0x08004096   Section        0  usbd_core.o(i.USBD_LL_Resume)
    i.USBD_LL_SOF                            0x080040aa   Section        0  usbd_core.o(i.USBD_LL_SOF)
    i.USBD_LL_SetSpeed                       0x080040c2   Section        0  usbd_core.o(i.USBD_LL_SetSpeed)
    i.USBD_LL_SetUSBAddress                  0x080040c8   Section        0  usbd_conf.o(i.USBD_LL_SetUSBAddress)
    i.USBD_LL_SetupStage                     0x080040da   Section        0  usbd_core.o(i.USBD_LL_SetupStage)
    i.USBD_LL_StallEP                        0x08004134   Section        0  usbd_conf.o(i.USBD_LL_StallEP)
    i.USBD_LL_Start                          0x08004146   Section        0  usbd_conf.o(i.USBD_LL_Start)
    i.USBD_LL_Suspend                        0x08004158   Section        0  usbd_core.o(i.USBD_LL_Suspend)
    i.USBD_LL_Transmit                       0x0800416a   Section        0  usbd_conf.o(i.USBD_LL_Transmit)
    i.USBD_ParseSetupRequest                 0x0800417c   Section        0  usbd_ctlreq.o(i.USBD_ParseSetupRequest)
    i.USBD_RegisterClass                     0x080041a4   Section        0  usbd_core.o(i.USBD_RegisterClass)
    i.USBD_SetClassConfig                    0x080041b4   Section        0  usbd_core.o(i.USBD_SetClassConfig)
    i.USBD_SetConfig                         0x080041cc   Section        0  usbd_ctlreq.o(i.USBD_SetConfig)
    USBD_SetConfig                           0x080041cd   Thumb Code   128  usbd_ctlreq.o(i.USBD_SetConfig)
    i.USBD_Start                             0x08004250   Section        0  usbd_core.o(i.USBD_Start)
    i.USBD_StdDevReq                         0x0800425a   Section        0  usbd_ctlreq.o(i.USBD_StdDevReq)
    i.USBD_StdEPReq                          0x0800436c   Section        0  usbd_ctlreq.o(i.USBD_StdEPReq)
    i.USBD_StdItfReq                         0x080044bc   Section        0  usbd_ctlreq.o(i.USBD_StdItfReq)
    i.USBD_static_free                       0x0800450a   Section        0  usbd_conf.o(i.USBD_static_free)
    i.USBD_static_malloc                     0x0800450c   Section        0  usbd_conf.o(i.USBD_static_malloc)
    i.USB_ActivateEndpoint                   0x08004514   Section        0  stm32f1xx_ll_usb.o(i.USB_ActivateEndpoint)
    i.USB_CoreInit                           0x0800476c   Section        0  stm32f1xx_ll_usb.o(i.USB_CoreInit)
    i.USB_DeactivateEndpoint                 0x08004770   Section        0  stm32f1xx_ll_usb.o(i.USB_DeactivateEndpoint)
    i.USB_DevConnect                         0x0800487e   Section        0  stm32f1xx_ll_usb.o(i.USB_DevConnect)
    i.USB_DevDisconnect                      0x08004882   Section        0  stm32f1xx_ll_usb.o(i.USB_DevDisconnect)
    i.USB_DevInit                            0x08004886   Section        0  stm32f1xx_ll_usb.o(i.USB_DevInit)
    i.USB_DisableGlobalInt                   0x08004898   Section        0  stm32f1xx_ll_usb.o(i.USB_DisableGlobalInt)
    i.USB_EP0_OutStart                       0x080048a6   Section        0  stm32f1xx_ll_usb.o(i.USB_EP0_OutStart)
    i.USB_EPClearStall                       0x080048aa   Section        0  stm32f1xx_ll_usb.o(i.USB_EPClearStall)
    i.USB_EPSetStall                         0x08004922   Section        0  stm32f1xx_ll_usb.o(i.USB_EPSetStall)
    i.USB_EPStartXfer                        0x08004954   Section        0  stm32f1xx_ll_usb.o(i.USB_EPStartXfer)
    i.USB_EnableGlobalInt                    0x08004f60   Section        0  stm32f1xx_ll_usb.o(i.USB_EnableGlobalInt)
    i.USB_LP_CAN1_RX0_IRQHandler             0x08004f74   Section        0  stm32f1xx_it.o(i.USB_LP_CAN1_RX0_IRQHandler)
    i.USB_ReadInterrupts                     0x08004f80   Section        0  stm32f1xx_ll_usb.o(i.USB_ReadInterrupts)
    i.USB_ReadPMA                            0x08004f88   Section        0  stm32f1xx_ll_usb.o(i.USB_ReadPMA)
    i.USB_SetCurrentMode                     0x08004fb4   Section        0  stm32f1xx_ll_usb.o(i.USB_SetCurrentMode)
    i.USB_SetDevAddress                      0x08004fb8   Section        0  stm32f1xx_ll_usb.o(i.USB_SetDevAddress)
    i.USB_WritePMA                           0x08004fc4   Section        0  stm32f1xx_ll_usb.o(i.USB_WritePMA)
    i.Uart1_RxDataCallback                   0x08004fec   Section        0  common.o(i.Uart1_RxDataCallback)
    i.Uart_DMA_Init                          0x0800508c   Section        0  uart_dma.o(i.Uart_DMA_Init)
    i.Uart_RxIDLE_Handler                    0x08005118   Section        0  uart_dma.o(i.Uart_RxIDLE_Handler)
    i.UsageFault_Handler                     0x08005218   Section        0  stm32f1xx_it.o(i.UsageFault_Handler)
    i.Usb2UartInit                           0x0800521c   Section        0  usb_uart.o(i.Usb2UartInit)
    i.UserTasks                              0x08005254   Section        0  common.o(i.UserTasks)
    i.__0printf$1                            0x0800526c   Section        0  printf1.o(i.__0printf$1)
    i.__NVIC_SetPriority                     0x0800528c   Section        0  stm32f1xx_hal_cortex.o(i.__NVIC_SetPriority)
    __NVIC_SetPriority                       0x0800528d   Thumb Code    32  stm32f1xx_hal_cortex.o(i.__NVIC_SetPriority)
    i.__scatterload_copy                     0x080052ac   Section       14  handlers.o(i.__scatterload_copy)
    i.__scatterload_null                     0x080052ba   Section        2  handlers.o(i.__scatterload_null)
    i.__scatterload_zeroinit                 0x080052bc   Section       14  handlers.o(i.__scatterload_zeroinit)
    i._printf_core                           0x080052cc   Section        0  printf1.o(i._printf_core)
    _printf_core                             0x080052cd   Thumb Code   336  printf1.o(i._printf_core)
    i.fputc                                  0x08005420   Section        0  common.o(i.fputc)
    i.main                                   0x08005438   Section        0  main.o(i.main)
    i.seg7_enable                            0x08005468   Section        0  stop_watch.o(i.seg7_enable)
    i.seg7_show                              0x080054d4   Section        0  stop_watch.o(i.seg7_show)
    i.timer_process                          0x08005540   Section        0  timer.o(i.timer_process)
    i.timer_show                             0x08005608   Section        0  timer.o(i.timer_show)
    .constdata                               0x0800564c   Section      192  uart_dma.o(.constdata)
    .constdata                               0x0800570c   Section       60  stop_watch.o(.constdata)
    .constdata                               0x08005748   Section       16  system_stm32f1xx.o(.constdata)
    .constdata                               0x08005758   Section        8  system_stm32f1xx.o(.constdata)
    .constdata                               0x08005760   Section       64  ctype_c.o(.constdata)
    .data                                    0x20000000   Section        4  common.o(.data)
    .data                                    0x20000004   Section        1  uart_dma.o(.data)
    .data                                    0x20000006   Section       12  timer.o(.data)
    i                                        0x2000000a   Data           2  timer.o(.data)
    .data                                    0x20000012   Section        8  music.o(.data)
    .data                                    0x2000001c   Section       14  stop_watch.o(.data)
    .data                                    0x2000002c   Section       12  stm32f1xx_hal.o(.data)
    .data                                    0x20000038   Section        4  system_stm32f1xx.o(.data)
    .data                                    0x2000003c   Section       28  usbd_desc.o(.data)
    .data                                    0x20000058   Section       50  usbd_desc.o(.data)
    .data                                    0x2000008c   Section       16  usbd_cdc_if.o(.data)
    .data                                    0x2000009c   Section        1  usbd_ctlreq.o(.data)
    cfgidx                                   0x2000009c   Data           1  usbd_ctlreq.o(.data)
    .data                                    0x200000a0   Section      215  usbd_cdc.o(.data)
    USBD_CDC_DeviceQualifierDesc             0x200000a0   Data          10  usbd_cdc.o(.data)
    .data                                    0x20000178   Section       56  usbd_cdc.o(.data)
    .data                                    0x200001b0   Section        4  stdout.o(.data)
    .bss                                     0x200001b4   Section      216  tim.o(.bss)
    .bss                                     0x2000028c   Section      204  usart.o(.bss)
    .bss                                     0x20000358   Section     1800  uart_dma.o(.bss)
    .bss                                     0x20000a60   Section     1116  usb_uart.o(.bss)
    .bss                                     0x20000ebc   Section      708  usb_device.o(.bss)
    .bss                                     0x20001180   Section      512  usbd_desc.o(.bss)
    .bss                                     0x20001380   Section     1292  usbd_conf.o(.bss)
    mem                                      0x20001380   Data         544  usbd_conf.o(.bss)
    STACK                                    0x20001890   Section     2048  startup_stm32f103xb.o(STACK)

    Global Symbols

    Symbol Name                              Value     Ov Type        Size  Object(Section)

    BuildAttributes$$THM_ISAv4$P$D$K$B$S$PE$A:L22UL41UL21$X:L11$S22US41US21$IEEE1$IW$USESV6$~STKCKD$USESV7$~SHL$OSPACE$ROPI$EBA8$MICROLIB$REQ8$PRES8$EABIv2 0x00000000   Number         0  anon$$obj.o ABSOLUTE
    __ARM_use_no_argv                        0x00000000   Number         0  main.o ABSOLUTE
    _printf_a                                0x00000000   Number         0  stubs.o ABSOLUTE
    _printf_c                                0x00000000   Number         0  stubs.o ABSOLUTE
    _printf_charcount                        0x00000000   Number         0  stubs.o ABSOLUTE
    _printf_d                                0x00000000   Number         0  stubs.o ABSOLUTE
    _printf_e                                0x00000000   Number         0  stubs.o ABSOLUTE
    _printf_f                                0x00000000   Number         0  stubs.o ABSOLUTE
    _printf_flags                            0x00000000   Number         0  stubs.o ABSOLUTE
    _printf_fp_dec                           0x00000000   Number         0  stubs.o ABSOLUTE
    _printf_fp_hex                           0x00000000   Number         0  stubs.o ABSOLUTE
    _printf_g                                0x00000000   Number         0  stubs.o ABSOLUTE
    _printf_i                                0x00000000   Number         0  stubs.o ABSOLUTE
    _printf_int_dec                          0x00000000   Number         0  stubs.o ABSOLUTE
    _printf_l                                0x00000000   Number         0  stubs.o ABSOLUTE
    _printf_lc                               0x00000000   Number         0  stubs.o ABSOLUTE
    _printf_ll                               0x00000000   Number         0  stubs.o ABSOLUTE
    _printf_lld                              0x00000000   Number         0  stubs.o ABSOLUTE
    _printf_lli                              0x00000000   Number         0  stubs.o ABSOLUTE
    _printf_llo                              0x00000000   Number         0  stubs.o ABSOLUTE
    _printf_llu                              0x00000000   Number         0  stubs.o ABSOLUTE
    _printf_llx                              0x00000000   Number         0  stubs.o ABSOLUTE
    _printf_longlong_dec                     0x00000000   Number         0  stubs.o ABSOLUTE
    _printf_longlong_hex                     0x00000000   Number         0  stubs.o ABSOLUTE
    _printf_longlong_oct                     0x00000000   Number         0  stubs.o ABSOLUTE
    _printf_ls                               0x00000000   Number         0  stubs.o ABSOLUTE
    _printf_mbtowc                           0x00000000   Number         0  stubs.o ABSOLUTE
    _printf_n                                0x00000000   Number         0  stubs.o ABSOLUTE
    _printf_o                                0x00000000   Number         0  stubs.o ABSOLUTE
    _printf_p                                0x00000000   Number         0  stubs.o ABSOLUTE
    _printf_percent                          0x00000000   Number         0  stubs.o ABSOLUTE
    _printf_pre_padding                      0x00000000   Number         0  stubs.o ABSOLUTE
    _printf_return_value                     0x00000000   Number         0  stubs.o ABSOLUTE
    _printf_s                                0x00000000   Number         0  stubs.o ABSOLUTE
    _printf_sizespec                         0x00000000   Number         0  stubs.o ABSOLUTE
    _printf_str                              0x00000000   Number         0  stubs.o ABSOLUTE
    _printf_truncate_signed                  0x00000000   Number         0  stubs.o ABSOLUTE
    _printf_truncate_unsigned                0x00000000   Number         0  stubs.o ABSOLUTE
    _printf_u                                0x00000000   Number         0  stubs.o ABSOLUTE
    _printf_wc                               0x00000000   Number         0  stubs.o ABSOLUTE
    _printf_wctomb                           0x00000000   Number         0  stubs.o ABSOLUTE
    _printf_widthprec                        0x00000000   Number         0  stubs.o ABSOLUTE
    _printf_x                                0x00000000   Number         0  stubs.o ABSOLUTE
    __cpp_initialize__aeabi_                  - Undefined Weak Reference
    __cxa_finalize                            - Undefined Weak Reference
    _clock_init                               - Undefined Weak Reference
    _microlib_exit                            - Undefined Weak Reference
    _scanf_longlong                           - Undefined Weak Reference
    _scanf_real                               - Undefined Weak Reference
    _scanf_string                             - Undefined Weak Reference
    __Vectors_Size                           0x000000ec   Number         0  startup_stm32f103xb.o ABSOLUTE
    __Vectors                                0x08000000   Data           4  startup_stm32f103xb.o(RESET)
    __Vectors_End                            0x080000ec   Data           0  startup_stm32f103xb.o(RESET)
    __main                                   0x080000ed   Thumb Code     0  entry.o(.ARM.Collect$$$$00000000)
    _main_stk                                0x080000ed   Thumb Code     0  entry2.o(.ARM.Collect$$$$00000001)
    _main_scatterload                        0x080000f1   Thumb Code     0  entry5.o(.ARM.Collect$$$$00000004)
    __main_after_scatterload                 0x080000f5   Thumb Code     0  entry5.o(.ARM.Collect$$$$00000004)
    _main_clock                              0x080000f5   Thumb Code     0  entry7b.o(.ARM.Collect$$$$00000008)
    _main_cpp_init                           0x080000f5   Thumb Code     0  entry8b.o(.ARM.Collect$$$$0000000A)
    _main_init                               0x080000f5   Thumb Code     0  entry9a.o(.ARM.Collect$$$$0000000B)
    __rt_final_cpp                           0x080000fd   Thumb Code     0  entry10a.o(.ARM.Collect$$$$0000000D)
    __rt_final_exit                          0x080000fd   Thumb Code     0  entry11a.o(.ARM.Collect$$$$0000000F)
    Reset_Handler                            0x08000101   Thumb Code     8  startup_stm32f103xb.o(.text)
    ADC1_2_IRQHandler                        0x0800011b   Thumb Code     0  startup_stm32f103xb.o(.text)
    CAN1_RX1_IRQHandler                      0x0800011b   Thumb Code     0  startup_stm32f103xb.o(.text)
    CAN1_SCE_IRQHandler                      0x0800011b   Thumb Code     0  startup_stm32f103xb.o(.text)
    DMA1_Channel1_IRQHandler                 0x0800011b   Thumb Code     0  startup_stm32f103xb.o(.text)
    DMA1_Channel2_IRQHandler                 0x0800011b   Thumb Code     0  startup_stm32f103xb.o(.text)
    DMA1_Channel3_IRQHandler                 0x0800011b   Thumb Code     0  startup_stm32f103xb.o(.text)
    DMA1_Channel6_IRQHandler                 0x0800011b   Thumb Code     0  startup_stm32f103xb.o(.text)
    DMA1_Channel7_IRQHandler                 0x0800011b   Thumb Code     0  startup_stm32f103xb.o(.text)
    EXTI0_IRQHandler                         0x0800011b   Thumb Code     0  startup_stm32f103xb.o(.text)
    EXTI15_10_IRQHandler                     0x0800011b   Thumb Code     0  startup_stm32f103xb.o(.text)
    EXTI1_IRQHandler                         0x0800011b   Thumb Code     0  startup_stm32f103xb.o(.text)
    EXTI2_IRQHandler                         0x0800011b   Thumb Code     0  startup_stm32f103xb.o(.text)
    EXTI3_IRQHandler                         0x0800011b   Thumb Code     0  startup_stm32f103xb.o(.text)
    EXTI4_IRQHandler                         0x0800011b   Thumb Code     0  startup_stm32f103xb.o(.text)
    EXTI9_5_IRQHandler                       0x0800011b   Thumb Code     0  startup_stm32f103xb.o(.text)
    FLASH_IRQHandler                         0x0800011b   Thumb Code     0  startup_stm32f103xb.o(.text)
    I2C1_ER_IRQHandler                       0x0800011b   Thumb Code     0  startup_stm32f103xb.o(.text)
    I2C1_EV_IRQHandler                       0x0800011b   Thumb Code     0  startup_stm32f103xb.o(.text)
    I2C2_ER_IRQHandler                       0x0800011b   Thumb Code     0  startup_stm32f103xb.o(.text)
    I2C2_EV_IRQHandler                       0x0800011b   Thumb Code     0  startup_stm32f103xb.o(.text)
    PVD_IRQHandler                           0x0800011b   Thumb Code     0  startup_stm32f103xb.o(.text)
    RCC_IRQHandler                           0x0800011b   Thumb Code     0  startup_stm32f103xb.o(.text)
    RTC_Alarm_IRQHandler                     0x0800011b   Thumb Code     0  startup_stm32f103xb.o(.text)
    RTC_IRQHandler                           0x0800011b   Thumb Code     0  startup_stm32f103xb.o(.text)
    SPI1_IRQHandler                          0x0800011b   Thumb Code     0  startup_stm32f103xb.o(.text)
    SPI2_IRQHandler                          0x0800011b   Thumb Code     0  startup_stm32f103xb.o(.text)
    TAMPER_IRQHandler                        0x0800011b   Thumb Code     0  startup_stm32f103xb.o(.text)
    TIM1_BRK_IRQHandler                      0x0800011b   Thumb Code     0  startup_stm32f103xb.o(.text)
    TIM1_CC_IRQHandler                       0x0800011b   Thumb Code     0  startup_stm32f103xb.o(.text)
    TIM1_TRG_COM_IRQHandler                  0x0800011b   Thumb Code     0  startup_stm32f103xb.o(.text)
    TIM2_IRQHandler                          0x0800011b   Thumb Code     0  startup_stm32f103xb.o(.text)
    TIM4_IRQHandler                          0x0800011b   Thumb Code     0  startup_stm32f103xb.o(.text)
    USART2_IRQHandler                        0x0800011b   Thumb Code     0  startup_stm32f103xb.o(.text)
    USART3_IRQHandler                        0x0800011b   Thumb Code     0  startup_stm32f103xb.o(.text)
    USBWakeUp_IRQHandler                     0x0800011b   Thumb Code     0  startup_stm32f103xb.o(.text)
    USB_HP_CAN1_TX_IRQHandler                0x0800011b   Thumb Code     0  startup_stm32f103xb.o(.text)
    WWDG_IRQHandler                          0x0800011b   Thumb Code     0  startup_stm32f103xb.o(.text)
    __aeabi_memcpy                           0x08000125   Thumb Code    36  memcpya.o(.text)
    __aeabi_memcpy4                          0x08000125   Thumb Code     0  memcpya.o(.text)
    __aeabi_memcpy8                          0x08000125   Thumb Code     0  memcpya.o(.text)
    __aeabi_memset                           0x08000149   Thumb Code    14  memseta.o(.text)
    __aeabi_memset4                          0x08000149   Thumb Code     0  memseta.o(.text)
    __aeabi_memset8                          0x08000149   Thumb Code     0  memseta.o(.text)
    __aeabi_memclr                           0x08000157   Thumb Code     4  memseta.o(.text)
    __aeabi_memclr4                          0x08000157   Thumb Code     0  memseta.o(.text)
    __aeabi_memclr8                          0x08000157   Thumb Code     0  memseta.o(.text)
    _memset$wrapper                          0x0800015b   Thumb Code    18  memseta.o(.text)
    strncmp                                  0x0800016d   Thumb Code    30  strncmp.o(.text)
    __0sscanf                                0x0800018d   Thumb Code    48  __0sscanf.o(.text)
    _scanf_int                               0x080001c5   Thumb Code   332  _scanf_int.o(.text)
    __aeabi_uidiv                            0x08000311   Thumb Code     0  uidiv.o(.text)
    __aeabi_uidivmod                         0x08000311   Thumb Code    44  uidiv.o(.text)
    _chval                                   0x0800033d   Thumb Code    28  _chval.o(.text)
    __vfscanf_char                           0x08000365   Thumb Code    20  scanf_char.o(.text)
    _sgetc                                   0x08000381   Thumb Code    30  _sgetc.o(.text)
    _sbackspace                              0x0800039f   Thumb Code    34  _sgetc.o(.text)
    __scatterload                            0x080003c1   Thumb Code    28  init.o(.text)
    __scatterload_rt2                        0x080003c1   Thumb Code     0  init.o(.text)
    isspace                                  0x080003e5   Thumb Code    10  isspace_c.o(.text)
    __vfscanf                                0x080003f1   Thumb Code   808  _scanf.o(.text)
    __ctype_lookup                           0x0800071d   Thumb Code    34  ctype_c.o(.text)
    __decompress                             0x08000745   Thumb Code     0  __dczerorl2.o(.text)
    __decompress1                            0x08000745   Thumb Code    86  __dczerorl2.o(.text)
    BusFault_Handler                         0x0800079b   Thumb Code     2  stm32f1xx_it.o(i.BusFault_Handler)
    CheckUartRxData                          0x080007bd   Thumb Code   134  uart_dma.o(i.CheckUartRxData)
    CheckUartTxData                          0x08000861   Thumb Code   124  uart_dma.o(i.CheckUartTxData)
    DMA1_Channel4_IRQHandler                 0x080008f9   Thumb Code     6  stm32f1xx_it.o(i.DMA1_Channel4_IRQHandler)
    DMA1_Channel5_IRQHandler                 0x08000905   Thumb Code     6  stm32f1xx_it.o(i.DMA1_Channel5_IRQHandler)
    DebugMon_Handler                         0x0800093b   Thumb Code     2  stm32f1xx_it.o(i.DebugMon_Handler)
    Error_Handler                            0x0800093d   Thumb Code     4  main.o(i.Error_Handler)
    HAL_DMA_Abort                            0x08000941   Thumb Code    70  stm32f1xx_hal_dma.o(i.HAL_DMA_Abort)
    HAL_DMA_Abort_IT                         0x08000989   Thumb Code   148  stm32f1xx_hal_dma.o(i.HAL_DMA_Abort_IT)
    HAL_DMA_IRQHandler                       0x08000a21   Thumb Code   316  stm32f1xx_hal_dma.o(i.HAL_DMA_IRQHandler)
    HAL_DMA_Init                             0x08000b75   Thumb Code    84  stm32f1xx_hal_dma.o(i.HAL_DMA_Init)
    HAL_DMA_Start_IT                         0x08000bd1   Thumb Code   112  stm32f1xx_hal_dma.o(i.HAL_DMA_Start_IT)
    HAL_GPIO_Init                            0x08000c41   Thumb Code   446  stm32f1xx_hal_gpio.o(i.HAL_GPIO_Init)
    HAL_GPIO_WritePin                        0x08000e21   Thumb Code    10  stm32f1xx_hal_gpio.o(i.HAL_GPIO_WritePin)
    HAL_GetTick                              0x08000e2d   Thumb Code     6  stm32f1xx_hal.o(i.HAL_GetTick)
    HAL_IncTick                              0x08000e39   Thumb Code    12  stm32f1xx_hal.o(i.HAL_IncTick)
    HAL_Init                                 0x08000e49   Thumb Code    32  stm32f1xx_hal.o(i.HAL_Init)
    HAL_InitTick                             0x08000e6d   Thumb Code    54  stm32f1xx_hal.o(i.HAL_InitTick)
    HAL_MspInit                              0x08000ead   Thumb Code    52  stm32f1xx_hal_msp.o(i.HAL_MspInit)
    HAL_NVIC_EnableIRQ                       0x08000ee9   Thumb Code    26  stm32f1xx_hal_cortex.o(i.HAL_NVIC_EnableIRQ)
    HAL_NVIC_SetPriority                     0x08000f05   Thumb Code    60  stm32f1xx_hal_cortex.o(i.HAL_NVIC_SetPriority)
    HAL_NVIC_SetPriorityGrouping             0x08000f45   Thumb Code    26  stm32f1xx_hal_cortex.o(i.HAL_NVIC_SetPriorityGrouping)
    HAL_PCDEx_PMAConfig                      0x08000f69   Thumb Code    60  stm32f1xx_hal_pcd_ex.o(i.HAL_PCDEx_PMAConfig)
    HAL_PCDEx_SetConnectionState             0x08000fa5   Thumb Code     2  usbd_conf.o(i.HAL_PCDEx_SetConnectionState)
    HAL_PCD_DataInStageCallback              0x08000fa7   Thumb Code    18  usbd_conf.o(i.HAL_PCD_DataInStageCallback)
    HAL_PCD_DataOutStageCallback             0x08000fb9   Thumb Code    20  usbd_conf.o(i.HAL_PCD_DataOutStageCallback)
    HAL_PCD_EP_Close                         0x08000fcd   Thumb Code    76  stm32f1xx_hal_pcd.o(i.HAL_PCD_EP_Close)
    HAL_PCD_EP_ClrStall                      0x08001019   Thumb Code    92  stm32f1xx_hal_pcd.o(i.HAL_PCD_EP_ClrStall)
    HAL_PCD_EP_GetRxCount                    0x0800148b   Thumb Code    18  stm32f1xx_hal_pcd.o(i.HAL_PCD_EP_GetRxCount)
    HAL_PCD_EP_Open                          0x0800149d   Thumb Code    96  stm32f1xx_hal_pcd.o(i.HAL_PCD_EP_Open)
    HAL_PCD_EP_Receive                       0x080014fd   Thumb Code    50  stm32f1xx_hal_pcd.o(i.HAL_PCD_EP_Receive)
    HAL_PCD_EP_SetStall                      0x0800152f   Thumb Code   114  stm32f1xx_hal_pcd.o(i.HAL_PCD_EP_SetStall)
    HAL_PCD_EP_Transmit                      0x080015a1   Thumb Code    52  stm32f1xx_hal_pcd.o(i.HAL_PCD_EP_Transmit)
    HAL_PCD_IRQHandler                       0x080015d5   Thumb Code   340  stm32f1xx_hal_pcd.o(i.HAL_PCD_IRQHandler)
    HAL_PCD_Init                             0x08001729   Thumb Code   218  stm32f1xx_hal_pcd.o(i.HAL_PCD_Init)
    HAL_PCD_MspInit                          0x08001805   Thumb Code    50  usbd_conf.o(i.HAL_PCD_MspInit)
    HAL_PCD_ResetCallback                    0x08001841   Thumb Code    38  usbd_conf.o(i.HAL_PCD_ResetCallback)
    HAL_PCD_ResumeCallback                   0x08001867   Thumb Code     8  usbd_conf.o(i.HAL_PCD_ResumeCallback)
    HAL_PCD_SOFCallback                      0x0800186f   Thumb Code     8  usbd_conf.o(i.HAL_PCD_SOFCallback)
    HAL_PCD_SetAddress                       0x08001877   Thumb Code    40  stm32f1xx_hal_pcd.o(i.HAL_PCD_SetAddress)
    HAL_PCD_SetupStageCallback               0x0800189f   Thumb Code    14  usbd_conf.o(i.HAL_PCD_SetupStageCallback)
    HAL_PCD_Start                            0x080018ad   Thumb Code    50  stm32f1xx_hal_pcd.o(i.HAL_PCD_Start)
    HAL_PCD_SuspendCallback                  0x080018e1   Thumb Code    30  usbd_conf.o(i.HAL_PCD_SuspendCallback)
    HAL_RCCEx_PeriphCLKConfig                0x08001905   Thumb Code   224  stm32f1xx_hal_rcc_ex.o(i.HAL_RCCEx_PeriphCLKConfig)
    HAL_RCC_ClockConfig                      0x080019f1   Thumb Code   280  stm32f1xx_hal_rcc.o(i.HAL_RCC_ClockConfig)
    HAL_RCC_GetPCLK1Freq                     0x08001b1d   Thumb Code    20  stm32f1xx_hal_rcc.o(i.HAL_RCC_GetPCLK1Freq)
    HAL_RCC_GetPCLK2Freq                     0x08001b3d   Thumb Code    20  stm32f1xx_hal_rcc.o(i.HAL_RCC_GetPCLK2Freq)
    HAL_RCC_GetSysClockFreq                  0x08001b5d   Thumb Code    74  stm32f1xx_hal_rcc.o(i.HAL_RCC_GetSysClockFreq)
    HAL_RCC_OscConfig                        0x08001bc9   Thumb Code   778  stm32f1xx_hal_rcc.o(i.HAL_RCC_OscConfig)
    HAL_SYSTICK_Config                       0x08001ee9   Thumb Code    40  stm32f1xx_hal_cortex.o(i.HAL_SYSTICK_Config)
    HAL_TIMEx_BreakCallback                  0x08001f11   Thumb Code     2  stm32f1xx_hal_tim_ex.o(i.HAL_TIMEx_BreakCallback)
    HAL_TIMEx_CommutCallback                 0x08001f13   Thumb Code     2  stm32f1xx_hal_tim_ex.o(i.HAL_TIMEx_CommutCallback)
    HAL_TIMEx_MasterConfigSynchronization    0x08001f15   Thumb Code    92  stm32f1xx_hal_tim_ex.o(i.HAL_TIMEx_MasterConfigSynchronization)
    HAL_TIM_Base_Init                        0x08001f7d   Thumb Code    90  stm32f1xx_hal_tim.o(i.HAL_TIM_Base_Init)
    HAL_TIM_Base_MspInit                     0x08001fd9   Thumb Code   108  tim.o(i.HAL_TIM_Base_MspInit)
    HAL_TIM_Base_Start_IT                    0x08002051   Thumb Code    76  stm32f1xx_hal_tim.o(i.HAL_TIM_Base_Start_IT)
    HAL_TIM_ConfigClockSource                0x080020a9   Thumb Code   214  stm32f1xx_hal_tim.o(i.HAL_TIM_ConfigClockSource)
    HAL_TIM_IC_CaptureCallback               0x0800217f   Thumb Code     2  stm32f1xx_hal_tim.o(i.HAL_TIM_IC_CaptureCallback)
    HAL_TIM_IRQHandler                       0x08002181   Thumb Code   358  stm32f1xx_hal_tim.o(i.HAL_TIM_IRQHandler)
    HAL_TIM_MspPostInit                      0x080022e9   Thumb Code    62  tim.o(i.HAL_TIM_MspPostInit)
    HAL_TIM_OC_DelayElapsedCallback          0x08002331   Thumb Code     2  stm32f1xx_hal_tim.o(i.HAL_TIM_OC_DelayElapsedCallback)
    HAL_TIM_PWM_ConfigChannel                0x08002333   Thumb Code   198  stm32f1xx_hal_tim.o(i.HAL_TIM_PWM_ConfigChannel)
    HAL_TIM_PWM_Init                         0x080023f9   Thumb Code    90  stm32f1xx_hal_tim.o(i.HAL_TIM_PWM_Init)
    HAL_TIM_PWM_MspInit                      0x08002453   Thumb Code     2  stm32f1xx_hal_tim.o(i.HAL_TIM_PWM_MspInit)
    HAL_TIM_PWM_PulseFinishedCallback        0x08002455   Thumb Code     2  stm32f1xx_hal_tim.o(i.HAL_TIM_PWM_PulseFinishedCallback)
    HAL_TIM_PeriodElapsedCallback            0x08002459   Thumb Code    24  common.o(i.HAL_TIM_PeriodElapsedCallback)
    HAL_TIM_TriggerCallback                  0x08002481   Thumb Code     2  stm32f1xx_hal_tim.o(i.HAL_TIM_TriggerCallback)
    HAL_UARTEx_RxEventCallback               0x08002483   Thumb Code     2  stm32f1xx_hal_uart.o(i.HAL_UARTEx_RxEventCallback)
    HAL_UART_DMAStop                         0x08002485   Thumb Code    88  stm32f1xx_hal_uart.o(i.HAL_UART_DMAStop)
    HAL_UART_EndRxTransfer_IT                0x080024dd   Thumb Code    28  uart_dma.o(i.HAL_UART_EndRxTransfer_IT)
    HAL_UART_ErrorCallback                   0x080024f9   Thumb Code     2  uart_dma.o(i.HAL_UART_ErrorCallback)
    HAL_UART_IRQHandler                      0x080024fd   Thumb Code   520  stm32f1xx_hal_uart.o(i.HAL_UART_IRQHandler)
    HAL_UART_Init                            0x08002709   Thumb Code    98  stm32f1xx_hal_uart.o(i.HAL_UART_Init)
    HAL_UART_MspInit                         0x0800276d   Thumb Code   198  usart.o(i.HAL_UART_MspInit)
    HAL_UART_Receive_DMA                     0x08002849   Thumb Code    42  stm32f1xx_hal_uart.o(i.HAL_UART_Receive_DMA)
    HAL_UART_Receive_IT                      0x08002873   Thumb Code    42  stm32f1xx_hal_uart.o(i.HAL_UART_Receive_IT)
    HAL_UART_RxCpltCallback                  0x0800289d   Thumb Code   162  uart_dma.o(i.HAL_UART_RxCpltCallback)
    HAL_UART_RxHalfCpltCallback              0x08002955   Thumb Code     2  stm32f1xx_hal_uart.o(i.HAL_UART_RxHalfCpltCallback)
    HAL_UART_Transmit                        0x08002959   Thumb Code   178  stm32f1xx_hal_uart.o(i.HAL_UART_Transmit)
    HAL_UART_Transmit_DMA                    0x08002a0d   Thumb Code   114  stm32f1xx_hal_uart.o(i.HAL_UART_Transmit_DMA)
    HAL_UART_TxCpltCallback                  0x08002a8d   Thumb Code     2  stm32f1xx_hal_uart.o(i.HAL_UART_TxCpltCallback)
    HAL_UART_TxHalfCpltCallback              0x08002a8f   Thumb Code     2  stm32f1xx_hal_uart.o(i.HAL_UART_TxHalfCpltCallback)
    HardFault_Handler                        0x08002a91   Thumb Code     2  stm32f1xx_it.o(i.HardFault_Handler)
    MX_DMA_Init                              0x08002acd   Thumb Code    56  dma.o(i.MX_DMA_Init)
    MX_GPIO_Init                             0x08002b09   Thumb Code   208  gpio.o(i.MX_GPIO_Init)
    MX_TIM1_Init                             0x08002bed   Thumb Code    96  tim.o(i.MX_TIM1_Init)
    MX_TIM2_Init                             0x08002c55   Thumb Code   148  tim.o(i.MX_TIM2_Init)
    MX_TIM3_Init                             0x08002ced   Thumb Code    92  tim.o(i.MX_TIM3_Init)
    MX_USART1_UART_Init                      0x08002d51   Thumb Code    48  usart.o(i.MX_USART1_UART_Init)
    MX_USB_DEVICE_Init                       0x08002d89   Thumb Code    66  usb_device.o(i.MX_USB_DEVICE_Init)
    MemManage_Handler                        0x08002ddd   Thumb Code     2  stm32f1xx_it.o(i.MemManage_Handler)
    NMI_Handler                              0x08002ddf   Thumb Code     2  stm32f1xx_it.o(i.NMI_Handler)
    PendSV_Handler                           0x080030f5   Thumb Code     2  stm32f1xx_it.o(i.PendSV_Handler)
    RcvDataFromUSB                           0x080030f9   Thumb Code    82  usb_uart.o(i.RcvDataFromUSB)
    SVC_Handler                              0x08003155   Thumb Code     2  stm32f1xx_it.o(i.SVC_Handler)
    SetTime                                  0x08003159   Thumb Code    38  common.o(i.SetTime)
    StartAllUartDMAReceive                   0x0800319d   Thumb Code    40  uart_dma.o(i.StartAllUartDMAReceive)
    SysTick_Handler                          0x080031cd   Thumb Code     4  stm32f1xx_it.o(i.SysTick_Handler)
    SystemClock_Config                       0x080031d1   Thumb Code   118  main.o(i.SystemClock_Config)
    SystemInit                               0x08003247   Thumb Code     2  system_stm32f1xx.o(i.SystemInit)
    System_Init                              0x08003249   Thumb Code    22  common.o(i.System_Init)
    TIM1_UP_IRQHandler                       0x08003269   Thumb Code     6  stm32f1xx_it.o(i.TIM1_UP_IRQHandler)
    TIM3_IRQHandler                          0x08003275   Thumb Code     6  stm32f1xx_it.o(i.TIM3_IRQHandler)
    TIM_Base_SetConfig                       0x08003281   Thumb Code    94  stm32f1xx_hal_tim.o(i.TIM_Base_SetConfig)
    TIM_ETR_SetConfig                        0x080032ed   Thumb Code    20  stm32f1xx_hal_tim.o(i.TIM_ETR_SetConfig)
    TIM_OC2_SetConfig                        0x08003361   Thumb Code    84  stm32f1xx_hal_tim.o(i.TIM_OC2_SetConfig)
    UART_Start_Receive_DMA                   0x08003751   Thumb Code    98  stm32f1xx_hal_uart.o(i.UART_Start_Receive_DMA)
    UART_Start_Receive_IT                    0x080037c1   Thumb Code    54  stm32f1xx_hal_uart.o(i.UART_Start_Receive_IT)
    USART1_IRQHandler                        0x0800385d   Thumb Code    18  stm32f1xx_it.o(i.USART1_IRQHandler)
    USBD_CDC_GetDeviceQualifierDescriptor    0x08003951   Thumb Code     8  usbd_cdc.o(i.USBD_CDC_GetDeviceQualifierDescriptor)
    USBD_CDC_ReceivePacket                   0x08003a15   Thumb Code    40  usbd_cdc.o(i.USBD_CDC_ReceivePacket)
    USBD_CDC_RegisterInterface               0x08003a3d   Thumb Code    16  usbd_cdc.o(i.USBD_CDC_RegisterInterface)
    USBD_CDC_SetRxBuffer                     0x08003a4d   Thumb Code    12  usbd_cdc.o(i.USBD_CDC_SetRxBuffer)
    USBD_ClrClassConfig                      0x08003b05   Thumb Code    14  usbd_core.o(i.USBD_ClrClassConfig)
    USBD_CtlContinueRx                       0x08003b13   Thumb Code    16  usbd_ioreq.o(i.USBD_CtlContinueRx)
    USBD_CtlContinueSendData                 0x08003b23   Thumb Code    16  usbd_ioreq.o(i.USBD_CtlContinueSendData)
    USBD_CtlError                            0x08003b33   Thumb Code    22  usbd_ctlreq.o(i.USBD_CtlError)
    USBD_CtlPrepareRx                        0x08003b49   Thumb Code    30  usbd_ioreq.o(i.USBD_CtlPrepareRx)
    USBD_CtlReceiveStatus                    0x08003b67   Thumb Code    22  usbd_ioreq.o(i.USBD_CtlReceiveStatus)
    USBD_CtlSendData                         0x08003b7d   Thumb Code    26  usbd_ioreq.o(i.USBD_CtlSendData)
    USBD_CtlSendStatus                       0x08003b97   Thumb Code    22  usbd_ioreq.o(i.USBD_CtlSendStatus)
    USBD_FS_ConfigStrDescriptor              0x08003bad   Thumb Code    16  usbd_desc.o(i.USBD_FS_ConfigStrDescriptor)
    USBD_FS_DeviceDescriptor                 0x08003bcd   Thumb Code     8  usbd_desc.o(i.USBD_FS_DeviceDescriptor)
    USBD_FS_InterfaceStrDescriptor           0x08003bd9   Thumb Code    16  usbd_desc.o(i.USBD_FS_InterfaceStrDescriptor)
    USBD_FS_LangIDStrDescriptor              0x08003bfd   Thumb Code     8  usbd_desc.o(i.USBD_FS_LangIDStrDescriptor)
    USBD_FS_ManufacturerStrDescriptor        0x08003c09   Thumb Code    16  usbd_desc.o(i.USBD_FS_ManufacturerStrDescriptor)
    USBD_FS_ProductStrDescriptor             0x08003c31   Thumb Code    16  usbd_desc.o(i.USBD_FS_ProductStrDescriptor)
    USBD_FS_SerialStrDescriptor              0x08003c5d   Thumb Code    48  usbd_desc.o(i.USBD_FS_SerialStrDescriptor)
    USBD_GetString                           0x08003d7d   Thumb Code    72  usbd_ctlreq.o(i.USBD_GetString)
    USBD_Init                                0x08003ddd   Thumb Code    42  usbd_core.o(i.USBD_Init)
    USBD_LL_ClearStallEP                     0x08003e07   Thumb Code    18  usbd_conf.o(i.USBD_LL_ClearStallEP)
    USBD_LL_CloseEP                          0x08003e19   Thumb Code    18  usbd_conf.o(i.USBD_LL_CloseEP)
    USBD_LL_DataInStage                      0x08003e2b   Thumb Code   198  usbd_core.o(i.USBD_LL_DataInStage)
    USBD_LL_DataOutStage                     0x08003ef1   Thumb Code   130  usbd_core.o(i.USBD_LL_DataOutStage)
    USBD_LL_GetRxDataSize                    0x08003f73   Thumb Code     8  usbd_conf.o(i.USBD_LL_GetRxDataSize)
    USBD_LL_Init                             0x08003f7d   Thumb Code   118  usbd_conf.o(i.USBD_LL_Init)
    USBD_LL_IsStallEP                        0x08003ffd   Thumb Code    32  usbd_conf.o(i.USBD_LL_IsStallEP)
    USBD_LL_OpenEP                           0x0800401d   Thumb Code    24  usbd_conf.o(i.USBD_LL_OpenEP)
    USBD_LL_PrepareReceive                   0x08004035   Thumb Code    18  usbd_conf.o(i.USBD_LL_PrepareReceive)
    USBD_LL_Reset                            0x08004047   Thumb Code    80  usbd_core.o(i.USBD_LL_Reset)
    USBD_LL_Resume                           0x08004097   Thumb Code    20  usbd_core.o(i.USBD_LL_Resume)
    USBD_LL_SOF                              0x080040ab   Thumb Code    24  usbd_core.o(i.USBD_LL_SOF)
    USBD_LL_SetSpeed                         0x080040c3   Thumb Code     6  usbd_core.o(i.USBD_LL_SetSpeed)
    USBD_LL_SetUSBAddress                    0x080040c9   Thumb Code    18  usbd_conf.o(i.USBD_LL_SetUSBAddress)
    USBD_LL_SetupStage                       0x080040db   Thumb Code    90  usbd_core.o(i.USBD_LL_SetupStage)
    USBD_LL_StallEP                          0x08004135   Thumb Code    18  usbd_conf.o(i.USBD_LL_StallEP)
    USBD_LL_Start                            0x08004147   Thumb Code    18  usbd_conf.o(i.USBD_LL_Start)
    USBD_LL_Suspend                          0x08004159   Thumb Code    18  usbd_core.o(i.USBD_LL_Suspend)
    USBD_LL_Transmit                         0x0800416b   Thumb Code    18  usbd_conf.o(i.USBD_LL_Transmit)
    USBD_ParseSetupRequest                   0x0800417d   Thumb Code    40  usbd_ctlreq.o(i.USBD_ParseSetupRequest)
    USBD_RegisterClass                       0x080041a5   Thumb Code    16  usbd_core.o(i.USBD_RegisterClass)
    USBD_SetClassConfig                      0x080041b5   Thumb Code    22  usbd_core.o(i.USBD_SetClassConfig)
    USBD_Start                               0x08004251   Thumb Code    10  usbd_core.o(i.USBD_Start)
    USBD_StdDevReq                           0x0800425b   Thumb Code   274  usbd_ctlreq.o(i.USBD_StdDevReq)
    USBD_StdEPReq                            0x0800436d   Thumb Code   336  usbd_ctlreq.o(i.USBD_StdEPReq)
    USBD_StdItfReq                           0x080044bd   Thumb Code    78  usbd_ctlreq.o(i.USBD_StdItfReq)
    USBD_static_free                         0x0800450b   Thumb Code     2  usbd_conf.o(i.USBD_static_free)
    USBD_static_malloc                       0x0800450d   Thumb Code     4  usbd_conf.o(i.USBD_static_malloc)
    USB_ActivateEndpoint                     0x08004515   Thumb Code   600  stm32f1xx_ll_usb.o(i.USB_ActivateEndpoint)
    USB_CoreInit                             0x0800476d   Thumb Code     4  stm32f1xx_ll_usb.o(i.USB_CoreInit)
    USB_DeactivateEndpoint                   0x08004771   Thumb Code   270  stm32f1xx_ll_usb.o(i.USB_DeactivateEndpoint)
    USB_DevConnect                           0x0800487f   Thumb Code     4  stm32f1xx_ll_usb.o(i.USB_DevConnect)
    USB_DevDisconnect                        0x08004883   Thumb Code     4  stm32f1xx_ll_usb.o(i.USB_DevDisconnect)
    USB_DevInit                              0x08004887   Thumb Code    18  stm32f1xx_ll_usb.o(i.USB_DevInit)
    USB_DisableGlobalInt                     0x08004899   Thumb Code    14  stm32f1xx_ll_usb.o(i.USB_DisableGlobalInt)
    USB_EP0_OutStart                         0x080048a7   Thumb Code     4  stm32f1xx_ll_usb.o(i.USB_EP0_OutStart)
    USB_EPClearStall                         0x080048ab   Thumb Code   120  stm32f1xx_ll_usb.o(i.USB_EPClearStall)
    USB_EPSetStall                           0x08004923   Thumb Code    50  stm32f1xx_ll_usb.o(i.USB_EPSetStall)
    USB_EPStartXfer                          0x08004955   Thumb Code  1548  stm32f1xx_ll_usb.o(i.USB_EPStartXfer)
    USB_EnableGlobalInt                      0x08004f61   Thumb Code    18  stm32f1xx_ll_usb.o(i.USB_EnableGlobalInt)
    USB_LP_CAN1_RX0_IRQHandler               0x08004f75   Thumb Code     6  stm32f1xx_it.o(i.USB_LP_CAN1_RX0_IRQHandler)
    USB_ReadInterrupts                       0x08004f81   Thumb Code     6  stm32f1xx_ll_usb.o(i.USB_ReadInterrupts)
    USB_ReadPMA                              0x08004f89   Thumb Code    44  stm32f1xx_ll_usb.o(i.USB_ReadPMA)
    USB_SetCurrentMode                       0x08004fb5   Thumb Code     4  stm32f1xx_ll_usb.o(i.USB_SetCurrentMode)
    USB_SetDevAddress                        0x08004fb9   Thumb Code    12  stm32f1xx_ll_usb.o(i.USB_SetDevAddress)
    USB_WritePMA                             0x08004fc5   Thumb Code    38  stm32f1xx_ll_usb.o(i.USB_WritePMA)
    Uart1_RxDataCallback                     0x08004fed   Thumb Code   112  common.o(i.Uart1_RxDataCallback)
    Uart_DMA_Init                            0x0800508d   Thumb Code   134  uart_dma.o(i.Uart_DMA_Init)
    Uart_RxIDLE_Handler                      0x08005119   Thumb Code   248  uart_dma.o(i.Uart_RxIDLE_Handler)
    UsageFault_Handler                       0x08005219   Thumb Code     2  stm32f1xx_it.o(i.UsageFault_Handler)
    Usb2UartInit                             0x0800521d   Thumb Code    46  usb_uart.o(i.Usb2UartInit)
    UserTasks                                0x08005255   Thumb Code    22  common.o(i.UserTasks)
    __0printf$1                              0x0800526d   Thumb Code    22  printf1.o(i.__0printf$1)
    __1printf$1                              0x0800526d   Thumb Code     0  printf1.o(i.__0printf$1)
    __2printf                                0x0800526d   Thumb Code     0  printf1.o(i.__0printf$1)
    __scatterload_copy                       0x080052ad   Thumb Code    14  handlers.o(i.__scatterload_copy)
    __scatterload_null                       0x080052bb   Thumb Code     2  handlers.o(i.__scatterload_null)
    __scatterload_zeroinit                   0x080052bd   Thumb Code    14  handlers.o(i.__scatterload_zeroinit)
    fputc                                    0x08005421   Thumb Code    20  common.o(i.fputc)
    main                                     0x08005439   Thumb Code    46  main.o(i.main)
    seg7_enable                              0x08005469   Thumb Code   100  stop_watch.o(i.seg7_enable)
    seg7_show                                0x080054d5   Thumb Code   100  stop_watch.o(i.seg7_show)
    timer_process                            0x08005541   Thumb Code   164  timer.o(i.timer_process)
    timer_show                               0x08005609   Thumb Code    56  timer.o(i.timer_show)
    g_uart_port_map                          0x0800564c   Data         192  uart_dma.o(.constdata)
    g_seg7_coder                             0x0800570c   Data          11  stop_watch.o(.constdata)
    g_seg7_weight                            0x08005718   Data          24  stop_watch.o(.constdata)
    g_seg7_enable                            0x08005730   Data          24  stop_watch.o(.constdata)
    AHBPrescTable                            0x08005748   Data          16  system_stm32f1xx.o(.constdata)
    APBPrescTable                            0x08005758   Data           8  system_stm32f1xx.o(.constdata)
    __ctype_categories                       0x08005760   Data          64  ctype_c.o(.constdata)
    Region$$Table$$Base                      0x080057a0   Number         0  anon$$obj.o(Region$$Table)
    Region$$Table$$Limit                     0x080057c0   Number         0  anon$$obj.o(Region$$Table)
    g_user_uart                              0x20000000   Data           4  common.o(.data)
    g_active_uart_num                        0x20000004   Data           1  uart_dma.o(.data)
    hours                                    0x20000006   Data           1  timer.o(.data)
    minutes                                  0x20000007   Data           1  timer.o(.data)
    seconds                                  0x20000008   Data           1  timer.o(.data)
    g_timer_showbuf                          0x2000000c   Data           6  timer.o(.data)
    g_music_enable                           0x20000012   Data           1  music.o(.data)
    g_music_running                          0x20000013   Data           1  music.o(.data)
    g_music_flag                             0x20000014   Data           1  music.o(.data)
    g_music_timer_set                        0x20000016   Data           2  music.o(.data)
    g_music_index                            0x20000018   Data           2  music.o(.data)
    g_stopwatch_flag                         0x2000001c   Data           1  stop_watch.o(.data)
    g_stopwatch_counter                      0x20000020   Data           4  stop_watch.o(.data)
    g_stopwatch_showbuf                      0x20000024   Data           6  stop_watch.o(.data)
    uwTickFreq                               0x2000002c   Data           1  stm32f1xx_hal.o(.data)
    uwTickPrio                               0x20000030   Data           4  stm32f1xx_hal.o(.data)
    uwTick                                   0x20000034   Data           4  stm32f1xx_hal.o(.data)
    SystemCoreClock                          0x20000038   Data           4  system_stm32f1xx.o(.data)
    FS_Desc                                  0x2000003c   Data          28  usbd_desc.o(.data)
    USBD_LangIDDesc                          0x20000058   Data           4  usbd_desc.o(.data)
    USBD_FS_DeviceDesc                       0x2000005c   Data          18  usbd_desc.o(.data)
    USBD_StringSerial                        0x20000070   Data          26  usbd_desc.o(.data)
    USBD_Interface_fops_FS                   0x2000008c   Data          16  usbd_cdc_if.o(.data)
    USBD_CDC_CfgHSDesc                       0x200000ac   Data          67  usbd_cdc.o(.data)
    USBD_CDC_CfgFSDesc                       0x200000f0   Data          67  usbd_cdc.o(.data)
    USBD_CDC_OtherSpeedCfgDesc               0x20000134   Data          67  usbd_cdc.o(.data)
    USBD_CDC                                 0x20000178   Data          56  usbd_cdc.o(.data)
    __stdout                                 0x200001b0   Data           4  stdout.o(.data)
    htim1                                    0x200001b4   Data          72  tim.o(.bss)
    htim2                                    0x200001fc   Data          72  tim.o(.bss)
    htim3                                    0x20000244   Data          72  tim.o(.bss)
    huart1                                   0x2000028c   Data          68  usart.o(.bss)
    hdma_usart1_rx                           0x200002d0   Data          68  usart.o(.bss)
    hdma_usart1_tx                           0x20000314   Data          68  usart.o(.bss)
    g_uart_dma                               0x20000358   Data        1800  uart_dma.o(.bss)
    g_usb_buf                                0x20000a60   Data        1116  usb_uart.o(.bss)
    hUsbDeviceFS                             0x20000ebc   Data         708  usb_device.o(.bss)
    USBD_StrDesc                             0x20001180   Data         512  usbd_desc.o(.bss)
    hpcd_USB_FS                              0x200015a0   Data         748  usbd_conf.o(.bss)
    __initial_sp                             0x20002090   Data           0  startup_stm32f103xb.o(STACK)



==============================================================================

Memory Map of the image

  Image Entry point : 0x080000ed

  Load Region LR_IROM1 (Base: 0x08000000, Size: 0x00005974, Max: 0x00020000, ABSOLUTE, COMPRESSED[0x00005884])

    Execution Region ER_IROM1 (Exec base: 0x08000000, Load base: 0x08000000, Size: 0x000057c0, Max: 0x00020000, ABSOLUTE)

    Exec Addr    Load Addr    Size         Type   Attr      Idx    E Section Name        Object

    0x08000000   0x08000000   0x000000ec   Data   RO            3    RESET               startup_stm32f103xb.o
    0x080000ec   0x080000ec   0x00000000   Code   RO         4427  * .ARM.Collect$$$$00000000  mc_w.l(entry.o)
    0x080000ec   0x080000ec   0x00000004   Code   RO         4711    .ARM.Collect$$$$00000001  mc_w.l(entry2.o)
    0x080000f0   0x080000f0   0x00000004   Code   RO         4714    .ARM.Collect$$$$00000004  mc_w.l(entry5.o)
    0x080000f4   0x080000f4   0x00000000   Code   RO         4716    .ARM.Collect$$$$00000008  mc_w.l(entry7b.o)
    0x080000f4   0x080000f4   0x00000000   Code   RO         4718    .ARM.Collect$$$$0000000A  mc_w.l(entry8b.o)
    0x080000f4   0x080000f4   0x00000008   Code   RO         4719    .ARM.Collect$$$$0000000B  mc_w.l(entry9a.o)
    0x080000fc   0x080000fc   0x00000000   Code   RO         4721    .ARM.Collect$$$$0000000D  mc_w.l(entry10a.o)
    0x080000fc   0x080000fc   0x00000000   Code   RO         4723    .ARM.Collect$$$$0000000F  mc_w.l(entry11a.o)
    0x080000fc   0x080000fc   0x00000004   Code   RO         4712    .ARM.Collect$$$$00002712  mc_w.l(entry2.o)
    0x08000100   0x08000100   0x00000024   Code   RO            4    .text               startup_stm32f103xb.o
    0x08000124   0x08000124   0x00000024   Code   RO         4432    .text               mc_w.l(memcpya.o)
    0x08000148   0x08000148   0x00000024   Code   RO         4434    .text               mc_w.l(memseta.o)
    0x0800016c   0x0800016c   0x0000001e   Code   RO         4436    .text               mc_w.l(strncmp.o)
    0x0800018a   0x0800018a   0x00000002   PAD
    0x0800018c   0x0800018c   0x00000038   Code   RO         4701    .text               mc_w.l(__0sscanf.o)
    0x080001c4   0x080001c4   0x0000014c   Code   RO         4703    .text               mc_w.l(_scanf_int.o)
    0x08000310   0x08000310   0x0000002c   Code   RO         4726    .text               mc_w.l(uidiv.o)
    0x0800033c   0x0800033c   0x0000001c   Code   RO         4730    .text               mc_w.l(_chval.o)
    0x08000358   0x08000358   0x00000028   Code   RO         4732    .text               mc_w.l(scanf_char.o)
    0x08000380   0x08000380   0x00000040   Code   RO         4734    .text               mc_w.l(_sgetc.o)
    0x080003c0   0x080003c0   0x00000024   Code   RO         4747    .text               mc_w.l(init.o)
    0x080003e4   0x080003e4   0x0000000a   Code   RO         4753    .text               mc_w.l(isspace_c.o)
    0x080003ee   0x080003ee   0x00000002   PAD
    0x080003f0   0x080003f0   0x0000032c   Code   RO         4755    .text               mc_w.l(_scanf.o)
    0x0800071c   0x0800071c   0x00000028   Code   RO         4757    .text               mc_w.l(ctype_c.o)
    0x08000744   0x08000744   0x00000056   Code   RO         4768    .text               mc_w.l(__dczerorl2.o)
    0x0800079a   0x0800079a   0x00000002   Code   RO          332    i.BusFault_Handler  stm32f1xx_it.o
    0x0800079c   0x0800079c   0x00000004   Code   RO         3796    i.CDC_Control_FS    usbd_cdc_if.o
    0x080007a0   0x080007a0   0x00000004   Code   RO         3797    i.CDC_DeInit_FS     usbd_cdc_if.o
    0x080007a4   0x080007a4   0x0000000a   Code   RO         3798    i.CDC_Init_FS       usbd_cdc_if.o
    0x080007ae   0x080007ae   0x0000000c   Code   RO         3799    i.CDC_Receive_FS    usbd_cdc_if.o
    0x080007ba   0x080007ba   0x00000002   PAD
    0x080007bc   0x080007bc   0x000000a4   Code   RO          587    i.CheckUartRxData   uart_dma.o
    0x08000860   0x08000860   0x00000098   Code   RO          588    i.CheckUartTxData   uart_dma.o
    0x080008f8   0x080008f8   0x0000000c   Code   RO          333    i.DMA1_Channel4_IRQHandler  stm32f1xx_it.o
    0x08000904   0x08000904   0x0000000c   Code   RO          334    i.DMA1_Channel5_IRQHandler  stm32f1xx_it.o
    0x08000910   0x08000910   0x0000002a   Code   RO         1727    i.DMA_SetConfig     stm32f1xx_hal_dma.o
    0x0800093a   0x0800093a   0x00000002   Code   RO          335    i.DebugMon_Handler  stm32f1xx_it.o
    0x0800093c   0x0800093c   0x00000004   Code   RO           13    i.Error_Handler     main.o
    0x08000940   0x08000940   0x00000046   Code   RO         1728    i.HAL_DMA_Abort     stm32f1xx_hal_dma.o
    0x08000986   0x08000986   0x00000002   PAD
    0x08000988   0x08000988   0x00000098   Code   RO         1729    i.HAL_DMA_Abort_IT  stm32f1xx_hal_dma.o
    0x08000a20   0x08000a20   0x00000154   Code   RO         1733    i.HAL_DMA_IRQHandler  stm32f1xx_hal_dma.o
    0x08000b74   0x08000b74   0x0000005c   Code   RO         1734    i.HAL_DMA_Init      stm32f1xx_hal_dma.o
    0x08000bd0   0x08000bd0   0x00000070   Code   RO         1738    i.HAL_DMA_Start_IT  stm32f1xx_hal_dma.o
    0x08000c40   0x08000c40   0x000001e0   Code   RO         1664    i.HAL_GPIO_Init     stm32f1xx_hal_gpio.o
    0x08000e20   0x08000e20   0x0000000a   Code   RO         1668    i.HAL_GPIO_WritePin  stm32f1xx_hal_gpio.o
    0x08000e2a   0x08000e2a   0x00000002   PAD
    0x08000e2c   0x08000e2c   0x0000000c   Code   RO         1360    i.HAL_GetTick       stm32f1xx_hal.o
    0x08000e38   0x08000e38   0x00000010   Code   RO         1366    i.HAL_IncTick       stm32f1xx_hal.o
    0x08000e48   0x08000e48   0x00000024   Code   RO         1367    i.HAL_Init          stm32f1xx_hal.o
    0x08000e6c   0x08000e6c   0x00000040   Code   RO         1368    i.HAL_InitTick      stm32f1xx_hal.o
    0x08000eac   0x08000eac   0x0000003c   Code   RO          447    i.HAL_MspInit       stm32f1xx_hal_msp.o
    0x08000ee8   0x08000ee8   0x0000001a   Code   RO         1824    i.HAL_NVIC_EnableIRQ  stm32f1xx_hal_cortex.o
    0x08000f02   0x08000f02   0x00000002   PAD
    0x08000f04   0x08000f04   0x00000040   Code   RO         1830    i.HAL_NVIC_SetPriority  stm32f1xx_hal_cortex.o
    0x08000f44   0x08000f44   0x00000024   Code   RO         1831    i.HAL_NVIC_SetPriorityGrouping  stm32f1xx_hal_cortex.o
    0x08000f68   0x08000f68   0x0000003c   Code   RO         1129    i.HAL_PCDEx_PMAConfig  stm32f1xx_hal_pcd_ex.o
    0x08000fa4   0x08000fa4   0x00000002   Code   RO         3849    i.HAL_PCDEx_SetConnectionState  usbd_conf.o
    0x08000fa6   0x08000fa6   0x00000012   Code   RO         3851    i.HAL_PCD_DataInStageCallback  usbd_conf.o
    0x08000fb8   0x08000fb8   0x00000014   Code   RO         3852    i.HAL_PCD_DataOutStageCallback  usbd_conf.o
    0x08000fcc   0x08000fcc   0x0000004c   Code   RO          905    i.HAL_PCD_EP_Close  stm32f1xx_hal_pcd.o
    0x08001018   0x08001018   0x0000005c   Code   RO          906    i.HAL_PCD_EP_ClrStall  stm32f1xx_hal_pcd.o
    0x08001074   0x08001074   0x000000e6   Code   RO          907    i.HAL_PCD_EP_DB_Receive  stm32f1xx_hal_pcd.o
    0x0800115a   0x0800115a   0x00000330   Code   RO          908    i.HAL_PCD_EP_DB_Transmit  stm32f1xx_hal_pcd.o
    0x0800148a   0x0800148a   0x00000012   Code   RO          910    i.HAL_PCD_EP_GetRxCount  stm32f1xx_hal_pcd.o
    0x0800149c   0x0800149c   0x00000060   Code   RO          911    i.HAL_PCD_EP_Open   stm32f1xx_hal_pcd.o
    0x080014fc   0x080014fc   0x00000032   Code   RO          912    i.HAL_PCD_EP_Receive  stm32f1xx_hal_pcd.o
    0x0800152e   0x0800152e   0x00000072   Code   RO          913    i.HAL_PCD_EP_SetStall  stm32f1xx_hal_pcd.o
    0x080015a0   0x080015a0   0x00000034   Code   RO          914    i.HAL_PCD_EP_Transmit  stm32f1xx_hal_pcd.o
    0x080015d4   0x080015d4   0x00000154   Code   RO          916    i.HAL_PCD_IRQHandler  stm32f1xx_hal_pcd.o
    0x08001728   0x08001728   0x000000da   Code   RO          919    i.HAL_PCD_Init      stm32f1xx_hal_pcd.o
    0x08001802   0x08001802   0x00000002   PAD
    0x08001804   0x08001804   0x0000003c   Code   RO         3857    i.HAL_PCD_MspInit   usbd_conf.o
    0x08001840   0x08001840   0x00000026   Code   RO         3858    i.HAL_PCD_ResetCallback  usbd_conf.o
    0x08001866   0x08001866   0x00000008   Code   RO         3859    i.HAL_PCD_ResumeCallback  usbd_conf.o
    0x0800186e   0x0800186e   0x00000008   Code   RO         3860    i.HAL_PCD_SOFCallback  usbd_conf.o
    0x08001876   0x08001876   0x00000028   Code   RO          925    i.HAL_PCD_SetAddress  stm32f1xx_hal_pcd.o
    0x0800189e   0x0800189e   0x0000000e   Code   RO         3861    i.HAL_PCD_SetupStageCallback  usbd_conf.o
    0x080018ac   0x080018ac   0x00000032   Code   RO          927    i.HAL_PCD_Start     stm32f1xx_hal_pcd.o
    0x080018de   0x080018de   0x00000002   PAD
    0x080018e0   0x080018e0   0x00000024   Code   RO         3862    i.HAL_PCD_SuspendCallback  usbd_conf.o
    0x08001904   0x08001904   0x000000ec   Code   RO         1627    i.HAL_RCCEx_PeriphCLKConfig  stm32f1xx_hal_rcc_ex.o
    0x080019f0   0x080019f0   0x0000012c   Code   RO         1524    i.HAL_RCC_ClockConfig  stm32f1xx_hal_rcc.o
    0x08001b1c   0x08001b1c   0x00000020   Code   RO         1531    i.HAL_RCC_GetPCLK1Freq  stm32f1xx_hal_rcc.o
    0x08001b3c   0x08001b3c   0x00000020   Code   RO         1532    i.HAL_RCC_GetPCLK2Freq  stm32f1xx_hal_rcc.o
    0x08001b5c   0x08001b5c   0x0000006c   Code   RO         1533    i.HAL_RCC_GetSysClockFreq  stm32f1xx_hal_rcc.o
    0x08001bc8   0x08001bc8   0x00000320   Code   RO         1536    i.HAL_RCC_OscConfig  stm32f1xx_hal_rcc.o
    0x08001ee8   0x08001ee8   0x00000028   Code   RO         1835    i.HAL_SYSTICK_Config  stm32f1xx_hal_cortex.o
    0x08001f10   0x08001f10   0x00000002   Code   RO         3030    i.HAL_TIMEx_BreakCallback  stm32f1xx_hal_tim_ex.o
    0x08001f12   0x08001f12   0x00000002   Code   RO         3031    i.HAL_TIMEx_CommutCallback  stm32f1xx_hal_tim_ex.o
    0x08001f14   0x08001f14   0x00000068   Code   RO         3049    i.HAL_TIMEx_MasterConfigSynchronization  stm32f1xx_hal_tim_ex.o
    0x08001f7c   0x08001f7c   0x0000005a   Code   RO         2326    i.HAL_TIM_Base_Init  stm32f1xx_hal_tim.o
    0x08001fd6   0x08001fd6   0x00000002   PAD
    0x08001fd8   0x08001fd8   0x00000078   Code   RO          231    i.HAL_TIM_Base_MspInit  tim.o
    0x08002050   0x08002050   0x00000058   Code   RO         2331    i.HAL_TIM_Base_Start_IT  stm32f1xx_hal_tim.o
    0x080020a8   0x080020a8   0x000000d6   Code   RO         2335    i.HAL_TIM_ConfigClockSource  stm32f1xx_hal_tim.o
    0x0800217e   0x0800217e   0x00000002   Code   RO         2360    i.HAL_TIM_IC_CaptureCallback  stm32f1xx_hal_tim.o
    0x08002180   0x08002180   0x00000166   Code   RO         2374    i.HAL_TIM_IRQHandler  stm32f1xx_hal_tim.o
    0x080022e6   0x080022e6   0x00000002   PAD
    0x080022e8   0x080022e8   0x00000048   Code   RO          232    i.HAL_TIM_MspPostInit  tim.o
    0x08002330   0x08002330   0x00000002   Code   RO         2377    i.HAL_TIM_OC_DelayElapsedCallback  stm32f1xx_hal_tim.o
    0x08002332   0x08002332   0x000000c6   Code   RO         2398    i.HAL_TIM_PWM_ConfigChannel  stm32f1xx_hal_tim.o
    0x080023f8   0x080023f8   0x0000005a   Code   RO         2401    i.HAL_TIM_PWM_Init  stm32f1xx_hal_tim.o
    0x08002452   0x08002452   0x00000002   Code   RO         2403    i.HAL_TIM_PWM_MspInit  stm32f1xx_hal_tim.o
    0x08002454   0x08002454   0x00000002   Code   RO         2404    i.HAL_TIM_PWM_PulseFinishedCallback  stm32f1xx_hal_tim.o
    0x08002456   0x08002456   0x00000002   PAD
    0x08002458   0x08002458   0x00000028   Code   RO          472    i.HAL_TIM_PeriodElapsedCallback  common.o
    0x08002480   0x08002480   0x00000002   Code   RO         2417    i.HAL_TIM_TriggerCallback  stm32f1xx_hal_tim.o
    0x08002482   0x08002482   0x00000002   Code   RO         3308    i.HAL_UARTEx_RxEventCallback  stm32f1xx_hal_uart.o
    0x08002484   0x08002484   0x00000058   Code   RO         3320    i.HAL_UART_DMAStop  stm32f1xx_hal_uart.o
    0x080024dc   0x080024dc   0x0000001c   Code   RO          589    i.HAL_UART_EndRxTransfer_IT  uart_dma.o
    0x080024f8   0x080024f8   0x00000002   Code   RO          590    i.HAL_UART_ErrorCallback  uart_dma.o
    0x080024fa   0x080024fa   0x00000002   PAD
    0x080024fc   0x080024fc   0x0000020c   Code   RO         3325    i.HAL_UART_IRQHandler  stm32f1xx_hal_uart.o
    0x08002708   0x08002708   0x00000062   Code   RO         3326    i.HAL_UART_Init     stm32f1xx_hal_uart.o
    0x0800276a   0x0800276a   0x00000002   PAD
    0x0800276c   0x0800276c   0x000000dc   Code   RO          291    i.HAL_UART_MspInit  usart.o
    0x08002848   0x08002848   0x0000002a   Code   RO         3330    i.HAL_UART_Receive_DMA  stm32f1xx_hal_uart.o
    0x08002872   0x08002872   0x0000002a   Code   RO         3331    i.HAL_UART_Receive_IT  stm32f1xx_hal_uart.o
    0x0800289c   0x0800289c   0x000000b8   Code   RO          591    i.HAL_UART_RxCpltCallback  uart_dma.o
    0x08002954   0x08002954   0x00000002   Code   RO         3333    i.HAL_UART_RxHalfCpltCallback  stm32f1xx_hal_uart.o
    0x08002956   0x08002956   0x00000002   PAD
    0x08002958   0x08002958   0x000000b2   Code   RO         3334    i.HAL_UART_Transmit  stm32f1xx_hal_uart.o
    0x08002a0a   0x08002a0a   0x00000002   PAD
    0x08002a0c   0x08002a0c   0x00000080   Code   RO         3335    i.HAL_UART_Transmit_DMA  stm32f1xx_hal_uart.o
    0x08002a8c   0x08002a8c   0x00000002   Code   RO         3337    i.HAL_UART_TxCpltCallback  stm32f1xx_hal_uart.o
    0x08002a8e   0x08002a8e   0x00000002   Code   RO         3338    i.HAL_UART_TxHalfCpltCallback  stm32f1xx_hal_uart.o
    0x08002a90   0x08002a90   0x00000002   Code   RO          336    i.HardFault_Handler  stm32f1xx_it.o
    0x08002a92   0x08002a92   0x00000002   PAD
    0x08002a94   0x08002a94   0x00000038   Code   RO         3723    i.IntToUnicode      usbd_desc.o
    0x08002acc   0x08002acc   0x0000003c   Code   RO          206    i.MX_DMA_Init       dma.o
    0x08002b08   0x08002b08   0x000000e4   Code   RO          182    i.MX_GPIO_Init      gpio.o
    0x08002bec   0x08002bec   0x00000068   Code   RO          233    i.MX_TIM1_Init      tim.o
    0x08002c54   0x08002c54   0x00000098   Code   RO          234    i.MX_TIM2_Init      tim.o
    0x08002cec   0x08002cec   0x00000064   Code   RO          235    i.MX_TIM3_Init      tim.o
    0x08002d50   0x08002d50   0x00000038   Code   RO          292    i.MX_USART1_UART_Init  usart.o
    0x08002d88   0x08002d88   0x00000054   Code   RO         3692    i.MX_USB_DEVICE_Init  usb_device.o
    0x08002ddc   0x08002ddc   0x00000002   Code   RO          337    i.MemManage_Handler  stm32f1xx_it.o
    0x08002dde   0x08002dde   0x00000002   Code   RO          338    i.NMI_Handler       stm32f1xx_it.o
    0x08002de0   0x08002de0   0x00000314   Code   RO          931    i.PCD_EP_ISR_Handler  stm32f1xx_hal_pcd.o
    0x080030f4   0x080030f4   0x00000002   Code   RO          339    i.PendSV_Handler    stm32f1xx_it.o
    0x080030f6   0x080030f6   0x00000002   PAD
    0x080030f8   0x080030f8   0x0000005c   Code   RO          688    i.RcvDataFromUSB    usb_uart.o
    0x08003154   0x08003154   0x00000002   Code   RO          340    i.SVC_Handler       stm32f1xx_it.o
    0x08003156   0x08003156   0x00000002   PAD
    0x08003158   0x08003158   0x00000044   Code   RO          473    i.SetTime           common.o
    0x0800319c   0x0800319c   0x00000030   Code   RO          592    i.StartAllUartDMAReceive  uart_dma.o
    0x080031cc   0x080031cc   0x00000004   Code   RO          341    i.SysTick_Handler   stm32f1xx_it.o
    0x080031d0   0x080031d0   0x00000076   Code   RO           14    i.SystemClock_Config  main.o
    0x08003246   0x08003246   0x00000002   Code   RO         3655    i.SystemInit        system_stm32f1xx.o
    0x08003248   0x08003248   0x00000020   Code   RO          474    i.System_Init       common.o
    0x08003268   0x08003268   0x0000000c   Code   RO          342    i.TIM1_UP_IRQHandler  stm32f1xx_it.o
    0x08003274   0x08003274   0x0000000c   Code   RO          343    i.TIM3_IRQHandler   stm32f1xx_it.o
    0x08003280   0x08003280   0x0000006c   Code   RO         2419    i.TIM_Base_SetConfig  stm32f1xx_hal_tim.o
    0x080032ec   0x080032ec   0x00000014   Code   RO         2430    i.TIM_ETR_SetConfig  stm32f1xx_hal_tim.o
    0x08003300   0x08003300   0x00000010   Code   RO         2431    i.TIM_ITRx_SetConfig  stm32f1xx_hal_tim.o
    0x08003310   0x08003310   0x00000050   Code   RO         2432    i.TIM_OC1_SetConfig  stm32f1xx_hal_tim.o
    0x08003360   0x08003360   0x00000058   Code   RO         2433    i.TIM_OC2_SetConfig  stm32f1xx_hal_tim.o
    0x080033b8   0x080033b8   0x00000058   Code   RO         2434    i.TIM_OC3_SetConfig  stm32f1xx_hal_tim.o
    0x08003410   0x08003410   0x00000044   Code   RO         2435    i.TIM_OC4_SetConfig  stm32f1xx_hal_tim.o
    0x08003454   0x08003454   0x00000022   Code   RO         2437    i.TIM_TI1_ConfigInputStage  stm32f1xx_hal_tim.o
    0x08003476   0x08003476   0x00000024   Code   RO         2439    i.TIM_TI2_ConfigInputStage  stm32f1xx_hal_tim.o
    0x0800349a   0x0800349a   0x00000010   Code   RO         3339    i.UART_DMAAbortOnError  stm32f1xx_hal_uart.o
    0x080034aa   0x080034aa   0x0000004a   Code   RO         3340    i.UART_DMAError     stm32f1xx_hal_uart.o
    0x080034f4   0x080034f4   0x0000005a   Code   RO         3341    i.UART_DMAReceiveCplt  stm32f1xx_hal_uart.o
    0x0800354e   0x0800354e   0x0000001a   Code   RO         3343    i.UART_DMARxHalfCplt  stm32f1xx_hal_uart.o
    0x08003568   0x08003568   0x0000002e   Code   RO         3345    i.UART_DMATransmitCplt  stm32f1xx_hal_uart.o
    0x08003596   0x08003596   0x0000000a   Code   RO         3347    i.UART_DMATxHalfCplt  stm32f1xx_hal_uart.o
    0x080035a0   0x080035a0   0x00000030   Code   RO         3349    i.UART_EndRxTransfer  stm32f1xx_hal_uart.o
    0x080035d0   0x080035d0   0x00000012   Code   RO         3350    i.UART_EndTxTransfer  stm32f1xx_hal_uart.o
    0x080035e2   0x080035e2   0x000000b6   Code   RO         3351    i.UART_Receive_IT   stm32f1xx_hal_uart.o
    0x08003698   0x08003698   0x000000b8   Code   RO         3352    i.UART_SetConfig    stm32f1xx_hal_uart.o
    0x08003750   0x08003750   0x00000070   Code   RO         3353    i.UART_Start_Receive_DMA  stm32f1xx_hal_uart.o
    0x080037c0   0x080037c0   0x00000036   Code   RO         3354    i.UART_Start_Receive_IT  stm32f1xx_hal_uart.o
    0x080037f6   0x080037f6   0x00000064   Code   RO         3355    i.UART_WaitOnFlagUntilTimeout  stm32f1xx_hal_uart.o
    0x0800385a   0x0800385a   0x00000002   PAD
    0x0800385c   0x0800385c   0x00000018   Code   RO          344    i.USART1_IRQHandler  stm32f1xx_it.o
    0x08003874   0x08003874   0x00000046   Code   RO         4324    i.USBD_CDC_DataIn   usbd_cdc.o
    0x080038ba   0x080038ba   0x0000002e   Code   RO         4325    i.USBD_CDC_DataOut  usbd_cdc.o
    0x080038e8   0x080038e8   0x00000044   Code   RO         4326    i.USBD_CDC_DeInit   usbd_cdc.o
    0x0800392c   0x0800392c   0x00000024   Code   RO         4327    i.USBD_CDC_EP0_RxReady  usbd_cdc.o
    0x08003950   0x08003950   0x0000000c   Code   RO         4328    i.USBD_CDC_GetDeviceQualifierDescriptor  usbd_cdc.o
    0x0800395c   0x0800395c   0x0000000c   Code   RO         4329    i.USBD_CDC_GetFSCfgDesc  usbd_cdc.o
    0x08003968   0x08003968   0x0000000c   Code   RO         4330    i.USBD_CDC_GetHSCfgDesc  usbd_cdc.o
    0x08003974   0x08003974   0x0000000c   Code   RO         4331    i.USBD_CDC_GetOtherSpeedCfgDesc  usbd_cdc.o
    0x08003980   0x08003980   0x00000094   Code   RO         4332    i.USBD_CDC_Init     usbd_cdc.o
    0x08003a14   0x08003a14   0x00000028   Code   RO         4333    i.USBD_CDC_ReceivePacket  usbd_cdc.o
    0x08003a3c   0x08003a3c   0x00000010   Code   RO         4334    i.USBD_CDC_RegisterInterface  usbd_cdc.o
    0x08003a4c   0x08003a4c   0x0000000c   Code   RO         4335    i.USBD_CDC_SetRxBuffer  usbd_cdc.o
    0x08003a58   0x08003a58   0x000000ac   Code   RO         4337    i.USBD_CDC_Setup    usbd_cdc.o
    0x08003b04   0x08003b04   0x0000000e   Code   RO         4061    i.USBD_ClrClassConfig  usbd_core.o
    0x08003b12   0x08003b12   0x00000010   Code   RO         4264    i.USBD_CtlContinueRx  usbd_ioreq.o
    0x08003b22   0x08003b22   0x00000010   Code   RO         4265    i.USBD_CtlContinueSendData  usbd_ioreq.o
    0x08003b32   0x08003b32   0x00000016   Code   RO         4199    i.USBD_CtlError     usbd_ctlreq.o
    0x08003b48   0x08003b48   0x0000001e   Code   RO         4266    i.USBD_CtlPrepareRx  usbd_ioreq.o
    0x08003b66   0x08003b66   0x00000016   Code   RO         4267    i.USBD_CtlReceiveStatus  usbd_ioreq.o
    0x08003b7c   0x08003b7c   0x0000001a   Code   RO         4268    i.USBD_CtlSendData  usbd_ioreq.o
    0x08003b96   0x08003b96   0x00000016   Code   RO         4269    i.USBD_CtlSendStatus  usbd_ioreq.o
    0x08003bac   0x08003bac   0x00000020   Code   RO         3724    i.USBD_FS_ConfigStrDescriptor  usbd_desc.o
    0x08003bcc   0x08003bcc   0x0000000c   Code   RO         3725    i.USBD_FS_DeviceDescriptor  usbd_desc.o
    0x08003bd8   0x08003bd8   0x00000024   Code   RO         3726    i.USBD_FS_InterfaceStrDescriptor  usbd_desc.o
    0x08003bfc   0x08003bfc   0x0000000c   Code   RO         3727    i.USBD_FS_LangIDStrDescriptor  usbd_desc.o
    0x08003c08   0x08003c08   0x00000028   Code   RO         3728    i.USBD_FS_ManufacturerStrDescriptor  usbd_desc.o
    0x08003c30   0x08003c30   0x0000002c   Code   RO         3729    i.USBD_FS_ProductStrDescriptor  usbd_desc.o
    0x08003c5c   0x08003c5c   0x00000038   Code   RO         3730    i.USBD_FS_SerialStrDescriptor  usbd_desc.o
    0x08003c94   0x08003c94   0x000000e8   Code   RO         4200    i.USBD_GetDescriptor  usbd_ctlreq.o
    0x08003d7c   0x08003d7c   0x00000048   Code   RO         4201    i.USBD_GetString    usbd_ctlreq.o
    0x08003dc4   0x08003dc4   0x00000018   Code   RO         3863    i.USBD_Get_USB_Status  usbd_conf.o
    0x08003ddc   0x08003ddc   0x0000002a   Code   RO         4063    i.USBD_Init         usbd_core.o
    0x08003e06   0x08003e06   0x00000012   Code   RO         3864    i.USBD_LL_ClearStallEP  usbd_conf.o
    0x08003e18   0x08003e18   0x00000012   Code   RO         3865    i.USBD_LL_CloseEP   usbd_conf.o
    0x08003e2a   0x08003e2a   0x000000c6   Code   RO         4064    i.USBD_LL_DataInStage  usbd_core.o
    0x08003ef0   0x08003ef0   0x00000082   Code   RO         4065    i.USBD_LL_DataOutStage  usbd_core.o
    0x08003f72   0x08003f72   0x00000008   Code   RO         3869    i.USBD_LL_GetRxDataSize  usbd_conf.o
    0x08003f7a   0x08003f7a   0x00000002   PAD
    0x08003f7c   0x08003f7c   0x00000080   Code   RO         3870    i.USBD_LL_Init      usbd_conf.o
    0x08003ffc   0x08003ffc   0x00000020   Code   RO         3871    i.USBD_LL_IsStallEP  usbd_conf.o
    0x0800401c   0x0800401c   0x00000018   Code   RO         3872    i.USBD_LL_OpenEP    usbd_conf.o
    0x08004034   0x08004034   0x00000012   Code   RO         3873    i.USBD_LL_PrepareReceive  usbd_conf.o
    0x08004046   0x08004046   0x00000050   Code   RO         4070    i.USBD_LL_Reset     usbd_core.o
    0x08004096   0x08004096   0x00000014   Code   RO         4071    i.USBD_LL_Resume    usbd_core.o
    0x080040aa   0x080040aa   0x00000018   Code   RO         4072    i.USBD_LL_SOF       usbd_core.o
    0x080040c2   0x080040c2   0x00000006   Code   RO         4073    i.USBD_LL_SetSpeed  usbd_core.o
    0x080040c8   0x080040c8   0x00000012   Code   RO         3874    i.USBD_LL_SetUSBAddress  usbd_conf.o
    0x080040da   0x080040da   0x0000005a   Code   RO         4074    i.USBD_LL_SetupStage  usbd_core.o
    0x08004134   0x08004134   0x00000012   Code   RO         3875    i.USBD_LL_StallEP   usbd_conf.o
    0x08004146   0x08004146   0x00000012   Code   RO         3876    i.USBD_LL_Start     usbd_conf.o
    0x08004158   0x08004158   0x00000012   Code   RO         4075    i.USBD_LL_Suspend   usbd_core.o
    0x0800416a   0x0800416a   0x00000012   Code   RO         3878    i.USBD_LL_Transmit  usbd_conf.o
    0x0800417c   0x0800417c   0x00000028   Code   RO         4202    i.USBD_ParseSetupRequest  usbd_ctlreq.o
    0x080041a4   0x080041a4   0x00000010   Code   RO         4076    i.USBD_RegisterClass  usbd_core.o
    0x080041b4   0x080041b4   0x00000016   Code   RO         4078    i.USBD_SetClassConfig  usbd_core.o
    0x080041ca   0x080041ca   0x00000002   PAD
    0x080041cc   0x080041cc   0x00000084   Code   RO         4203    i.USBD_SetConfig    usbd_ctlreq.o
    0x08004250   0x08004250   0x0000000a   Code   RO         4079    i.USBD_Start        usbd_core.o
    0x0800425a   0x0800425a   0x00000112   Code   RO         4204    i.USBD_StdDevReq    usbd_ctlreq.o
    0x0800436c   0x0800436c   0x00000150   Code   RO         4205    i.USBD_StdEPReq     usbd_ctlreq.o
    0x080044bc   0x080044bc   0x0000004e   Code   RO         4206    i.USBD_StdItfReq    usbd_ctlreq.o
    0x0800450a   0x0800450a   0x00000002   Code   RO         3879    i.USBD_static_free  usbd_conf.o
    0x0800450c   0x0800450c   0x00000008   Code   RO         3880    i.USBD_static_malloc  usbd_conf.o
    0x08004514   0x08004514   0x00000258   Code   RO         1169    i.USB_ActivateEndpoint  stm32f1xx_ll_usb.o
    0x0800476c   0x0800476c   0x00000004   Code   RO         1172    i.USB_CoreInit      stm32f1xx_ll_usb.o
    0x08004770   0x08004770   0x0000010e   Code   RO         1174    i.USB_DeactivateEndpoint  stm32f1xx_ll_usb.o
    0x0800487e   0x0800487e   0x00000004   Code   RO         1175    i.USB_DevConnect    stm32f1xx_ll_usb.o
    0x08004882   0x08004882   0x00000004   Code   RO         1176    i.USB_DevDisconnect  stm32f1xx_ll_usb.o
    0x08004886   0x08004886   0x00000012   Code   RO         1177    i.USB_DevInit       stm32f1xx_ll_usb.o
    0x08004898   0x08004898   0x0000000e   Code   RO         1178    i.USB_DisableGlobalInt  stm32f1xx_ll_usb.o
    0x080048a6   0x080048a6   0x00000004   Code   RO         1179    i.USB_EP0_OutStart  stm32f1xx_ll_usb.o
    0x080048aa   0x080048aa   0x00000078   Code   RO         1180    i.USB_EPClearStall  stm32f1xx_ll_usb.o
    0x08004922   0x08004922   0x00000032   Code   RO         1181    i.USB_EPSetStall    stm32f1xx_ll_usb.o
    0x08004954   0x08004954   0x0000060c   Code   RO         1182    i.USB_EPStartXfer   stm32f1xx_ll_usb.o
    0x08004f60   0x08004f60   0x00000012   Code   RO         1183    i.USB_EnableGlobalInt  stm32f1xx_ll_usb.o
    0x08004f72   0x08004f72   0x00000002   PAD
    0x08004f74   0x08004f74   0x0000000c   Code   RO          345    i.USB_LP_CAN1_RX0_IRQHandler  stm32f1xx_it.o
    0x08004f80   0x08004f80   0x00000006   Code   RO         1190    i.USB_ReadInterrupts  stm32f1xx_ll_usb.o
    0x08004f86   0x08004f86   0x00000002   PAD
    0x08004f88   0x08004f88   0x0000002c   Code   RO         1191    i.USB_ReadPMA       stm32f1xx_ll_usb.o
    0x08004fb4   0x08004fb4   0x00000004   Code   RO         1192    i.USB_SetCurrentMode  stm32f1xx_ll_usb.o
    0x08004fb8   0x08004fb8   0x0000000c   Code   RO         1193    i.USB_SetDevAddress  stm32f1xx_ll_usb.o
    0x08004fc4   0x08004fc4   0x00000026   Code   RO         1195    i.USB_WritePMA      stm32f1xx_ll_usb.o
    0x08004fea   0x08004fea   0x00000002   PAD
    0x08004fec   0x08004fec   0x000000a0   Code   RO          475    i.Uart1_RxDataCallback  common.o
    0x0800508c   0x0800508c   0x0000008c   Code   RO          596    i.Uart_DMA_Init     uart_dma.o
    0x08005118   0x08005118   0x00000100   Code   RO          597    i.Uart_RxIDLE_Handler  uart_dma.o
    0x08005218   0x08005218   0x00000002   Code   RO          346    i.UsageFault_Handler  stm32f1xx_it.o
    0x0800521a   0x0800521a   0x00000002   PAD
    0x0800521c   0x0800521c   0x00000038   Code   RO          691    i.Usb2UartInit      usb_uart.o
    0x08005254   0x08005254   0x00000016   Code   RO          476    i.UserTasks         common.o
    0x0800526a   0x0800526a   0x00000002   PAD
    0x0800526c   0x0800526c   0x00000020   Code   RO         4485    i.__0printf$1       mc_w.l(printf1.o)
    0x0800528c   0x0800528c   0x00000020   Code   RO         1837    i.__NVIC_SetPriority  stm32f1xx_hal_cortex.o
    0x080052ac   0x080052ac   0x0000000e   Code   RO         4762    i.__scatterload_copy  mc_w.l(handlers.o)
    0x080052ba   0x080052ba   0x00000002   Code   RO         4763    i.__scatterload_null  mc_w.l(handlers.o)
    0x080052bc   0x080052bc   0x0000000e   Code   RO         4764    i.__scatterload_zeroinit  mc_w.l(handlers.o)
    0x080052ca   0x080052ca   0x00000002   PAD
    0x080052cc   0x080052cc   0x00000154   Code   RO         4492    i._printf_core      mc_w.l(printf1.o)
    0x08005420   0x08005420   0x00000018   Code   RO          477    i.fputc             common.o
    0x08005438   0x08005438   0x0000002e   Code   RO           15    i.main              main.o
    0x08005466   0x08005466   0x00000002   PAD
    0x08005468   0x08005468   0x0000006c   Code   RO          813    i.seg7_enable       stop_watch.o
    0x080054d4   0x080054d4   0x0000006c   Code   RO          814    i.seg7_show         stop_watch.o
    0x08005540   0x08005540   0x000000c8   Code   RO          749    i.timer_process     timer.o
    0x08005608   0x08005608   0x00000044   Code   RO          750    i.timer_show        timer.o
    0x0800564c   0x0800564c   0x000000c0   Data   RO          599    .constdata          uart_dma.o
    0x0800570c   0x0800570c   0x0000003c   Data   RO          817    .constdata          stop_watch.o
    0x08005748   0x08005748   0x00000010   Data   RO         3656    .constdata          system_stm32f1xx.o
    0x08005758   0x08005758   0x00000008   Data   RO         3657    .constdata          system_stm32f1xx.o
    0x08005760   0x08005760   0x00000040   Data   RO         4758    .constdata          mc_w.l(ctype_c.o)
    0x080057a0   0x080057a0   0x00000020   Data   RO         4760    Region$$Table       anon$$obj.o


    Execution Region RW_IRAM1 (Exec base: 0x20000000, Load base: 0x080057c0, Size: 0x00002090, Max: 0x00005000, ABSOLUTE, COMPRESSED[0x000000c4])

    Exec Addr    Load Addr    Size         Type   Attr      Idx    E Section Name        Object

    0x20000000   COMPRESSED   0x00000004   Data   RW          480    .data               common.o
    0x20000004   COMPRESSED   0x00000001   Data   RW          600    .data               uart_dma.o
    0x20000005   COMPRESSED   0x00000001   PAD
    0x20000006   COMPRESSED   0x0000000c   Data   RW          751    .data               timer.o
    0x20000012   COMPRESSED   0x00000008   Data   RW          787    .data               music.o
    0x2000001a   COMPRESSED   0x00000002   PAD
    0x2000001c   COMPRESSED   0x0000000e   Data   RW          818    .data               stop_watch.o
    0x2000002a   COMPRESSED   0x00000002   PAD
    0x2000002c   COMPRESSED   0x0000000c   Data   RW         1374    .data               stm32f1xx_hal.o
    0x20000038   COMPRESSED   0x00000004   Data   RW         3658    .data               system_stm32f1xx.o
    0x2000003c   COMPRESSED   0x0000001c   Data   RW         3732    .data               usbd_desc.o
    0x20000058   COMPRESSED   0x00000032   Data   RW         3733    .data               usbd_desc.o
    0x2000008a   COMPRESSED   0x00000002   PAD
    0x2000008c   COMPRESSED   0x00000010   Data   RW         3803    .data               usbd_cdc_if.o
    0x2000009c   COMPRESSED   0x00000001   Data   RW         4207    .data               usbd_ctlreq.o
    0x2000009d   COMPRESSED   0x00000003   PAD
    0x200000a0   COMPRESSED   0x000000d7   Data   RW         4339    .data               usbd_cdc.o
    0x20000177   COMPRESSED   0x00000001   PAD
    0x20000178   COMPRESSED   0x00000038   Data   RW         4340    .data               usbd_cdc.o
    0x200001b0   COMPRESSED   0x00000004   Data   RW         4725    .data               mc_w.l(stdout.o)
    0x200001b4        -       0x000000d8   Zero   RW          236    .bss                tim.o
    0x2000028c        -       0x000000cc   Zero   RW          293    .bss                usart.o
    0x20000358        -       0x00000708   Zero   RW          598    .bss                uart_dma.o
    0x20000a60        -       0x0000045c   Zero   RW          692    .bss                usb_uart.o
    0x20000ebc        -       0x000002c4   Zero   RW         3693    .bss                usb_device.o
    0x20001180        -       0x00000200   Zero   RW         3731    .bss                usbd_desc.o
    0x20001380        -       0x0000050c   Zero   RW         3881    .bss                usbd_conf.o
    0x2000188c   COMPRESSED   0x00000004   PAD
    0x20001890        -       0x00000800   Zero   RW            1    STACK               startup_stm32f103xb.o


==============================================================================

Image component sizes


      Code (inc. data)   RO Data    RW Data    ZI Data      Debug   Object Name

       346        108          0          4          0      36596   common.o
        60          4          0          0          0        738   dma.o
       228         20          0          0          0        971   gpio.o
       168          0          0          0          0     444416   main.o
         0          0          0          8          0        964   music.o
        36          8        236          0       2048        788   startup_stm32f103xb.o
       128         24          0         12          0       5201   stm32f1xx_hal.o
       198         14          0          0          0      28871   stm32f1xx_hal_cortex.o
       808         36          0          0          0       4890   stm32f1xx_hal_dma.o
       490         34          0          0          0       2844   stm32f1xx_hal_gpio.o
        60          8          0          0          0        842   stm32f1xx_hal_msp.o
      2980          0          0          0          0      13673   stm32f1xx_hal_pcd.o
        60          0          0          0          0       1146   stm32f1xx_hal_pcd_ex.o
      1272        100          0          0          0       5108   stm32f1xx_hal_rcc.o
       236         12          0          0          0       1356   stm32f1xx_hal_rcc_ex.o
      1586         46          0          0          0      14154   stm32f1xx_hal_tim.o
       108         12          0          0          0       2313   stm32f1xx_hal_tim_ex.o
      2068         38          0          0          0      17126   stm32f1xx_hal_uart.o
       104         36          0          0          0       7336   stm32f1xx_it.o
      2758          0          0          0          0      16319   stm32f1xx_ll_usb.o
       216         30         60         14          0       2153   stop_watch.o
         2          0         24          4          0       1071   system_stm32f1xx.o
       548         42          0          0        216       3598   tim.o
       268         48          0         12          0       1974   timer.o
       974        102        192          1       1800       5527   uart_dma.o
       276         30          0          0        204       1828   usart.o
        84         18          0          0        708        764   usb_device.o
       148         20          0          0       1116       1653   usb_uart.o
       656         16          0        271          0      11401   usbd_cdc.o
        30          0          0         16          0       2574   usbd_cdc_if.o
       556         30          0          0       1292      13845   usbd_conf.o
       670          0          0          0          0       9263   usbd_core.o
      1186         28          0          1          0       7796   usbd_ctlreq.o
       288        104          0         78        512       5785   usbd_desc.o
       132          0          0          0          0       4224   usbd_ioreq.o

    ----------------------------------------------------------------------
     19778        968        544        432       7900     679108   Object Totals
         0          0         32          0          0          0   (incl. Generated)
        50          0          0         11          4          0   (incl. Padding)

    ----------------------------------------------------------------------

      Code (inc. data)   RO Data    RW Data    ZI Data      Debug   Library Member Name

        56          8          0          0          0         84   __0sscanf.o
        86          0          0          0          0          0   __dczerorl2.o
        28          0          0          0          0         68   _chval.o
       812          4          0          0          0        112   _scanf.o
       332          0          0          0          0         96   _scanf_int.o
        64          0          0          0          0         84   _sgetc.o
        40          6         64          0          0         68   ctype_c.o
         0          0          0          0          0          0   entry.o
         0          0          0          0          0          0   entry10a.o
         0          0          0          0          0          0   entry11a.o
         8          4          0          0          0          0   entry2.o
         4          0          0          0          0          0   entry5.o
         0          0          0          0          0          0   entry7b.o
         0          0          0          0          0          0   entry8b.o
         8          4          0          0          0          0   entry9a.o
        30          0          0          0          0          0   handlers.o
        36          8          0          0          0         68   init.o
        10          0          0          0          0         68   isspace_c.o
        36          0          0          0          0         68   memcpya.o
        36          0          0          0          0        108   memseta.o
       372         14          0          0          0        184   printf1.o
        40          8          0          0          0         84   scanf_char.o
         0          0          0          4          0          0   stdout.o
        30          0          0          0          0         80   strncmp.o
        44          0          0          0          0         80   uidiv.o

    ----------------------------------------------------------------------
      2078         56         64          4          0       1252   Library Totals
         6          0          0          0          0          0   (incl. Padding)

    ----------------------------------------------------------------------

      Code (inc. data)   RO Data    RW Data    ZI Data      Debug   Library Name

      2072         56         64          4          0       1252   mc_w.l

    ----------------------------------------------------------------------
      2078         56         64          4          0       1252   Library Totals

    ----------------------------------------------------------------------

==============================================================================


      Code (inc. data)   RO Data    RW Data    ZI Data      Debug   

     21856       1024        608        436       7900     668424   Grand Totals
     21856       1024        608        196       7900     668424   ELF Image Totals (compressed)
     21856       1024        608        196          0          0   ROM Totals

==============================================================================

    Total RO  Size (Code + RO Data)                22464 (  21.94kB)
    Total RW  Size (RW Data + ZI Data)              8336 (   8.14kB)
    Total ROM Size (Code + RO Data + RW Data)      22660 (  22.13kB)

==============================================================================

