<html>
<body>
<pre>
<h1>µVision Build Log</h1>
<h2>Tool Versions:</h2>
IDE-Version: ¦ÌVision V5.27.1.0
Copyright (C) 2019 ARM Ltd and ARM Germany GmbH. All rights reserved.
License Information: Xiaohei Bai, Qls.inc, LIC=----
 
Tool Versions:
Toolchain:       MDK-Lite  Version: 5.27.1.0
Toolchain Path:  C:\Program Files (x86)\keil5\ARM\ARMCC\Bin
C Compiler:      Armcc.exe V5.06 update 6 (build 750)
Assembler:       Armasm.exe V5.06 update 6 (build 750)
Linker/Locator:  ArmLink.exe V5.06 update 6 (build 750)
Library Manager: ArmAr.exe V5.06 update 6 (build 750)
Hex Converter:   FromElf.exe V5.06 update 6 (build 750)
CPU DLL:         SARMCM3.DLL V5.27.1.0
Dialog DLL:      DCM.DLL V1.17.2.0
Target DLL:      STLink\ST-LINKIII-KEIL_SWO.dll V3.0.6.0
Dialog DLL:      TCM.DLL V1.36.1.0
 
<h2>Project:</h2>
C:\Users\17437\Desktop\stop_beep\MDK5\MDK-ARM\stop_beep.uvprojx
Project File Date:  05/22/2023

<h2>Output:</h2>
*** Using Compiler 'V5.06 update 6 (build 750)', folder: 'C:\Program Files (x86)\keil5\ARM\ARMCC\Bin'
Build target 'stop_beep'
compiling common.c...
..\Core\Src\common.c(62): warning:  #167-D: argument of type "uint8_t *" is incompatible with parameter of type "const char *"
  		if ( ( len >= 3 ) && (strncmp( buf , "SET_TIME " , 9 ) == 0) )
..\Core\Src\common.c(67): warning:  #167-D: argument of type "uint8_t *" is incompatible with parameter of type "const char *restrict"
  			sscanf( buf ,"SET_TIME %d:%d:%d",settime,settime+1,settime+2);
..\Core\Src\common.c(70): warning:  #167-D: argument of type "uint8_t *" is incompatible with parameter of type "const char *"
  		if ( ( len >= 5 ) && (strncmp( buf , "RESET" , 5 ) == 0) )
..\Core\Src\common.c(59): warning:  #177-D: variable "i"  was declared but never referenced
  		uint8_t i ;
..\Core\Src\common.c: 4 warnings, 0 errors
linking...
Program Size: Code=21856 RO-data=608 RW-data=436 ZI-data=7900  
FromELF: creating hex file...
"stop_beep\stop_beep.axf" - 0 Error(s), 4 Warning(s).

<h2>Software Packages used:</h2>

Package Vendor: ARM
                http://www.keil.com/pack/ARM.CMSIS.5.5.1.pack
                ARM.CMSIS.5.5.1
                CMSIS (Cortex Microcontroller Software Interface Standard)
   * Component: CORE Version: 5.2.0

Package Vendor: Keil
                http://www.keil.com/pack/Keil.STM32F1xx_DFP.2.4.0.pack
                Keil.STM32F1xx_DFP.2.4.0
                STMicroelectronics STM32F1 Series Device Support, Drivers and Examples

<h2>Collection of Component include folders:</h2>
  .\RTE\_stop_beep
  C:\Users\17437\AppData\Local\Arm\Packs\ARM\CMSIS\5.5.1\CMSIS\Core\Include
  C:\Users\17437\AppData\Local\Arm\Packs\Keil\STM32F1xx_DFP\2.4.0\Device\Include

<h2>Collection of Component Files used:</h2>

   * Component: ARM::CMSIS:CORE:5.2.0
Build Time Elapsed:  00:00:02
</pre>
</body>
</html>
