Archive member included to satisfy reference by file (symbol)

c:/coding/c/gcc-arm-none-eabi-10.3-2021.10/bin/../lib/gcc/arm-none-eabi/10.3.1/thumb/v7-m/nofp\libgcc.a(_arm_muldf3.o)
                              CMakeFiles/stop_beep.elf.dir/Core/Src/music.c.obj (__aeabi_dmul)
c:/coding/c/gcc-arm-none-eabi-10.3-2021.10/bin/../lib/gcc/arm-none-eabi/10.3.1/thumb/v7-m/nofp\libgcc.a(_arm_addsubdf3.o)
                              CMakeFiles/stop_beep.elf.dir/Core/Src/music.c.obj (__aeabi_ui2d)
c:/coding/c/gcc-arm-none-eabi-10.3-2021.10/bin/../lib/gcc/arm-none-eabi/10.3.1/thumb/v7-m/nofp\libgcc.a(_arm_fixunsdfsi.o)
                              CMakeFiles/stop_beep.elf.dir/Core/Src/music.c.obj (__aeabi_d2uiz)
c:/coding/c/gcc-arm-none-eabi-10.3-2021.10/bin/../lib/gcc/arm-none-eabi/10.3.1/../../../../arm-none-eabi/lib/thumb/v7-m/nofp\libg.a(lib_a-errno.o)
                              CMakeFiles/stop_beep.elf.dir/Core/Src/syscalls.c.obj (__errno)
c:/coding/c/gcc-arm-none-eabi-10.3-2021.10/bin/../lib/gcc/arm-none-eabi/10.3.1/../../../../arm-none-eabi/lib/thumb/v7-m/nofp\libg.a(lib_a-exit.o)
                              c:/coding/c/gcc-arm-none-eabi-10.3-2021.10/bin/../lib/gcc/arm-none-eabi/10.3.1/../../../../arm-none-eabi/lib/thumb/v7-m/nofp/crt0.o (exit)
c:/coding/c/gcc-arm-none-eabi-10.3-2021.10/bin/../lib/gcc/arm-none-eabi/10.3.1/../../../../arm-none-eabi/lib/thumb/v7-m/nofp\libg.a(lib_a-impure.o)
                              c:/coding/c/gcc-arm-none-eabi-10.3-2021.10/bin/../lib/gcc/arm-none-eabi/10.3.1/../../../../arm-none-eabi/lib/thumb/v7-m/nofp\libg.a(lib_a-exit.o) (_global_impure_ptr)
c:/coding/c/gcc-arm-none-eabi-10.3-2021.10/bin/../lib/gcc/arm-none-eabi/10.3.1/../../../../arm-none-eabi/lib/thumb/v7-m/nofp\libg.a(lib_a-init.o)
                              c:/coding/c/gcc-arm-none-eabi-10.3-2021.10/bin/../lib/gcc/arm-none-eabi/10.3.1/../../../../arm-none-eabi/lib/thumb/v7-m/nofp/crt0.o (__libc_init_array)
c:/coding/c/gcc-arm-none-eabi-10.3-2021.10/bin/../lib/gcc/arm-none-eabi/10.3.1/../../../../arm-none-eabi/lib/thumb/v7-m/nofp\libg.a(lib_a-memcpy.o)
                              CMakeFiles/stop_beep.elf.dir/Core/Src/uart_dma.c.obj (memcpy)
c:/coding/c/gcc-arm-none-eabi-10.3-2021.10/bin/../lib/gcc/arm-none-eabi/10.3.1/../../../../arm-none-eabi/lib/thumb/v7-m/nofp\libg.a(lib_a-memset.o)
                              c:/coding/c/gcc-arm-none-eabi-10.3-2021.10/bin/../lib/gcc/arm-none-eabi/10.3.1/../../../../arm-none-eabi/lib/thumb/v7-m/nofp/crt0.o (memset)
c:/coding/c/gcc-arm-none-eabi-10.3-2021.10/bin/../lib/gcc/arm-none-eabi/10.3.1/../../../../arm-none-eabi/lib/thumb/v7-m/nofp\libg.a(lib_a-puts.o)
                              CMakeFiles/stop_beep.elf.dir/Core/Src/common.c.obj (puts)
c:/coding/c/gcc-arm-none-eabi-10.3-2021.10/bin/../lib/gcc/arm-none-eabi/10.3.1/../../../../arm-none-eabi/lib/thumb/v7-m/nofp\libg.a(lib_a-sscanf.o)
                              CMakeFiles/stop_beep.elf.dir/Core/Src/common.c.obj (sscanf)
c:/coding/c/gcc-arm-none-eabi-10.3-2021.10/bin/../lib/gcc/arm-none-eabi/10.3.1/../../../../arm-none-eabi/lib/thumb/v7-m/nofp\libg.a(lib_a-stdio.o)
                              c:/coding/c/gcc-arm-none-eabi-10.3-2021.10/bin/../lib/gcc/arm-none-eabi/10.3.1/../../../../arm-none-eabi/lib/thumb/v7-m/nofp\libg.a(lib_a-sscanf.o) (__seofread)
c:/coding/c/gcc-arm-none-eabi-10.3-2021.10/bin/../lib/gcc/arm-none-eabi/10.3.1/../../../../arm-none-eabi/lib/thumb/v7-m/nofp\libg.a(lib_a-strlen-stub.o)
                              c:/coding/c/gcc-arm-none-eabi-10.3-2021.10/bin/../lib/gcc/arm-none-eabi/10.3.1/../../../../arm-none-eabi/lib/thumb/v7-m/nofp\libg.a(lib_a-puts.o) (strlen)
c:/coding/c/gcc-arm-none-eabi-10.3-2021.10/bin/../lib/gcc/arm-none-eabi/10.3.1/../../../../arm-none-eabi/lib/thumb/v7-m/nofp\libg.a(lib_a-strncmp.o)
                              CMakeFiles/stop_beep.elf.dir/Core/Src/common.c.obj (strncmp)
c:/coding/c/gcc-arm-none-eabi-10.3-2021.10/bin/../lib/gcc/arm-none-eabi/10.3.1/../../../../arm-none-eabi/lib/thumb/v7-m/nofp\libg.a(lib_a-svfscanf.o)
                              c:/coding/c/gcc-arm-none-eabi-10.3-2021.10/bin/../lib/gcc/arm-none-eabi/10.3.1/../../../../arm-none-eabi/lib/thumb/v7-m/nofp\libg.a(lib_a-sscanf.o) (__ssvfscanf_r)
c:/coding/c/gcc-arm-none-eabi-10.3-2021.10/bin/../lib/gcc/arm-none-eabi/10.3.1/../../../../arm-none-eabi/lib/thumb/v7-m/nofp\libg.a(lib_a-writer.o)
                              c:/coding/c/gcc-arm-none-eabi-10.3-2021.10/bin/../lib/gcc/arm-none-eabi/10.3.1/../../../../arm-none-eabi/lib/thumb/v7-m/nofp\libg.a(lib_a-stdio.o) (_write_r)
c:/coding/c/gcc-arm-none-eabi-10.3-2021.10/bin/../lib/gcc/arm-none-eabi/10.3.1/../../../../arm-none-eabi/lib/thumb/v7-m/nofp\libg.a(lib_a-__call_atexit.o)
                              c:/coding/c/gcc-arm-none-eabi-10.3-2021.10/bin/../lib/gcc/arm-none-eabi/10.3.1/../../../../arm-none-eabi/lib/thumb/v7-m/nofp\libg.a(lib_a-exit.o) (__call_exitprocs)
[...]
Memory Configuration

Name             Origin             Length             Attributes
RAM              0x20000000         0x00005000         xrw
FLASH            0x08000000         0x00020000         xr
*default*        0x00000000         0xffffffff

Linker script and memory map

LOAD c:/coding/c/gcc-arm-none-eabi-10.3-2021.10/bin/../lib/gcc/arm-none-eabi/10.3.1/thumb/v7-m/nofp/crti.o
LOAD c:/coding/c/gcc-arm-none-eabi-10.3-2021.10/bin/../lib/gcc/arm-none-eabi/10.3.1/thumb/v7-m/nofp/crtbegin.o
LOAD c:/coding/c/gcc-arm-none-eabi-10.3-2021.10/bin/../lib/gcc/arm-none-eabi/10.3.1/../../../../arm-none-eabi/lib/thumb/v7-m/nofp/crt0.o
LOAD CMakeFiles/stop_beep.elf.dir/Core/Src/common.c.obj
LOAD CMakeFiles/stop_beep.elf.dir/Core/Src/dma.c.obj
LOAD CMakeFiles/stop_beep.elf.dir/Core/Src/gpio.c.obj
LOAD CMakeFiles/stop_beep.elf.dir/Core/Src/main.c.obj
LOAD CMakeFiles/stop_beep.elf.dir/Core/Src/music.c.obj
LOAD CMakeFiles/stop_beep.elf.dir/Core/Src/stm32f1xx_hal_msp.c.obj
LOAD CMakeFiles/stop_beep.elf.dir/Core/Src/stm32f1xx_it.c.obj
LOAD CMakeFiles/stop_beep.elf.dir/Core/Src/stop_watch.c.obj
LOAD CMakeFiles/stop_beep.elf.dir/Core/Src/syscalls.c.obj
LOAD CMakeFiles/stop_beep.elf.dir/Core/Src/sysmem.c.obj
LOAD CMakeFiles/stop_beep.elf.dir/Core/Src/system_stm32f1xx.c.obj
LOAD CMakeFiles/stop_beep.elf.dir/Core/Src/tim.c.obj
LOAD CMakeFiles/stop_beep.elf.dir/Core/Src/timer.c.obj
LOAD CMakeFiles/stop_beep.elf.dir/Core/Src/uart_dma.c.obj
LOAD CMakeFiles/stop_beep.elf.dir/Core/Src/usart.c.obj
LOAD CMakeFiles/stop_beep.elf.dir/Core/Src/usb_uart.c.obj
LOAD CMakeFiles/stop_beep.elf.dir/Core/Startup/startup_stm32f103cbtx.s.obj
LOAD CMakeFiles/stop_beep.elf.dir/Drivers/STM32F1xx_HAL_Driver/Src/stm32f1xx_hal.c.obj
LOAD CMakeFiles/stop_beep.elf.dir/Drivers/STM32F1xx_HAL_Driver/Src/stm32f1xx_hal_cortex.c.obj
LOAD CMakeFiles/stop_beep.elf.dir/Drivers/STM32F1xx_HAL_Driver/Src/stm32f1xx_hal_dma.c.obj
LOAD CMakeFiles/stop_beep.elf.dir/Drivers/STM32F1xx_HAL_Driver/Src/stm32f1xx_hal_exti.c.obj
LOAD CMakeFiles/stop_beep.elf.dir/Drivers/STM32F1xx_HAL_Driver/Src/stm32f1xx_hal_flash.c.obj
LOAD CMakeFiles/stop_beep.elf.dir/Drivers/STM32F1xx_HAL_Driver/Src/stm32f1xx_hal_flash_ex.c.obj
LOAD CMakeFiles/stop_beep.elf.dir/Drivers/STM32F1xx_HAL_Driver/Src/stm32f1xx_hal_gpio.c.obj
LOAD CMakeFiles/stop_beep.elf.dir/Drivers/STM32F1xx_HAL_Driver/Src/stm32f1xx_hal_gpio_ex.c.obj
LOAD CMakeFiles/stop_beep.elf.dir/Drivers/STM32F1xx_HAL_Driver/Src/stm32f1xx_hal_pcd.c.obj
LOAD CMakeFiles/stop_beep.elf.dir/Drivers/STM32F1xx_HAL_Driver/Src/stm32f1xx_hal_pcd_ex.c.obj
LOAD CMakeFiles/stop_beep.elf.dir/Drivers/STM32F1xx_HAL_Driver/Src/stm32f1xx_hal_pwr.c.obj
LOAD CMakeFiles/stop_beep.elf.dir/Drivers/STM32F1xx_HAL_Driver/Src/stm32f1xx_hal_rcc.c.obj
LOAD CMakeFiles/stop_beep.elf.dir/Drivers/STM32F1xx_HAL_Driver/Src/stm32f1xx_hal_rcc_ex.c.obj
LOAD CMakeFiles/stop_beep.elf.dir/Drivers/STM32F1xx_HAL_Driver/Src/stm32f1xx_hal_tim.c.obj
LOAD CMakeFiles/stop_beep.elf.dir/Drivers/STM32F1xx_HAL_Driver/Src/stm32f1xx_hal_tim_ex.c.obj
LOAD CMakeFiles/stop_beep.elf.dir/Drivers/STM32F1xx_HAL_Driver/Src/stm32f1xx_hal_uart.c.obj
LOAD CMakeFiles/stop_beep.elf.dir/Drivers/STM32F1xx_HAL_Driver/Src/stm32f1xx_ll_usb.c.obj
LOAD CMakeFiles/stop_beep.elf.dir/Middlewares/ST/STM32_USB_Device_Library/Class/CDC/Src/usbd_cdc.c.obj
LOAD CMakeFiles/stop_beep.elf.dir/Middlewares/ST/STM32_USB_Device_Library/Core/Src/usbd_core.c.obj
LOAD CMakeFiles/stop_beep.elf.dir/Middlewares/ST/STM32_USB_Device_Library/Core/Src/usbd_ctlreq.c.obj
LOAD CMakeFiles/stop_beep.elf.dir/Middlewares/ST/STM32_USB_Device_Library/Core/Src/usbd_ioreq.c.obj
LOAD CMakeFiles/stop_beep.elf.dir/USB_DEVICE/App/usb_device.c.obj
LOAD CMakeFiles/stop_beep.elf.dir/USB_DEVICE/App/usbd_cdc_if.c.obj
LOAD CMakeFiles/stop_beep.elf.dir/USB_DEVICE/App/usbd_desc.c.obj
LOAD CMakeFiles/stop_beep.elf.dir/USB_DEVICE/Target/usbd_conf.c.obj
START GROUP
LOAD c:/coding/c/gcc-arm-none-eabi-10.3-2021.10/bin/../lib/gcc/arm-none-eabi/10.3.1/thumb/v7-m/nofp\libgcc.a
LOAD c:/coding/c/gcc-arm-none-eabi-10.3-2021.10/bin/../lib/gcc/arm-none-eabi/10.3.1/../../../../arm-none-eabi/lib/thumb/v7-m/nofp\libg.a
LOAD c:/coding/c/gcc-arm-none-eabi-10.3-2021.10/bin/../lib/gcc/arm-none-eabi/10.3.1/../../../../arm-none-eabi/lib/thumb/v7-m/nofp\libc.a
END GROUP
LOAD c:/coding/c/gcc-arm-none-eabi-10.3-2021.10/bin/../lib/gcc/arm-none-eabi/10.3.1/thumb/v7-m/nofp/crtend.o
LOAD c:/coding/c/gcc-arm-none-eabi-10.3-2021.10/bin/../lib/gcc/arm-none-eabi/10.3.1/thumb/v7-m/nofp/crtn.o
                0x20005000                _estack = (ORIGIN (RAM) + LENGTH (RAM))
                0x00000200                _Min_Heap_Size = 0x200
                0x00000400                _Min_Stack_Size = 0x400

.isr_vector     0x08000000      0x10c
                0x08000000                . = ALIGN (0x4)
 *(.isr_vector)
 .isr_vector    0x08000000      0x10c CMakeFiles/stop_beep.elf.dir/Core/Startup/startup_stm32f103cbtx.s.obj
                0x08000000                g_pfnVectors
                0x0800010c                . = ALIGN (0x4)

.text           0x0800010c     0x7bb8
                0x0800010c                . = ALIGN (0x4)
 *(.text)
 .text          0x0800010c       0x40 c:/coding/c/gcc-arm-none-eabi-10.3-2021.10/bin/../lib/gcc/arm-none-eabi/10.3.1/thumb/v7-m/nofp/crtbegin.o
 .text          0x0800014c       0xec c:/coding/c/gcc-arm-none-eabi-10.3-2021.10/bin/../lib/gcc/arm-none-eabi/10.3.1/../../../../arm-none-eabi/lib/thumb/v7-m/nofp\libg.a(lib_a-memcpy.o)
                0x0800014c                memcpy
 *(.text*)
 .text.HAL_TIM_PeriodElapsedCallback
                0x08000238       0x30 CMakeFiles/stop_beep.elf.dir/Core/Src/common.c.obj
                0x08000238                HAL_TIM_PeriodElapsedCallback
 .text.Uart1_RxDataCallback_ToUSB
                0x08000268        0x8 CMakeFiles/stop_beep.elf.dir/Core/Src/common.c.obj
                0x08000268                Uart1_RxDataCallback_ToUSB
 .text.System_Init
                0x08000270       0x20 CMakeFiles/stop_beep.elf.dir/Core/Src/common.c.obj
                0x08000270                System_Init
 .text.UserTasks
                0x08000290       0x1c CMakeFiles/stop_beep.elf.dir/Core/Src/common.c.obj
                0x08000290                UserTasks
 .text.MX_DMA_Init
                0x080002ac       0x44 CMakeFiles/stop_beep.elf.dir/Core/Src/dma.c.obj
                0x080002ac                MX_DMA_Init
 .text.MX_GPIO_Init
                0x080002f0       0xf4 CMakeFiles/stop_beep.elf.dir/Core/Src/gpio.c.obj
                0x080002f0                MX_GPIO_Init
 .text.Error_Handler
                0x080003e4        0x4 CMakeFiles/stop_beep.elf.dir/Core/Src/main.c.obj
                0x080003e4                Error_Handler
 .text.SystemClock_Config
                0x080003e8       0x82 CMakeFiles/stop_beep.elf.dir/Core/Src/main.c.obj
                0x080003e8                SystemClock_Config
 .text.main     0x0800046a       0x30 CMakeFiles/stop_beep.elf.dir/Core/Src/main.c.obj
                0x0800046a                main
 *fill*         0x0800049a        0x2 
 .text.HAL_MspInit
                0x0800049c       0x44 CMakeFiles/stop_beep.elf.dir/Core/Src/stm32f1xx_hal_msp.c.obj
                0x0800049c                HAL_MspInit
 .text.NMI_Handler
                0x080004e0        0x2 CMakeFiles/stop_beep.elf.dir/Core/Src/stm32f1xx_it.c.obj
                0x080004e0                NMI_Handler
 .text.HardFault_Handler
                0x080004e2        0x2 CMakeFiles/stop_beep.elf.dir/Core/Src/stm32f1xx_it.c.obj
                0x080004e2                HardFault_Handler
 .text.MemManage_Handler
                0x080004e4        0x2 CMakeFiles/stop_beep.elf.dir/Core/Src/stm32f1xx_it.c.obj
                0x080004e4                MemManage_Handler
 .text.BusFault_Handler
                0x080004e6        0x2 CMakeFiles/stop_beep.elf.dir/Core/Src/stm32f1xx_it.c.obj
                0x080004e6                BusFault_Handler
 .text.UsageFault_Handler
                0x080004e8        0x2 CMakeFiles/stop_beep.elf.dir/Core/Src/stm32f1xx_it.c.obj
                0x080004e8                UsageFault_Handler
 .text.SVC_Handler
                0x080004ea        0x2 CMakeFiles/stop_beep.elf.dir/Core/Src/stm32f1xx_it.c.obj
                0x080004ea                SVC_Handler
 .text.DebugMon_Handler
                0x080004ec        0x2 CMakeFiles/stop_beep.elf.dir/Core/Src/stm32f1xx_it.c.obj
                0x080004ec                DebugMon_Handler
 .text.PendSV_Handler
                0x080004ee        0x2 CMakeFiles/stop_beep.elf.dir/Core/Src/stm32f1xx_it.c.obj
                0x080004ee                PendSV_Handler
 .text.SysTick_Handler
                0x080004f0        0x8 CMakeFiles/stop_beep.elf.dir/Core/Src/stm32f1xx_it.c.obj
                0x080004f0                SysTick_Handler
 .text.DMA1_Channel4_IRQHandler
                0x080004f8       0x10 CMakeFiles/stop_beep.elf.dir/Core/Src/stm32f1xx_it.c.obj
                0x080004f8                DMA1_Channel4_IRQHandler
 .text.DMA1_Channel5_IRQHandler
                0x08000508       0x10 CMakeFiles/stop_beep.elf.dir/Core/Src/stm32f1xx_it.c.obj
                0x08000508                DMA1_Channel5_IRQHandler
 .text.USB_LP_CAN1_RX0_IRQHandler
                0x08000518       0x10 CMakeFiles/stop_beep.elf.dir/Core/Src/stm32f1xx_it.c.obj
                0x08000518                USB_LP_CAN1_RX0_IRQHandler
 .text.TIM1_UP_IRQHandler
                0x08000528       0x10 CMakeFiles/stop_beep.elf.dir/Core/Src/stm32f1xx_it.c.obj
                0x08000528                TIM1_UP_IRQHandler
 .text.TIM3_IRQHandler
                0x08000538       0x10 CMakeFiles/stop_beep.elf.dir/Core/Src/stm32f1xx_it.c.obj
                0x08000538                TIM3_IRQHandler
 .text.USART1_IRQHandler
                0x08000548       0x14 CMakeFiles/stop_beep.elf.dir/Core/Src/stm32f1xx_it.c.obj
                0x08000548                USART1_IRQHandler
 .text.seg7_enable
                0x0800055c       0x8c CMakeFiles/stop_beep.elf.dir/Core/Src/stop_watch.c.obj
                0x0800055c                seg7_enable
 .text.seg7_show
                0x080005e8       0xac CMakeFiles/stop_beep.elf.dir/Core/Src/stop_watch.c.obj
                0x080005e8                seg7_show
 .text._read    0x08000694       0x20 CMakeFiles/stop_beep.elf.dir/Core/Src/syscalls.c.obj
                0x08000694                _read
 .text._close   0x080006b4        0x6 CMakeFiles/stop_beep.elf.dir/Core/Src/syscalls.c.obj
                0x080006b4                _close
 .text._fstat   0x080006ba        0xa CMakeFiles/stop_beep.elf.dir/Core/Src/syscalls.c.obj
                0x080006ba                _fstat
 .text._isatty  0x080006c4        0x4 CMakeFiles/stop_beep.elf.dir/Core/Src/syscalls.c.obj
                0x080006c4                _isatty
 .text._lseek   0x080006c8        0x4 CMakeFiles/stop_beep.elf.dir/Core/Src/syscalls.c.obj
                0x080006c8                _lseek
 .text._sbrk    0x080006cc       0x48 CMakeFiles/stop_beep.elf.dir/Core/Src/sysmem.c.obj
                0x080006cc                _sbrk
 .text.SystemInit
                0x08000714        0x2 CMakeFiles/stop_beep.elf.dir/Core/Src/system_stm32f1xx.c.obj
                0x08000714                SystemInit
 *fill*         0x08000716        0x2 
 .text.MX_TIM1_Init
                0x08000718       0x70 CMakeFiles/stop_beep.elf.dir/Core/Src/tim.c.obj
                0x08000718                MX_TIM1_Init
 .text.MX_TIM3_Init
                0x08000788       0x6c CMakeFiles/stop_beep.elf.dir/Core/Src/tim.c.obj
                0x08000788                MX_TIM3_Init
 .text.HAL_TIM_Base_MspInit
                0x080007f4       0x90 CMakeFiles/stop_beep.elf.dir/Core/Src/tim.c.obj
                0x080007f4                HAL_TIM_Base_MspInit
 .text.HAL_TIM_MspPostInit
                0x08000884       0x4c CMakeFiles/stop_beep.elf.dir/Core/Src/tim.c.obj
                0x08000884                HAL_TIM_MspPostInit
 .text.MX_TIM2_Init
                0x080008d0       0xac CMakeFiles/stop_beep.elf.dir/Core/Src/tim.c.obj
                0x080008d0                MX_TIM2_Init
 .text.timer_process
                0x0800097c       0xf8 CMakeFiles/stop_beep.elf.dir/Core/Src/timer.c.obj
                0x0800097c                timer_process
 .text.timer_show
                0x08000a74       0x40 CMakeFiles/stop_beep.elf.dir/Core/Src/timer.c.obj
                0x08000a74                timer_show
 .text.HAL_UART_EndRxTransfer_IT
                0x08000ab4       0x1c CMakeFiles/stop_beep.elf.dir/Core/Src/uart_dma.c.obj
                0x08000ab4                HAL_UART_EndRxTransfer_IT
 .text.Uart_DMA_Init
                0x08000ad0       0xa0 CMakeFiles/stop_beep.elf.dir/Core/Src/uart_dma.c.obj
                0x08000ad0                Uart_DMA_Init
 .text.Uart_RxIDLE_Handler
                0x08000b70      0x18c CMakeFiles/stop_beep.elf.dir/Core/Src/uart_dma.c.obj
                0x08000b70                Uart_RxIDLE_Handler
 .text.HAL_UART_ErrorCallback
                0x08000cfc        0x2 CMakeFiles/stop_beep.elf.dir/Core/Src/uart_dma.c.obj
                0x08000cfc                HAL_UART_ErrorCallback
 *fill*         0x08000cfe        0x2 
 .text.HAL_UART_RxCpltCallback
                0x08000d00      0x10c CMakeFiles/stop_beep.elf.dir/Core/Src/uart_dma.c.obj
                0x08000d00                HAL_UART_RxCpltCallback
 .text.UartTxDataDMA
                0x08000e0c       0xa8 CMakeFiles/stop_beep.elf.dir/Core/Src/uart_dma.c.obj
                0x08000e0c                UartTxDataDMA
 .text.StartAllUartDMAReceive
                0x08000eb4       0x3c CMakeFiles/stop_beep.elf.dir/Core/Src/uart_dma.c.obj
                0x08000eb4                StartAllUartDMAReceive
 .text.CheckUartRxData
                0x08000ef0       0xc4 CMakeFiles/stop_beep.elf.dir/Core/Src/uart_dma.c.obj
                0x08000ef0                CheckUartRxData
 .text.CheckUartTxData
                0x08000fb4       0xc4 CMakeFiles/stop_beep.elf.dir/Core/Src/uart_dma.c.obj
                0x08000fb4                CheckUartTxData
 .text._write   0x08001078       0x18 CMakeFiles/stop_beep.elf.dir/Core/Src/usart.c.obj
                0x08001078                _write
 .text.MX_USART1_UART_Init
                0x08001090       0x34 CMakeFiles/stop_beep.elf.dir/Core/Src/usart.c.obj
                0x08001090                MX_USART1_UART_Init
 .text.HAL_UART_MspInit
                0x080010c4       0xf0 CMakeFiles/stop_beep.elf.dir/Core/Src/usart.c.obj
                0x080010c4                HAL_UART_MspInit
 .text.Usb2UartInit
                0x080011b4       0x44 CMakeFiles/stop_beep.elf.dir/Core/Src/usb_uart.c.obj
                0x080011b4                Usb2UartInit
 .text.USBTxDataDMA
                0x080011f8       0x64 CMakeFiles/stop_beep.elf.dir/Core/Src/usb_uart.c.obj
                0x080011f8                USBTxDataDMA
 .text.SendDataToUSB
                0x0800125c       0x1c CMakeFiles/stop_beep.elf.dir/Core/Src/usb_uart.c.obj
                0x0800125c                SendDataToUSB
 .text.CheckUSBRxData
                0x08001278       0x78 CMakeFiles/stop_beep.elf.dir/Core/Src/usb_uart.c.obj
                0x08001278                CheckUSBRxData
 .text.CheckUSBTxData
                0x080012f0       0x7c CMakeFiles/stop_beep.elf.dir/Core/Src/usb_uart.c.obj
                0x080012f0                CheckUSBTxData
 .text.Reset_Handler
                0x0800136c       0x48 CMakeFiles/stop_beep.elf.dir/Core/Startup/startup_stm32f103cbtx.s.obj
                0x0800136c                Reset_Handler
 .text.Default_Handler
                0x080013b4        0x2 CMakeFiles/stop_beep.elf.dir/Core/Startup/startup_stm32f103cbtx.s.obj
                0x080013b4                RTC_Alarm_IRQHandler
                0x080013b4                EXTI2_IRQHandler
                0x080013b4                TIM1_CC_IRQHandler
                0x080013b4                PVD_IRQHandler
                0x080013b4                EXTI3_IRQHandler
                0x080013b4                EXTI0_IRQHandler
                0x080013b4                I2C2_EV_IRQHandler
                0x080013b4                ADC1_2_IRQHandler
                0x080013b4                SPI1_IRQHandler
                0x080013b4                TAMPER_IRQHandler
                0x080013b4                USART3_IRQHandler
                0x080013b4                RTC_IRQHandler
                0x080013b4                DMA1_Channel7_IRQHandler
                0x080013b4                CAN1_RX1_IRQHandler
                0x080013b4                TIM4_IRQHandler
                0x080013b4                I2C1_EV_IRQHandler
                0x080013b4                DMA1_Channel6_IRQHandler
                0x080013b4                RCC_IRQHandler
                0x080013b4                TIM1_TRG_COM_IRQHandler
                0x080013b4                DMA1_Channel1_IRQHandler
                0x080013b4                Default_Handler
                0x080013b4                EXTI15_10_IRQHandler
                0x080013b4                EXTI9_5_IRQHandler
                0x080013b4                SPI2_IRQHandler
                0x080013b4                EXTI4_IRQHandler
                0x080013b4                USB_HP_CAN1_TX_IRQHandler
                0x080013b4                DMA1_Channel3_IRQHandler
                0x080013b4                WWDG_IRQHandler
                0x080013b4                TIM2_IRQHandler
                0x080013b4                TIM1_BRK_IRQHandler
                0x080013b4                EXTI1_IRQHandler
                0x080013b4                USART2_IRQHandler
                0x080013b4                I2C2_ER_IRQHandler
                0x080013b4                DMA1_Channel2_IRQHandler
                0x080013b4                CAN1_SCE_IRQHandler
                0x080013b4                FLASH_IRQHandler
                0x080013b4                I2C1_ER_IRQHandler
                0x080013b4                USBWakeUp_IRQHandler
 *fill*         0x080013b6        0x2 
 .text.HAL_InitTick
                0x080013b8       0x4c CMakeFiles/stop_beep.elf.dir/Drivers/STM32F1xx_HAL_Driver/Src/stm32f1xx_hal.c.obj
                0x080013b8                HAL_InitTick
 .text.HAL_Init
                0x08001404       0x24 CMakeFiles/stop_beep.elf.dir/Drivers/STM32F1xx_HAL_Driver/Src/stm32f1xx_hal.c.obj
                0x08001404                HAL_Init
 .text.HAL_IncTick
                0x08001428       0x18 CMakeFiles/stop_beep.elf.dir/Drivers/STM32F1xx_HAL_Driver/Src/stm32f1xx_hal.c.obj
                0x08001428                HAL_IncTick
 .text.HAL_GetTick
                0x08001440        0xc CMakeFiles/stop_beep.elf.dir/Drivers/STM32F1xx_HAL_Driver/Src/stm32f1xx_hal.c.obj
                0x08001440                HAL_GetTick
 .text.HAL_NVIC_SetPriorityGrouping
                0x0800144c       0x24 CMakeFiles/stop_beep.elf.dir/Drivers/STM32F1xx_HAL_Driver/Src/stm32f1xx_hal_cortex.c.obj
                0x0800144c                HAL_NVIC_SetPriorityGrouping
 .text.HAL_NVIC_SetPriority
                0x08001470       0x70 CMakeFiles/stop_beep.elf.dir/Drivers/STM32F1xx_HAL_Driver/Src/stm32f1xx_hal_cortex.c.obj
                0x08001470                HAL_NVIC_SetPriority
 .text.HAL_NVIC_EnableIRQ
                0x080014e0       0x1c CMakeFiles/stop_beep.elf.dir/Drivers/STM32F1xx_HAL_Driver/Src/stm32f1xx_hal_cortex.c.obj
                0x080014e0                HAL_NVIC_EnableIRQ
 .text.HAL_SYSTICK_Config
                0x080014fc       0x28 CMakeFiles/stop_beep.elf.dir/Drivers/STM32F1xx_HAL_Driver/Src/stm32f1xx_hal_cortex.c.obj
                0x080014fc                HAL_SYSTICK_Config
 .text.DMA_SetConfig
                0x08001524       0x2c CMakeFiles/stop_beep.elf.dir/Drivers/STM32F1xx_HAL_Driver/Src/stm32f1xx_hal_dma.c.obj
 .text.HAL_DMA_Init
                0x08001550       0x6c CMakeFiles/stop_beep.elf.dir/Drivers/STM32F1xx_HAL_Driver/Src/stm32f1xx_hal_dma.c.obj
                0x08001550                HAL_DMA_Init
 .text.HAL_DMA_Start_IT
                0x080015bc       0x74 CMakeFiles/stop_beep.elf.dir/Drivers/STM32F1xx_HAL_Driver/Src/stm32f1xx_hal_dma.c.obj
                0x080015bc                HAL_DMA_Start_IT
 .text.HAL_DMA_Abort
                0x08001630       0x44 CMakeFiles/stop_beep.elf.dir/Drivers/STM32F1xx_HAL_Driver/Src/stm32f1xx_hal_dma.c.obj
                0x08001630                HAL_DMA_Abort
 .text.HAL_DMA_Abort_IT
                0x08001674       0x98 CMakeFiles/stop_beep.elf.dir/Drivers/STM32F1xx_HAL_Driver/Src/stm32f1xx_hal_dma.c.obj
                0x08001674                HAL_DMA_Abort_IT
 .text.HAL_DMA_IRQHandler
                0x0800170c      0x144 CMakeFiles/stop_beep.elf.dir/Drivers/STM32F1xx_HAL_Driver/Src/stm32f1xx_hal_dma.c.obj
                0x0800170c                HAL_DMA_IRQHandler
 .text.HAL_GPIO_Init
                0x08001850      0x224 CMakeFiles/stop_beep.elf.dir/Drivers/STM32F1xx_HAL_Driver/Src/stm32f1xx_hal_gpio.c.obj
                0x08001850                HAL_GPIO_Init
 .text.HAL_GPIO_WritePin
                0x08001a74        0xc CMakeFiles/stop_beep.elf.dir/Drivers/STM32F1xx_HAL_Driver/Src/stm32f1xx_hal_gpio.c.obj
                0x08001a74                HAL_GPIO_WritePin
 .text.HAL_PCD_EP_DB_Receive
                0x08001a80      0x11c CMakeFiles/stop_beep.elf.dir/Drivers/STM32F1xx_HAL_Driver/Src/stm32f1xx_hal_pcd.c.obj
 .text.HAL_PCD_Init
                0x08001b9c      0x118 CMakeFiles/stop_beep.elf.dir/Drivers/STM32F1xx_HAL_Driver/Src/stm32f1xx_hal_pcd.c.obj
                0x08001b9c                HAL_PCD_Init
 .text.HAL_PCD_Start
                0x08001cb4       0x32 CMakeFiles/stop_beep.elf.dir/Drivers/STM32F1xx_HAL_Driver/Src/stm32f1xx_hal_pcd.c.obj
                0x08001cb4                HAL_PCD_Start
 .text.HAL_PCD_EP_DB_Transmit
                0x08001ce6      0x420 CMakeFiles/stop_beep.elf.dir/Drivers/STM32F1xx_HAL_Driver/Src/stm32f1xx_hal_pcd.c.obj
 .text.PCD_EP_ISR_Handler
                0x08002106      0x438 CMakeFiles/stop_beep.elf.dir/Drivers/STM32F1xx_HAL_Driver/Src/stm32f1xx_hal_pcd.c.obj
 .text.HAL_PCD_SetAddress
                0x0800253e       0x28 CMakeFiles/stop_beep.elf.dir/Drivers/STM32F1xx_HAL_Driver/Src/stm32f1xx_hal_pcd.c.obj
                0x0800253e                HAL_PCD_SetAddress
 .text.HAL_PCD_IRQHandler
                0x08002566      0x1d4 CMakeFiles/stop_beep.elf.dir/Drivers/STM32F1xx_HAL_Driver/Src/stm32f1xx_hal_pcd.c.obj
                0x08002566                HAL_PCD_IRQHandler
 .text.HAL_PCD_EP_Open
                0x0800273a       0x84 CMakeFiles/stop_beep.elf.dir/Drivers/STM32F1xx_HAL_Driver/Src/stm32f1xx_hal_pcd.c.obj
                0x0800273a                HAL_PCD_EP_Open
 .text.HAL_PCD_EP_Close
                0x080027be       0x64 CMakeFiles/stop_beep.elf.dir/Drivers/STM32F1xx_HAL_Driver/Src/stm32f1xx_hal_pcd.c.obj
                0x080027be                HAL_PCD_EP_Close
 .text.HAL_PCD_EP_Receive
                0x08002822       0x44 CMakeFiles/stop_beep.elf.dir/Drivers/STM32F1xx_HAL_Driver/Src/stm32f1xx_hal_pcd.c.obj
                0x08002822                HAL_PCD_EP_Receive
 .text.HAL_PCD_EP_GetRxCount
                0x08002866       0x12 CMakeFiles/stop_beep.elf.dir/Drivers/STM32F1xx_HAL_Driver/Src/stm32f1xx_hal_pcd.c.obj
                0x08002866                HAL_PCD_EP_GetRxCount
 .text.HAL_PCD_EP_Transmit
                0x08002878       0x50 CMakeFiles/stop_beep.elf.dir/Drivers/STM32F1xx_HAL_Driver/Src/stm32f1xx_hal_pcd.c.obj
                0x08002878                HAL_PCD_EP_Transmit
 .text.HAL_PCD_EP_SetStall
                0x080028c8       0x78 CMakeFiles/stop_beep.elf.dir/Drivers/STM32F1xx_HAL_Driver/Src/stm32f1xx_hal_pcd.c.obj
                0x080028c8                HAL_PCD_EP_SetStall
 .text.HAL_PCD_EP_ClrStall
                0x08002940       0x76 CMakeFiles/stop_beep.elf.dir/Drivers/STM32F1xx_HAL_Driver/Src/stm32f1xx_hal_pcd.c.obj
                0x08002940                HAL_PCD_EP_ClrStall
 .text.HAL_PCDEx_PMAConfig
                0x080029b6       0x38 CMakeFiles/stop_beep.elf.dir/Drivers/STM32F1xx_HAL_Driver/Src/stm32f1xx_hal_pcd_ex.c.obj
                0x080029b6                HAL_PCDEx_PMAConfig
 *fill*         0x080029ee        0x2 
 .text.RCC_Delay
                0x080029f0       0x2c CMakeFiles/stop_beep.elf.dir/Drivers/STM32F1xx_HAL_Driver/Src/stm32f1xx_hal_rcc.c.obj
 .text.HAL_RCC_OscConfig
                0x08002a1c      0x410 CMakeFiles/stop_beep.elf.dir/Drivers/STM32F1xx_HAL_Driver/Src/stm32f1xx_hal_rcc.c.obj
                0x08002a1c                HAL_RCC_OscConfig
 .text.HAL_RCC_GetSysClockFreq
                0x08002e2c       0x70 CMakeFiles/stop_beep.elf.dir/Drivers/STM32F1xx_HAL_Driver/Src/stm32f1xx_hal_rcc.c.obj
                0x08002e2c                HAL_RCC_GetSysClockFreq
 .text.HAL_RCC_ClockConfig
                0x08002e9c      0x16c CMakeFiles/stop_beep.elf.dir/Drivers/STM32F1xx_HAL_Driver/Src/stm32f1xx_hal_rcc.c.obj
                0x08002e9c                HAL_RCC_ClockConfig
 .text.HAL_RCC_GetHCLKFreq
                0x08003008        0xc CMakeFiles/stop_beep.elf.dir/Drivers/STM32F1xx_HAL_Driver/Src/stm32f1xx_hal_rcc.c.obj
                0x08003008                HAL_RCC_GetHCLKFreq
 .text.HAL_RCC_GetPCLK1Freq
                0x08003014       0x20 CMakeFiles/stop_beep.elf.dir/Drivers/STM32F1xx_HAL_Driver/Src/stm32f1xx_hal_rcc.c.obj
                0x08003014                HAL_RCC_GetPCLK1Freq
 .text.HAL_RCC_GetPCLK2Freq
                0x08003034       0x20 CMakeFiles/stop_beep.elf.dir/Drivers/STM32F1xx_HAL_Driver/Src/stm32f1xx_hal_rcc.c.obj
                0x08003034                HAL_RCC_GetPCLK2Freq
 .text.HAL_RCCEx_PeriphCLKConfig
                0x08003054      0x118 CMakeFiles/stop_beep.elf.dir/Drivers/STM32F1xx_HAL_Driver/Src/stm32f1xx_hal_rcc_ex.c.obj
                0x08003054                HAL_RCCEx_PeriphCLKConfig
 .text.TIM_OC1_SetConfig
                0x0800316c       0x5c CMakeFiles/stop_beep.elf.dir/Drivers/STM32F1xx_HAL_Driver/Src/stm32f1xx_hal_tim.c.obj
 .text.TIM_OC3_SetConfig
                0x080031c8       0x64 CMakeFiles/stop_beep.elf.dir/Drivers/STM32F1xx_HAL_Driver/Src/stm32f1xx_hal_tim.c.obj
 .text.TIM_OC4_SetConfig
                0x0800322c       0x48 CMakeFiles/stop_beep.elf.dir/Drivers/STM32F1xx_HAL_Driver/Src/stm32f1xx_hal_tim.c.obj
 .text.TIM_TI1_ConfigInputStage
                0x08003274       0x24 CMakeFiles/stop_beep.elf.dir/Drivers/STM32F1xx_HAL_Driver/Src/stm32f1xx_hal_tim.c.obj
 .text.TIM_TI2_ConfigInputStage
                0x08003298       0x26 CMakeFiles/stop_beep.elf.dir/Drivers/STM32F1xx_HAL_Driver/Src/stm32f1xx_hal_tim.c.obj
 .text.TIM_ITRx_SetConfig
                0x080032be       0x10 CMakeFiles/stop_beep.elf.dir/Drivers/STM32F1xx_HAL_Driver/Src/stm32f1xx_hal_tim.c.obj
 *fill*         0x080032ce        0x2 
 .text.HAL_TIM_Base_Start_IT
                0x080032d0       0x68 CMakeFiles/stop_beep.elf.dir/Drivers/STM32F1xx_HAL_Driver/Src/stm32f1xx_hal_tim.c.obj
                0x080032d0                HAL_TIM_Base_Start_IT
 .text.HAL_TIM_PWM_MspInit
                0x08003338        0x2 CMakeFiles/stop_beep.elf.dir/Drivers/STM32F1xx_HAL_Driver/Src/stm32f1xx_hal_tim.c.obj
                0x08003338                HAL_TIM_PWM_MspInit
 .text.HAL_TIM_OC_DelayElapsedCallback
                0x0800333a        0x2 CMakeFiles/stop_beep.elf.dir/Drivers/STM32F1xx_HAL_Driver/Src/stm32f1xx_hal_tim.c.obj
                0x0800333a                HAL_TIM_OC_DelayElapsedCallback
 .text.HAL_TIM_IC_CaptureCallback
                0x0800333c        0x2 CMakeFiles/stop_beep.elf.dir/Drivers/STM32F1xx_HAL_Driver/Src/stm32f1xx_hal_tim.c.obj
                0x0800333c                HAL_TIM_IC_CaptureCallback
 .text.HAL_TIM_PWM_PulseFinishedCallback
                0x0800333e        0x2 CMakeFiles/stop_beep.elf.dir/Drivers/STM32F1xx_HAL_Driver/Src/stm32f1xx_hal_tim.c.obj
                0x0800333e                HAL_TIM_PWM_PulseFinishedCallback
 .text.HAL_TIM_TriggerCallback
                0x08003340        0x2 CMakeFiles/stop_beep.elf.dir/Drivers/STM32F1xx_HAL_Driver/Src/stm32f1xx_hal_tim.c.obj
                0x08003340                HAL_TIM_TriggerCallback
 .text.HAL_TIM_IRQHandler
                0x08003342      0x17a CMakeFiles/stop_beep.elf.dir/Drivers/STM32F1xx_HAL_Driver/Src/stm32f1xx_hal_tim.c.obj
                0x08003342                HAL_TIM_IRQHandler
 .text.TIM_Base_SetConfig
                0x080034bc       0x74 CMakeFiles/stop_beep.elf.dir/Drivers/STM32F1xx_HAL_Driver/Src/stm32f1xx_hal_tim.c.obj
                0x080034bc                TIM_Base_SetConfig
 .text.HAL_TIM_Base_Init
                0x08003530       0x58 CMakeFiles/stop_beep.elf.dir/Drivers/STM32F1xx_HAL_Driver/Src/stm32f1xx_hal_tim.c.obj
                0x08003530                HAL_TIM_Base_Init
 .text.HAL_TIM_PWM_Init
                0x08003588       0x58 CMakeFiles/stop_beep.elf.dir/Drivers/STM32F1xx_HAL_Driver/Src/stm32f1xx_hal_tim.c.obj
                0x08003588                HAL_TIM_PWM_Init
 .text.TIM_OC2_SetConfig
                0x080035e0       0x64 CMakeFiles/stop_beep.elf.dir/Drivers/STM32F1xx_HAL_Driver/Src/stm32f1xx_hal_tim.c.obj
                0x080035e0                TIM_OC2_SetConfig
 .text.HAL_TIM_PWM_ConfigChannel
                0x08003644       0xd0 CMakeFiles/stop_beep.elf.dir/Drivers/STM32F1xx_HAL_Driver/Src/stm32f1xx_hal_tim.c.obj
                0x08003644                HAL_TIM_PWM_ConfigChannel
 .text.TIM_ETR_SetConfig
                0x08003714       0x18 CMakeFiles/stop_beep.elf.dir/Drivers/STM32F1xx_HAL_Driver/Src/stm32f1xx_hal_tim.c.obj
                0x08003714                TIM_ETR_SetConfig
 .text.HAL_TIM_ConfigClockSource
                0x0800372c       0xda CMakeFiles/stop_beep.elf.dir/Drivers/STM32F1xx_HAL_Driver/Src/stm32f1xx_hal_tim.c.obj
                0x0800372c                HAL_TIM_ConfigClockSource
 *fill*         0x08003806        0x2 
 .text.HAL_TIMEx_MasterConfigSynchronization
                0x08003808       0x6c CMakeFiles/stop_beep.elf.dir/Drivers/STM32F1xx_HAL_Driver/Src/stm32f1xx_hal_tim_ex.c.obj
                0x08003808                HAL_TIMEx_MasterConfigSynchronization
 .text.HAL_TIMEx_CommutCallback
                0x08003874        0x2 CMakeFiles/stop_beep.elf.dir/Drivers/STM32F1xx_HAL_Driver/Src/stm32f1xx_hal_tim_ex.c.obj
                0x08003874                HAL_TIMEx_CommutCallback
 .text.HAL_TIMEx_BreakCallback
                0x08003876        0x2 CMakeFiles/stop_beep.elf.dir/Drivers/STM32F1xx_HAL_Driver/Src/stm32f1xx_hal_tim_ex.c.obj
                0x08003876                HAL_TIMEx_BreakCallback
 .text.UART_EndTxTransfer
                0x08003878       0x12 CMakeFiles/stop_beep.elf.dir/Drivers/STM32F1xx_HAL_Driver/Src/stm32f1xx_hal_uart.c.obj
 .text.UART_EndRxTransfer
                0x0800388a       0x32 CMakeFiles/stop_beep.elf.dir/Drivers/STM32F1xx_HAL_Driver/Src/stm32f1xx_hal_uart.c.obj
 .text.UART_Transmit_IT
                0x080038bc       0x60 CMakeFiles/stop_beep.elf.dir/Drivers/STM32F1xx_HAL_Driver/Src/stm32f1xx_hal_uart.c.obj
 .text.UART_SetConfig
                0x0800391c       0x94 CMakeFiles/stop_beep.elf.dir/Drivers/STM32F1xx_HAL_Driver/Src/stm32f1xx_hal_uart.c.obj
 .text.UART_WaitOnFlagUntilTimeout
                0x080039b0       0x6c CMakeFiles/stop_beep.elf.dir/Drivers/STM32F1xx_HAL_Driver/Src/stm32f1xx_hal_uart.c.obj
 .text.HAL_UART_Init
                0x08003a1c       0x5e CMakeFiles/stop_beep.elf.dir/Drivers/STM32F1xx_HAL_Driver/Src/stm32f1xx_hal_uart.c.obj
                0x08003a1c                HAL_UART_Init
 .text.HAL_UART_Transmit
                0x08003a7a       0xd8 CMakeFiles/stop_beep.elf.dir/Drivers/STM32F1xx_HAL_Driver/Src/stm32f1xx_hal_uart.c.obj
                0x08003a7a                HAL_UART_Transmit
 *fill*         0x08003b52        0x2 
 .text.HAL_UART_Transmit_DMA
                0x08003b54       0x8c CMakeFiles/stop_beep.elf.dir/Drivers/STM32F1xx_HAL_Driver/Src/stm32f1xx_hal_uart.c.obj
                0x08003b54                HAL_UART_Transmit_DMA
 .text.HAL_UART_DMAStop
                0x08003be0       0x64 CMakeFiles/stop_beep.elf.dir/Drivers/STM32F1xx_HAL_Driver/Src/stm32f1xx_hal_uart.c.obj
                0x08003be0                HAL_UART_DMAStop
 .text.HAL_UART_TxCpltCallback
                0x08003c44        0x2 CMakeFiles/stop_beep.elf.dir/Drivers/STM32F1xx_HAL_Driver/Src/stm32f1xx_hal_uart.c.obj
                0x08003c44                HAL_UART_TxCpltCallback
 .text.UART_DMATransmitCplt
                0x08003c46       0x30 CMakeFiles/stop_beep.elf.dir/Drivers/STM32F1xx_HAL_Driver/Src/stm32f1xx_hal_uart.c.obj
 .text.UART_EndTransmit_IT
                0x08003c76       0x1a CMakeFiles/stop_beep.elf.dir/Drivers/STM32F1xx_HAL_Driver/Src/stm32f1xx_hal_uart.c.obj
 .text.HAL_UART_TxHalfCpltCallback
                0x08003c90        0x2 CMakeFiles/stop_beep.elf.dir/Drivers/STM32F1xx_HAL_Driver/Src/stm32f1xx_hal_uart.c.obj
                0x08003c90                HAL_UART_TxHalfCpltCallback
 .text.UART_DMATxHalfCplt
                0x08003c92        0xa CMakeFiles/stop_beep.elf.dir/Drivers/STM32F1xx_HAL_Driver/Src/stm32f1xx_hal_uart.c.obj
 .text.HAL_UART_RxHalfCpltCallback
                0x08003c9c        0x2 CMakeFiles/stop_beep.elf.dir/Drivers/STM32F1xx_HAL_Driver/Src/stm32f1xx_hal_uart.c.obj
                0x08003c9c                HAL_UART_RxHalfCpltCallback
 .text.UART_DMAError
                0x08003c9e       0x58 CMakeFiles/stop_beep.elf.dir/Drivers/STM32F1xx_HAL_Driver/Src/stm32f1xx_hal_uart.c.obj
 .text.UART_DMAAbortOnError
                0x08003cf6       0x10 CMakeFiles/stop_beep.elf.dir/Drivers/STM32F1xx_HAL_Driver/Src/stm32f1xx_hal_uart.c.obj
 .text.HAL_UARTEx_RxEventCallback
                0x08003d06        0x2 CMakeFiles/stop_beep.elf.dir/Drivers/STM32F1xx_HAL_Driver/Src/stm32f1xx_hal_uart.c.obj
                0x08003d06                HAL_UARTEx_RxEventCallback
 .text.UART_Receive_IT
                0x08003d08       0xd4 CMakeFiles/stop_beep.elf.dir/Drivers/STM32F1xx_HAL_Driver/Src/stm32f1xx_hal_uart.c.obj
 .text.HAL_UART_IRQHandler
                0x08003ddc      0x204 CMakeFiles/stop_beep.elf.dir/Drivers/STM32F1xx_HAL_Driver/Src/stm32f1xx_hal_uart.c.obj
                0x08003ddc                HAL_UART_IRQHandler
 .text.UART_DMARxHalfCplt
                0x08003fe0       0x1a CMakeFiles/stop_beep.elf.dir/Drivers/STM32F1xx_HAL_Driver/Src/stm32f1xx_hal_uart.c.obj
 .text.UART_DMAReceiveCplt
                0x08003ffa       0x5e CMakeFiles/stop_beep.elf.dir/Drivers/STM32F1xx_HAL_Driver/Src/stm32f1xx_hal_uart.c.obj
 .text.UART_Start_Receive_IT
                0x08004058       0x36 CMakeFiles/stop_beep.elf.dir/Drivers/STM32F1xx_HAL_Driver/Src/stm32f1xx_hal_uart.c.obj
                0x08004058                UART_Start_Receive_IT
 .text.HAL_UART_Receive_IT
                0x0800408e       0x38 CMakeFiles/stop_beep.elf.dir/Drivers/STM32F1xx_HAL_Driver/Src/stm32f1xx_hal_uart.c.obj
                0x0800408e                HAL_UART_Receive_IT
 *fill*         0x080040c6        0x2 
 .text.UART_Start_Receive_DMA
                0x080040c8       0x78 CMakeFiles/stop_beep.elf.dir/Drivers/STM32F1xx_HAL_Driver/Src/stm32f1xx_hal_uart.c.obj
                0x080040c8                UART_Start_Receive_DMA
 .text.HAL_UART_Receive_DMA
                0x08004140       0x38 CMakeFiles/stop_beep.elf.dir/Drivers/STM32F1xx_HAL_Driver/Src/stm32f1xx_hal_uart.c.obj
                0x08004140                HAL_UART_Receive_DMA
 .text.USB_CoreInit
                0x08004178        0xe CMakeFiles/stop_beep.elf.dir/Drivers/STM32F1xx_HAL_Driver/Src/stm32f1xx_ll_usb.c.obj
                0x08004178                USB_CoreInit
 .text.USB_EnableGlobalInt
                0x08004186       0x12 CMakeFiles/stop_beep.elf.dir/Drivers/STM32F1xx_HAL_Driver/Src/stm32f1xx_ll_usb.c.obj
                0x08004186                USB_EnableGlobalInt
 .text.USB_DisableGlobalInt
                0x08004198       0x14 CMakeFiles/stop_beep.elf.dir/Drivers/STM32F1xx_HAL_Driver/Src/stm32f1xx_ll_usb.c.obj
                0x08004198                USB_DisableGlobalInt
 .text.USB_SetCurrentMode
                0x080041ac        0x4 CMakeFiles/stop_beep.elf.dir/Drivers/STM32F1xx_HAL_Driver/Src/stm32f1xx_ll_usb.c.obj
                0x080041ac                USB_SetCurrentMode
 .text.USB_DevInit
                0x080041b0       0x22 CMakeFiles/stop_beep.elf.dir/Drivers/STM32F1xx_HAL_Driver/Src/stm32f1xx_ll_usb.c.obj
                0x080041b0                USB_DevInit
 .text.USB_ActivateEndpoint
                0x080041d2      0x378 CMakeFiles/stop_beep.elf.dir/Drivers/STM32F1xx_HAL_Driver/Src/stm32f1xx_ll_usb.c.obj
                0x080041d2                USB_ActivateEndpoint
 .text.USB_DeactivateEndpoint
                0x0800454a      0x1d6 CMakeFiles/stop_beep.elf.dir/Drivers/STM32F1xx_HAL_Driver/Src/stm32f1xx_ll_usb.c.obj
                0x0800454a                USB_DeactivateEndpoint
 .text.USB_EPSetStall
                0x08004720       0x4a CMakeFiles/stop_beep.elf.dir/Drivers/STM32F1xx_HAL_Driver/Src/stm32f1xx_ll_usb.c.obj
                0x08004720                USB_EPSetStall
 .text.USB_EPClearStall
                0x0800476a       0xa2 CMakeFiles/stop_beep.elf.dir/Drivers/STM32F1xx_HAL_Driver/Src/stm32f1xx_ll_usb.c.obj
                0x0800476a                USB_EPClearStall
 .text.USB_SetDevAddress
                0x0800480c        0xc CMakeFiles/stop_beep.elf.dir/Drivers/STM32F1xx_HAL_Driver/Src/stm32f1xx_ll_usb.c.obj
                0x0800480c                USB_SetDevAddress
 .text.USB_DevConnect
                0x08004818        0x4 CMakeFiles/stop_beep.elf.dir/Drivers/STM32F1xx_HAL_Driver/Src/stm32f1xx_ll_usb.c.obj
                0x08004818                USB_DevConnect
 .text.USB_DevDisconnect
                0x0800481c        0x4 CMakeFiles/stop_beep.elf.dir/Drivers/STM32F1xx_HAL_Driver/Src/stm32f1xx_ll_usb.c.obj
                0x0800481c                USB_DevDisconnect
 .text.USB_ReadInterrupts
                0x08004820        0x8 CMakeFiles/stop_beep.elf.dir/Drivers/STM32F1xx_HAL_Driver/Src/stm32f1xx_ll_usb.c.obj
                0x08004820                USB_ReadInterrupts
 .text.USB_EP0_OutStart
                0x08004828        0x4 CMakeFiles/stop_beep.elf.dir/Drivers/STM32F1xx_HAL_Driver/Src/stm32f1xx_ll_usb.c.obj
                0x08004828                USB_EP0_OutStart
 .text.USB_WritePMA
                0x0800482c       0x28 CMakeFiles/stop_beep.elf.dir/Drivers/STM32F1xx_HAL_Driver/Src/stm32f1xx_ll_usb.c.obj
                0x0800482c                USB_WritePMA
 .text.USB_EPStartXfer
                0x08004854      0x8b2 CMakeFiles/stop_beep.elf.dir/Drivers/STM32F1xx_HAL_Driver/Src/stm32f1xx_ll_usb.c.obj
                0x08004854                USB_EPStartXfer
 .text.USB_ReadPMA
                0x08005106       0x30 CMakeFiles/stop_beep.elf.dir/Drivers/STM32F1xx_HAL_Driver/Src/stm32f1xx_ll_usb.c.obj
                0x08005106                USB_ReadPMA
 .text.USBD_CDC_EP0_RxReady
                0x08005136       0x28 CMakeFiles/stop_beep.elf.dir/Middlewares/ST/STM32_USB_Device_Library/Class/CDC/Src/usbd_cdc.c.obj
 *fill*         0x0800515e        0x2 
 .text.USBD_CDC_GetFSCfgDesc
                0x08005160        0xc CMakeFiles/stop_beep.elf.dir/Middlewares/ST/STM32_USB_Device_Library/Class/CDC/Src/usbd_cdc.c.obj
 .text.USBD_CDC_GetHSCfgDesc
                0x0800516c        0xc CMakeFiles/stop_beep.elf.dir/Middlewares/ST/STM32_USB_Device_Library/Class/CDC/Src/usbd_cdc.c.obj
 .text.USBD_CDC_GetOtherSpeedCfgDesc
                0x08005178        0xc CMakeFiles/stop_beep.elf.dir/Middlewares/ST/STM32_USB_Device_Library/Class/CDC/Src/usbd_cdc.c.obj
 .text.USBD_CDC_GetDeviceQualifierDescriptor
                0x08005184        0xc CMakeFiles/stop_beep.elf.dir/Middlewares/ST/STM32_USB_Device_Library/Class/CDC/Src/usbd_cdc.c.obj
                0x08005184                USBD_CDC_GetDeviceQualifierDescriptor
 .text.USBD_CDC_DataOut
                0x08005190       0x2e CMakeFiles/stop_beep.elf.dir/Middlewares/ST/STM32_USB_Device_Library/Class/CDC/Src/usbd_cdc.c.obj
 .text.USBD_CDC_DataIn
                0x080051be       0x4e CMakeFiles/stop_beep.elf.dir/Middlewares/ST/STM32_USB_Device_Library/Class/CDC/Src/usbd_cdc.c.obj
 .text.USBD_CDC_Setup
                0x0800520c       0xd6 CMakeFiles/stop_beep.elf.dir/Middlewares/ST/STM32_USB_Device_Library/Class/CDC/Src/usbd_cdc.c.obj
 .text.USBD_CDC_DeInit
                0x080052e2       0x42 CMakeFiles/stop_beep.elf.dir/Middlewares/ST/STM32_USB_Device_Library/Class/CDC/Src/usbd_cdc.c.obj
 .text.USBD_CDC_Init
                0x08005324       0xaa CMakeFiles/stop_beep.elf.dir/Middlewares/ST/STM32_USB_Device_Library/Class/CDC/Src/usbd_cdc.c.obj
 .text.USBD_CDC_RegisterInterface
                0x080053ce        0xe CMakeFiles/stop_beep.elf.dir/Middlewares/ST/STM32_USB_Device_Library/Class/CDC/Src/usbd_cdc.c.obj
                0x080053ce                USBD_CDC_RegisterInterface
 .text.USBD_CDC_SetTxBuffer
                0x080053dc       0x10 CMakeFiles/stop_beep.elf.dir/Middlewares/ST/STM32_USB_Device_Library/Class/CDC/Src/usbd_cdc.c.obj
                0x080053dc                USBD_CDC_SetTxBuffer
 .text.USBD_CDC_SetRxBuffer
                0x080053ec        0xc CMakeFiles/stop_beep.elf.dir/Middlewares/ST/STM32_USB_Device_Library/Class/CDC/Src/usbd_cdc.c.obj
                0x080053ec                USBD_CDC_SetRxBuffer
 .text.USBD_CDC_TransmitPacket
                0x080053f8       0x34 CMakeFiles/stop_beep.elf.dir/Middlewares/ST/STM32_USB_Device_Library/Class/CDC/Src/usbd_cdc.c.obj
                0x080053f8                USBD_CDC_TransmitPacket
 .text.USBD_CDC_ReceivePacket
                0x0800542c       0x30 CMakeFiles/stop_beep.elf.dir/Middlewares/ST/STM32_USB_Device_Library/Class/CDC/Src/usbd_cdc.c.obj
                0x0800542c                USBD_CDC_ReceivePacket
 .text.USBD_Init
                0x0800545c       0x2e CMakeFiles/stop_beep.elf.dir/Middlewares/ST/STM32_USB_Device_Library/Core/Src/usbd_core.c.obj
                0x0800545c                USBD_Init
 .text.USBD_RegisterClass
                0x0800548a        0xe CMakeFiles/stop_beep.elf.dir/Middlewares/ST/STM32_USB_Device_Library/Core/Src/usbd_core.c.obj
                0x0800548a                USBD_RegisterClass
 .text.USBD_Start
                0x08005498        0xa CMakeFiles/stop_beep.elf.dir/Middlewares/ST/STM32_USB_Device_Library/Core/Src/usbd_core.c.obj
                0x08005498                USBD_Start
 .text.USBD_SetClassConfig
                0x080054a2       0x18 CMakeFiles/stop_beep.elf.dir/Middlewares/ST/STM32_USB_Device_Library/Core/Src/usbd_core.c.obj
                0x080054a2                USBD_SetClassConfig
 .text.USBD_ClrClassConfig
                0x080054ba        0xe CMakeFiles/stop_beep.elf.dir/Middlewares/ST/STM32_USB_Device_Library/Core/Src/usbd_core.c.obj
                0x080054ba                USBD_ClrClassConfig
 .text.USBD_LL_SetupStage
                0x080054c8       0x5a CMakeFiles/stop_beep.elf.dir/Middlewares/ST/STM32_USB_Device_Library/Core/Src/usbd_core.c.obj
                0x080054c8                USBD_LL_SetupStage
 .text.USBD_LL_DataOutStage
                0x08005522       0x8c CMakeFiles/stop_beep.elf.dir/Middlewares/ST/STM32_USB_Device_Library/Core/Src/usbd_core.c.obj
                0x08005522                USBD_LL_DataOutStage
 .text.USBD_LL_DataInStage
                0x080055ae       0xd0 CMakeFiles/stop_beep.elf.dir/Middlewares/ST/STM32_USB_Device_Library/Core/Src/usbd_core.c.obj
                0x080055ae                USBD_LL_DataInStage
 .text.USBD_LL_Reset
                0x0800567e       0x50 CMakeFiles/stop_beep.elf.dir/Middlewares/ST/STM32_USB_Device_Library/Core/Src/usbd_core.c.obj
                0x0800567e                USBD_LL_Reset
 .text.USBD_LL_SetSpeed
                0x080056ce        0x6 CMakeFiles/stop_beep.elf.dir/Middlewares/ST/STM32_USB_Device_Library/Core/Src/usbd_core.c.obj
                0x080056ce                USBD_LL_SetSpeed
 .text.USBD_LL_Suspend
                0x080056d4       0x12 CMakeFiles/stop_beep.elf.dir/Middlewares/ST/STM32_USB_Device_Library/Core/Src/usbd_core.c.obj
                0x080056d4                USBD_LL_Suspend
 .text.USBD_LL_Resume
                0x080056e6       0x16 CMakeFiles/stop_beep.elf.dir/Middlewares/ST/STM32_USB_Device_Library/Core/Src/usbd_core.c.obj
                0x080056e6                USBD_LL_Resume
 .text.USBD_LL_SOF
                0x080056fc       0x1c CMakeFiles/stop_beep.elf.dir/Middlewares/ST/STM32_USB_Device_Library/Core/Src/usbd_core.c.obj
                0x080056fc                USBD_LL_SOF
 .text.USBD_GetLen
                0x08005718       0x14 CMakeFiles/stop_beep.elf.dir/Middlewares/ST/STM32_USB_Device_Library/Core/Src/usbd_ctlreq.c.obj
 .text.USBD_SetFeature
                0x0800572c       0x14 CMakeFiles/stop_beep.elf.dir/Middlewares/ST/STM32_USB_Device_Library/Core/Src/usbd_ctlreq.c.obj
 .text.USBD_ParseSetupRequest
                0x08005740       0x28 CMakeFiles/stop_beep.elf.dir/Middlewares/ST/STM32_USB_Device_Library/Core/Src/usbd_ctlreq.c.obj
                0x08005740                USBD_ParseSetupRequest
 .text.USBD_CtlError
                0x08005768       0x14 CMakeFiles/stop_beep.elf.dir/Middlewares/ST/STM32_USB_Device_Library/Core/Src/usbd_ctlreq.c.obj
                0x08005768                USBD_CtlError
 .text.USBD_GetDescriptor
                0x0800577c      0x186 CMakeFiles/stop_beep.elf.dir/Middlewares/ST/STM32_USB_Device_Library/Core/Src/usbd_ctlreq.c.obj
 .text.USBD_SetAddress
                0x08005902       0x4e CMakeFiles/stop_beep.elf.dir/Middlewares/ST/STM32_USB_Device_Library/Core/Src/usbd_ctlreq.c.obj
 .text.USBD_SetConfig
                0x08005950       0xb0 CMakeFiles/stop_beep.elf.dir/Middlewares/ST/STM32_USB_Device_Library/Core/Src/usbd_ctlreq.c.obj
 .text.USBD_GetConfig
                0x08005a00       0x3e CMakeFiles/stop_beep.elf.dir/Middlewares/ST/STM32_USB_Device_Library/Core/Src/usbd_ctlreq.c.obj
 .text.USBD_GetStatus
                0x08005a3e       0x38 CMakeFiles/stop_beep.elf.dir/Middlewares/ST/STM32_USB_Device_Library/Core/Src/usbd_ctlreq.c.obj
 .text.USBD_ClrFeature
                0x08005a76       0x26 CMakeFiles/stop_beep.elf.dir/Middlewares/ST/STM32_USB_Device_Library/Core/Src/usbd_ctlreq.c.obj
 .text.USBD_StdDevReq
                0x08005a9c       0x68 CMakeFiles/stop_beep.elf.dir/Middlewares/ST/STM32_USB_Device_Library/Core/Src/usbd_ctlreq.c.obj
                0x08005a9c                USBD_StdDevReq
 .text.USBD_StdItfReq
                0x08005b04       0x60 CMakeFiles/stop_beep.elf.dir/Middlewares/ST/STM32_USB_Device_Library/Core/Src/usbd_ctlreq.c.obj
                0x08005b04                USBD_StdItfReq
 .text.USBD_StdEPReq
                0x08005b64      0x1e2 CMakeFiles/stop_beep.elf.dir/Middlewares/ST/STM32_USB_Device_Library/Core/Src/usbd_ctlreq.c.obj
                0x08005b64                USBD_StdEPReq
 .text.USBD_GetString
                0x08005d46       0x3a CMakeFiles/stop_beep.elf.dir/Middlewares/ST/STM32_USB_Device_Library/Core/Src/usbd_ctlreq.c.obj
                0x08005d46                USBD_GetString
 .text.USBD_CtlSendData
                0x08005d80       0x1a CMakeFiles/stop_beep.elf.dir/Middlewares/ST/STM32_USB_Device_Library/Core/Src/usbd_ioreq.c.obj
                0x08005d80                USBD_CtlSendData
 .text.USBD_CtlContinueSendData
                0x08005d9a       0x10 CMakeFiles/stop_beep.elf.dir/Middlewares/ST/STM32_USB_Device_Library/Core/Src/usbd_ioreq.c.obj
                0x08005d9a                USBD_CtlContinueSendData
 .text.USBD_CtlPrepareRx
                0x08005daa       0x1e CMakeFiles/stop_beep.elf.dir/Middlewares/ST/STM32_USB_Device_Library/Core/Src/usbd_ioreq.c.obj
                0x08005daa                USBD_CtlPrepareRx
 .text.USBD_CtlContinueRx
                0x08005dc8       0x10 CMakeFiles/stop_beep.elf.dir/Middlewares/ST/STM32_USB_Device_Library/Core/Src/usbd_ioreq.c.obj
                0x08005dc8                USBD_CtlContinueRx
 .text.USBD_CtlSendStatus
                0x08005dd8       0x16 CMakeFiles/stop_beep.elf.dir/Middlewares/ST/STM32_USB_Device_Library/Core/Src/usbd_ioreq.c.obj
                0x08005dd8                USBD_CtlSendStatus
 .text.USBD_CtlReceiveStatus
                0x08005dee       0x16 CMakeFiles/stop_beep.elf.dir/Middlewares/ST/STM32_USB_Device_Library/Core/Src/usbd_ioreq.c.obj
                0x08005dee                USBD_CtlReceiveStatus
 .text.MX_USB_DEVICE_Init
                0x08005e04       0x54 CMakeFiles/stop_beep.elf.dir/USB_DEVICE/App/usb_device.c.obj
                0x08005e04                MX_USB_DEVICE_Init
 .text.CDC_DeInit_FS
                0x08005e58        0x4 CMakeFiles/stop_beep.elf.dir/USB_DEVICE/App/usbd_cdc_if.c.obj
 .text.CDC_Control_FS
                0x08005e5c        0x4 CMakeFiles/stop_beep.elf.dir/USB_DEVICE/App/usbd_cdc_if.c.obj
 .text.CDC_Receive_FS
                0x08005e60       0x1c CMakeFiles/stop_beep.elf.dir/USB_DEVICE/App/usbd_cdc_if.c.obj
 .text.CDC_Init_FS
                0x08005e7c       0x28 CMakeFiles/stop_beep.elf.dir/USB_DEVICE/App/usbd_cdc_if.c.obj
 .text.CDC_Transmit_FS
                0x08005ea4       0x2c CMakeFiles/stop_beep.elf.dir/USB_DEVICE/App/usbd_cdc_if.c.obj
                0x08005ea4                CDC_Transmit_FS
 .text.USBD_FS_DeviceDescriptor
                0x08005ed0        0xc CMakeFiles/stop_beep.elf.dir/USB_DEVICE/App/usbd_desc.c.obj
                0x08005ed0                USBD_FS_DeviceDescriptor
 .text.USBD_FS_LangIDStrDescriptor
                0x08005edc        0xc CMakeFiles/stop_beep.elf.dir/USB_DEVICE/App/usbd_desc.c.obj
                0x08005edc                USBD_FS_LangIDStrDescriptor
 .text.IntToUnicode
                0x08005ee8       0x46 CMakeFiles/stop_beep.elf.dir/USB_DEVICE/App/usbd_desc.c.obj
 *fill*         0x08005f2e        0x2 
 .text.Get_SerialNum
                0x08005f30       0x38 CMakeFiles/stop_beep.elf.dir/USB_DEVICE/App/usbd_desc.c.obj
 .text.USBD_FS_SerialStrDescriptor
                0x08005f68       0x14 CMakeFiles/stop_beep.elf.dir/USB_DEVICE/App/usbd_desc.c.obj
                0x08005f68                USBD_FS_SerialStrDescriptor
 .text.USBD_FS_ProductStrDescriptor
                0x08005f7c       0x24 CMakeFiles/stop_beep.elf.dir/USB_DEVICE/App/usbd_desc.c.obj
                0x08005f7c                USBD_FS_ProductStrDescriptor
 .text.USBD_FS_ManufacturerStrDescriptor
                0x08005fa0       0x1c CMakeFiles/stop_beep.elf.dir/USB_DEVICE/App/usbd_desc.c.obj
                0x08005fa0                USBD_FS_ManufacturerStrDescriptor
 .text.USBD_FS_ConfigStrDescriptor
                0x08005fbc       0x24 CMakeFiles/stop_beep.elf.dir/USB_DEVICE/App/usbd_desc.c.obj
                0x08005fbc                USBD_FS_ConfigStrDescriptor
 .text.USBD_FS_InterfaceStrDescriptor
                0x08005fe0       0x24 CMakeFiles/stop_beep.elf.dir/USB_DEVICE/App/usbd_desc.c.obj
                0x08005fe0                USBD_FS_InterfaceStrDescriptor
 .text.USBD_Get_USB_Status
                0x08006004       0x14 CMakeFiles/stop_beep.elf.dir/USB_DEVICE/Target/usbd_conf.c.obj
 .text.HAL_PCD_MspInit
                0x08006018       0x40 CMakeFiles/stop_beep.elf.dir/USB_DEVICE/Target/usbd_conf.c.obj
                0x08006018                HAL_PCD_MspInit
 .text.HAL_PCD_SetupStageCallback
                0x08006058       0x10 CMakeFiles/stop_beep.elf.dir/USB_DEVICE/Target/usbd_conf.c.obj
                0x08006058                HAL_PCD_SetupStageCallback
 .text.HAL_PCD_DataOutStageCallback
                0x08006068       0x18 CMakeFiles/stop_beep.elf.dir/USB_DEVICE/Target/usbd_conf.c.obj
                0x08006068                HAL_PCD_DataOutStageCallback
 .text.HAL_PCD_DataInStageCallback
                0x08006080       0x16 CMakeFiles/stop_beep.elf.dir/USB_DEVICE/Target/usbd_conf.c.obj
                0x08006080                HAL_PCD_DataInStageCallback
 .text.HAL_PCD_SOFCallback
                0x08006096        0xc CMakeFiles/stop_beep.elf.dir/USB_DEVICE/Target/usbd_conf.c.obj
                0x08006096                HAL_PCD_SOFCallback
 .text.HAL_PCD_ResetCallback
                0x080060a2       0x24 CMakeFiles/stop_beep.elf.dir/USB_DEVICE/Target/usbd_conf.c.obj
                0x080060a2                HAL_PCD_ResetCallback
 *fill*         0x080060c6        0x2 
 .text.HAL_PCD_SuspendCallback
                0x080060c8       0x20 CMakeFiles/stop_beep.elf.dir/USB_DEVICE/Target/usbd_conf.c.obj
                0x080060c8                HAL_PCD_SuspendCallback
 .text.HAL_PCD_ResumeCallback
                0x080060e8        0xc CMakeFiles/stop_beep.elf.dir/USB_DEVICE/Target/usbd_conf.c.obj
                0x080060e8                HAL_PCD_ResumeCallback
 .text.USBD_LL_Init
                0x080060f4       0x84 CMakeFiles/stop_beep.elf.dir/USB_DEVICE/Target/usbd_conf.c.obj
                0x080060f4                USBD_LL_Init
 .text.USBD_LL_Start
                0x08006178       0x10 CMakeFiles/stop_beep.elf.dir/USB_DEVICE/Target/usbd_conf.c.obj
                0x08006178                USBD_LL_Start
 .text.USBD_LL_OpenEP
                0x08006188       0x16 CMakeFiles/stop_beep.elf.dir/USB_DEVICE/Target/usbd_conf.c.obj
                0x08006188                USBD_LL_OpenEP
 .text.USBD_LL_CloseEP
                0x0800619e       0x10 CMakeFiles/stop_beep.elf.dir/USB_DEVICE/Target/usbd_conf.c.obj
                0x0800619e                USBD_LL_CloseEP
 .text.USBD_LL_StallEP
                0x080061ae       0x10 CMakeFiles/stop_beep.elf.dir/USB_DEVICE/Target/usbd_conf.c.obj
                0x080061ae                USBD_LL_StallEP
 .text.USBD_LL_ClearStallEP
                0x080061be       0x10 CMakeFiles/stop_beep.elf.dir/USB_DEVICE/Target/usbd_conf.c.obj
                0x080061be                USBD_LL_ClearStallEP
 .text.USBD_LL_IsStallEP
                0x080061ce       0x2e CMakeFiles/stop_beep.elf.dir/USB_DEVICE/Target/usbd_conf.c.obj
                0x080061ce                USBD_LL_IsStallEP
 .text.USBD_LL_SetUSBAddress
                0x080061fc       0x10 CMakeFiles/stop_beep.elf.dir/USB_DEVICE/Target/usbd_conf.c.obj
                0x080061fc                USBD_LL_SetUSBAddress
 .text.USBD_LL_Transmit
                0x0800620c       0x10 CMakeFiles/stop_beep.elf.dir/USB_DEVICE/Target/usbd_conf.c.obj
                0x0800620c                USBD_LL_Transmit
 .text.USBD_LL_PrepareReceive
                0x0800621c       0x10 CMakeFiles/stop_beep.elf.dir/USB_DEVICE/Target/usbd_conf.c.obj
                0x0800621c                USBD_LL_PrepareReceive
 .text.USBD_LL_GetRxDataSize
                0x0800622c        0xc CMakeFiles/stop_beep.elf.dir/USB_DEVICE/Target/usbd_conf.c.obj
                0x0800622c                USBD_LL_GetRxDataSize
 .text.USBD_static_malloc
                0x08006238        0x8 CMakeFiles/stop_beep.elf.dir/USB_DEVICE/Target/usbd_conf.c.obj
                0x08006238                USBD_static_malloc
 .text.USBD_static_free
                0x08006240        0x2 CMakeFiles/stop_beep.elf.dir/USB_DEVICE/Target/usbd_conf.c.obj
                0x08006240                USBD_static_free
 .text.HAL_PCDEx_SetConnectionState
                0x08006242        0x2 CMakeFiles/stop_beep.elf.dir/USB_DEVICE/Target/usbd_conf.c.obj
                0x08006242                HAL_PCDEx_SetConnectionState
 .text.__errno  0x08006244        0xc c:/coding/c/gcc-arm-none-eabi-10.3-2021.10/bin/../lib/gcc/arm-none-eabi/10.3.1/../../../../arm-none-eabi/lib/thumb/v7-m/nofp\libg.a(lib_a-errno.o)
                0x08006244                __errno
 .text.__libc_init_array
                0x08006250       0x48 c:/coding/c/gcc-arm-none-eabi-10.3-2021.10/bin/../lib/gcc/arm-none-eabi/10.3.1/../../../../arm-none-eabi/lib/thumb/v7-m/nofp\libg.a(lib_a-init.o)
                0x08006250                __libc_init_array
 .text.memset   0x08006298       0xa4 c:/coding/c/gcc-arm-none-eabi-10.3-2021.10/bin/../lib/gcc/arm-none-eabi/10.3.1/../../../../arm-none-eabi/lib/thumb/v7-m/nofp\libg.a(lib_a-memset.o)
                0x08006298                memset
 .text._puts_r  0x0800633c       0x9c c:/coding/c/gcc-arm-none-eabi-10.3-2021.10/bin/../lib/gcc/arm-none-eabi/10.3.1/../../../../arm-none-eabi/lib/thumb/v7-m/nofp\libg.a(lib_a-puts.o)
                0x0800633c                _puts_r
 .text.puts     0x080063d8       0x10 c:/coding/c/gcc-arm-none-eabi-10.3-2021.10/bin/../lib/gcc/arm-none-eabi/10.3.1/../../../../arm-none-eabi/lib/thumb/v7-m/nofp\libg.a(lib_a-puts.o)
                0x080063d8                puts
 .text.__sread  0x080063e8       0x24 c:/coding/c/gcc-arm-none-eabi-10.3-2021.10/bin/../lib/gcc/arm-none-eabi/10.3.1/../../../../arm-none-eabi/lib/thumb/v7-m/nofp\libg.a(lib_a-stdio.o)
                0x080063e8                __sread
 .text.__swrite
                0x0800640c       0x40 c:/coding/c/gcc-arm-none-eabi-10.3-2021.10/bin/../lib/gcc/arm-none-eabi/10.3.1/../../../../arm-none-eabi/lib/thumb/v7-m/nofp\libg.a(lib_a-stdio.o)
                0x0800640c                __swrite
 .text.__sseek  0x0800644c       0x20 c:/coding/c/gcc-arm-none-eabi-10.3-2021.10/bin/../lib/gcc/arm-none-eabi/10.3.1/../../../../arm-none-eabi/lib/thumb/v7-m/nofp\libg.a(lib_a-stdio.o)
                0x0800644c                __sseek
 .text.__sclose
                0x0800646c        0x8 c:/coding/c/gcc-arm-none-eabi-10.3-2021.10/bin/../lib/gcc/arm-none-eabi/10.3.1/../../../../arm-none-eabi/lib/thumb/v7-m/nofp\libg.a(lib_a-stdio.o)
                0x0800646c                __sclose
 .text.strlen   0x08006474       0x5c c:/coding/c/gcc-arm-none-eabi-10.3-2021.10/bin/../lib/gcc/arm-none-eabi/10.3.1/../../../../arm-none-eabi/lib/thumb/v7-m/nofp\libg.a(lib_a-strlen-stub.o)
                0x08006474                strlen
 .text._write_r
                0x080064d0       0x2c c:/coding/c/gcc-arm-none-eabi-10.3-2021.10/bin/../lib/gcc/arm-none-eabi/10.3.1/../../../../arm-none-eabi/lib/thumb/v7-m/nofp\libg.a(lib_a-writer.o)
                0x080064d0                _write_r
 .text.startup.register_fini
                0x080064fc       0x14 c:/coding/c/gcc-arm-none-eabi-10.3-2021.10/bin/../lib/gcc/arm-none-eabi/10.3.1/../../../../arm-none-eabi/lib/thumb/v7-m/nofp\libg.a(lib_a-__call_atexit.o)
 .text.atexit   0x08006510        0xc c:/coding/c/gcc-arm-none-eabi-10.3-2021.10/bin/../lib/gcc/arm-none-eabi/10.3.1/../../../../arm-none-eabi/lib/thumb/v7-m/nofp\libg.a(lib_a-atexit.o)
                0x08006510                atexit
 .text._close_r
                0x0800651c       0x24 c:/coding/c/gcc-arm-none-eabi-10.3-2021.10/bin/../lib/gcc/arm-none-eabi/10.3.1/../../../../arm-none-eabi/lib/thumb/v7-m/nofp\libg.a(lib_a-closer.o)
                0x0800651c                _close_r
 .text._cleanup_r
                0x08006540        0xc c:/coding/c/gcc-arm-none-eabi-10.3-2021.10/bin/../lib/gcc/arm-none-eabi/10.3.1/../../../../arm-none-eabi/lib/thumb/v7-m/nofp\libg.a(lib_a-findfp.o)
                0x08006540                _cleanup_r
 .text.__sinit  0x0800654c      0x10c c:/coding/c/gcc-arm-none-eabi-10.3-2021.10/bin/../lib/gcc/arm-none-eabi/10.3.1/../../../../arm-none-eabi/lib/thumb/v7-m/nofp\libg.a(lib_a-findfp.o)
                0x0800654c                __sinit
 .text.__sfp_lock_acquire
                0x08006658        0xc c:/coding/c/gcc-arm-none-eabi-10.3-2021.10/bin/../lib/gcc/arm-none-eabi/10.3.1/../../../../arm-none-eabi/lib/thumb/v7-m/nofp\libg.a(lib_a-findfp.o)
                0x08006658                __sfp_lock_acquire
 .text.__sfp_lock_release
                0x08006664        0xc c:/coding/c/gcc-arm-none-eabi-10.3-2021.10/bin/../lib/gcc/arm-none-eabi/10.3.1/../../../../arm-none-eabi/lib/thumb/v7-m/nofp\libg.a(lib_a-findfp.o)
                0x08006664                __sfp_lock_release
 .text.__libc_fini_array
                0x08006670       0x2c c:/coding/c/gcc-arm-none-eabi-10.3-2021.10/bin/../lib/gcc/arm-none-eabi/10.3.1/../../../../arm-none-eabi/lib/thumb/v7-m/nofp\libg.a(lib_a-fini.o)
                0x08006670                __libc_fini_array
 .text.__sfvwrite_r
                0x0800669c      0x2f0 c:/coding/c/gcc-arm-none-eabi-10.3-2021.10/bin/../lib/gcc/arm-none-eabi/10.3.1/../../../../arm-none-eabi/lib/thumb/v7-m/nofp\libg.a(lib_a-fvwrite.o)
                0x0800669c                __sfvwrite_r
 .text._fwalk_reent
                0x0800698c       0x48 c:/coding/c/gcc-arm-none-eabi-10.3-2021.10/bin/../lib/gcc/arm-none-eabi/10.3.1/../../../../arm-none-eabi/lib/thumb/v7-m/nofp\libg.a(lib_a-fwalk.o)
                0x0800698c                _fwalk_reent
 .text.__retarget_lock_init_recursive
                0x080069d4        0x4 c:/coding/c/gcc-arm-none-eabi-10.3-2021.10/bin/../lib/gcc/arm-none-eabi/10.3.1/../../../../arm-none-eabi/lib/thumb/v7-m/nofp\libg.a(lib_a-lock.o)
                0x080069d4                __retarget_lock_init_recursive
 .text.__retarget_lock_close_recursive
                0x080069d8        0x4 c:/coding/c/gcc-arm-none-eabi-10.3-2021.10/bin/../lib/gcc/arm-none-eabi/10.3.1/../../../../arm-none-eabi/lib/thumb/v7-m/nofp\libg.a(lib_a-lock.o)
                0x080069d8                __retarget_lock_close_recursive
 .text.__retarget_lock_acquire_recursive
                0x080069dc        0x4 c:/coding/c/gcc-arm-none-eabi-10.3-2021.10/bin/../lib/gcc/arm-none-eabi/10.3.1/../../../../arm-none-eabi/lib/thumb/v7-m/nofp\libg.a(lib_a-lock.o)
                0x080069dc                __retarget_lock_acquire_recursive
 .text.__retarget_lock_release_recursive
                0x080069e0        0x4 c:/coding/c/gcc-arm-none-eabi-10.3-2021.10/bin/../lib/gcc/arm-none-eabi/10.3.1/../../../../arm-none-eabi/lib/thumb/v7-m/nofp\libg.a(lib_a-lock.o)
                0x080069e0                __retarget_lock_release_recursive
 .text._lseek_r
                0x080069e4       0x2c c:/coding/c/gcc-arm-none-eabi-10.3-2021.10/bin/../lib/gcc/arm-none-eabi/10.3.1/../../../../arm-none-eabi/lib/thumb/v7-m/nofp\libg.a(lib_a-lseekr.o)
                0x080069e4                _lseek_r
 .text._malloc_r
                0x08006a10      0x558 c:/coding/c/gcc-arm-none-eabi-10.3-2021.10/bin/../lib/gcc/arm-none-eabi/10.3.1/../../../../arm-none-eabi/lib/thumb/v7-m/nofp\libg.a(lib_a-mallocr.o)
                0x08006a10                _malloc_r
 .text.memchr   0x08006f68       0x90 c:/coding/c/gcc-arm-none-eabi-10.3-2021.10/bin/../lib/gcc/arm-none-eabi/10.3.1/../../../../arm-none-eabi/lib/thumb/v7-m/nofp\libg.a(lib_a-memchr-stub.o)
                0x08006f68                memchr
 .text.memmove  0x08006ff8       0xf8 c:/coding/c/gcc-arm-none-eabi-10.3-2021.10/bin/../lib/gcc/arm-none-eabi/10.3.1/../../../../arm-none-eabi/lib/thumb/v7-m/nofp\libg.a(lib_a-memmove.o)
                0x08006ff8                memmove
 .text.__malloc_lock
                0x080070f0        0xc c:/coding/c/gcc-arm-none-eabi-10.3-2021.10/bin/../lib/gcc/arm-none-eabi/10.3.1/../../../../arm-none-eabi/lib/thumb/v7-m/nofp\libg.a(lib_a-mlock.o)
                0x080070f0                __malloc_lock
 .text.__malloc_unlock
                0x080070fc        0xc c:/coding/c/gcc-arm-none-eabi-10.3-2021.10/bin/../lib/gcc/arm-none-eabi/10.3.1/../../../../arm-none-eabi/lib/thumb/v7-m/nofp\libg.a(lib_a-mlock.o)
                0x080070fc                __malloc_unlock
 .text._read_r  0x08007108       0x2c c:/coding/c/gcc-arm-none-eabi-10.3-2021.10/bin/../lib/gcc/arm-none-eabi/10.3.1/../../../../arm-none-eabi/lib/thumb/v7-m/nofp\libg.a(lib_a-readr.o)
                0x08007108                _read_r
 .text._realloc_r
                0x08007134      0x3dc c:/coding/c/gcc-arm-none-eabi-10.3-2021.10/bin/../lib/gcc/arm-none-eabi/10.3.1/../../../../arm-none-eabi/lib/thumb/v7-m/nofp\libg.a(lib_a-reallocr.o)
                0x08007134                _realloc_r
 .text._sbrk_r  0x08007510       0x24 c:/coding/c/gcc-arm-none-eabi-10.3-2021.10/bin/../lib/gcc/arm-none-eabi/10.3.1/../../../../arm-none-eabi/lib/thumb/v7-m/nofp\libg.a(lib_a-sbrkr.o)
                0x08007510                _sbrk_r
 .text.__swsetup_r
                0x08007534       0xd4 c:/coding/c/gcc-arm-none-eabi-10.3-2021.10/bin/../lib/gcc/arm-none-eabi/10.3.1/../../../../arm-none-eabi/lib/thumb/v7-m/nofp\libg.a(lib_a-wsetup.o)
                0x08007534                __swsetup_r
 .text.__register_exitproc
                0x08007608       0x8c c:/coding/c/gcc-arm-none-eabi-10.3-2021.10/bin/../lib/gcc/arm-none-eabi/10.3.1/../../../../arm-none-eabi/lib/thumb/v7-m/nofp\libg.a(lib_a-__atexit.o)
                0x08007608                __register_exitproc
 .text._fclose_r
                0x08007694       0xcc c:/coding/c/gcc-arm-none-eabi-10.3-2021.10/bin/../lib/gcc/arm-none-eabi/10.3.1/../../../../arm-none-eabi/lib/thumb/v7-m/nofp\libg.a(lib_a-fclose.o)
                0x08007694                _fclose_r
 .text.__sflush_r
                0x08007760      0x124 c:/coding/c/gcc-arm-none-eabi-10.3-2021.10/bin/../lib/gcc/arm-none-eabi/10.3.1/../../../../arm-none-eabi/lib/thumb/v7-m/nofp\libg.a(lib_a-fflush.o)
                0x08007760                __sflush_r
 .text._fflush_r
                0x08007884       0x5c c:/coding/c/gcc-arm-none-eabi-10.3-2021.10/bin/../lib/gcc/arm-none-eabi/10.3.1/../../../../arm-none-eabi/lib/thumb/v7-m/nofp\libg.a(lib_a-fflush.o)
                0x08007884                _fflush_r
 .text._malloc_trim_r
                0x080078e0       0xa0 c:/coding/c/gcc-arm-none-eabi-10.3-2021.10/bin/../lib/gcc/arm-none-eabi/10.3.1/../../../../arm-none-eabi/lib/thumb/v7-m/nofp\libg.a(lib_a-freer.o)
                0x080078e0                _malloc_trim_r
 .text._free_r  0x08007980      0x200 c:/coding/c/gcc-arm-none-eabi-10.3-2021.10/bin/../lib/gcc/arm-none-eabi/10.3.1/../../../../arm-none-eabi/lib/thumb/v7-m/nofp\libg.a(lib_a-freer.o)
                0x08007980                _free_r
 .text.__smakebuf_r
                0x08007b80       0xe0 c:/coding/c/gcc-arm-none-eabi-10.3-2021.10/bin/../lib/gcc/arm-none-eabi/10.3.1/../../../../arm-none-eabi/lib/thumb/v7-m/nofp\libg.a(lib_a-makebuf.o)
                0x08007b80                __smakebuf_r
 .text._fstat_r
                0x08007c60       0x28 c:/coding/c/gcc-arm-none-eabi-10.3-2021.10/bin/../lib/gcc/arm-none-eabi/10.3.1/../../../../arm-none-eabi/lib/thumb/v7-m/nofp\libg.a(lib_a-fstatr.o)
                0x08007c60                _fstat_r
 .text._isatty_r
                0x08007c88       0x24 c:/coding/c/gcc-arm-none-eabi-10.3-2021.10/bin/../lib/gcc/arm-none-eabi/10.3.1/../../../../arm-none-eabi/lib/thumb/v7-m/nofp\libg.a(lib_a-isattyr.o)
                0x08007c88                _isatty_r
 *(.glue_7)
 .glue_7        0x08007cac        0x0 linker stubs
 *(.glue_7t)
 .glue_7t       0x08007cac        0x0 linker stubs
 *(.eh_frame)
 .eh_frame      0x08007cac        0x0 c:/coding/c/gcc-arm-none-eabi-10.3-2021.10/bin/../lib/gcc/arm-none-eabi/10.3.1/thumb/v7-m/nofp/crtbegin.o
 *(.init)
 .init          0x08007cac        0x4 c:/coding/c/gcc-arm-none-eabi-10.3-2021.10/bin/../lib/gcc/arm-none-eabi/10.3.1/thumb/v7-m/nofp/crti.o
                0x08007cac                _init
 .init          0x08007cb0        0x8 c:/coding/c/gcc-arm-none-eabi-10.3-2021.10/bin/../lib/gcc/arm-none-eabi/10.3.1/thumb/v7-m/nofp/crtn.o
 *(.fini)
 .fini          0x08007cb8        0x4 c:/coding/c/gcc-arm-none-eabi-10.3-2021.10/bin/../lib/gcc/arm-none-eabi/10.3.1/thumb/v7-m/nofp/crti.o
                0x08007cb8                _fini
 .fini          0x08007cbc        0x8 c:/coding/c/gcc-arm-none-eabi-10.3-2021.10/bin/../lib/gcc/arm-none-eabi/10.3.1/thumb/v7-m/nofp/crtn.o
                0x08007cc4                . = ALIGN (0x4)
                0x08007cc4                _etext = .

.vfp11_veneer   0x08007cc4        0x0
 .vfp11_veneer  0x08007cc4        0x0 linker stubs

.v4_bx          0x08007cc4        0x0
 .v4_bx         0x08007cc4        0x0 linker stubs

.iplt           0x08007cc4        0x0
 .iplt          0x08007cc4        0x0 c:/coding/c/gcc-arm-none-eabi-10.3-2021.10/bin/../lib/gcc/arm-none-eabi/10.3.1/thumb/v7-m/nofp/crtbegin.o

.rodata         0x08007cc4      0x188
                0x08007cc4                . = ALIGN (0x4)
 *(.rodata)
 *(.rodata*)
 .rodata.g_seg7_coder
                0x08007cc4        0xb CMakeFiles/stop_beep.elf.dir/Core/Src/stop_watch.c.obj
                0x08007cc4                g_seg7_coder
 *fill*         0x08007ccf        0x1 
 .rodata.g_seg7_enable
                0x08007cd0       0x18 CMakeFiles/stop_beep.elf.dir/Core/Src/stop_watch.c.obj
                0x08007cd0                g_seg7_enable
 .rodata.AHBPrescTable
                0x08007ce8       0x10 CMakeFiles/stop_beep.elf.dir/Core/Src/system_stm32f1xx.c.obj
                0x08007ce8                AHBPrescTable
 .rodata.APBPrescTable
                0x08007cf8        0x8 CMakeFiles/stop_beep.elf.dir/Core/Src/system_stm32f1xx.c.obj
                0x08007cf8                APBPrescTable
 .rodata.CheckUartRxData.str1.4
                0x08007d00       0x12 CMakeFiles/stop_beep.elf.dir/Core/Src/uart_dma.c.obj
 *fill*         0x08007d12        0x2 
 .rodata.CheckUartTxData.str1.4
                0x08007d14       0x12 CMakeFiles/stop_beep.elf.dir/Core/Src/uart_dma.c.obj
 *fill*         0x08007d26        0x2 
 .rodata.g_uart_port_map
                0x08007d28       0xc0 CMakeFiles/stop_beep.elf.dir/Core/Src/uart_dma.c.obj
                0x08007d28                g_uart_port_map
 .rodata.CheckUSBTxData.str1.4
                0x08007de8       0x12 CMakeFiles/stop_beep.elf.dir/Core/Src/usb_uart.c.obj
 .rodata.HAL_RCC_GetSysClockFreq.str1.4
                0x08007de8       0x11 CMakeFiles/stop_beep.elf.dir/Drivers/STM32F1xx_HAL_Driver/Src/stm32f1xx_hal_rcc.c.obj
 *fill*         0x08007df9        0x3 
 .rodata.USBD_FS_ProductStrDescriptor.str1.4
                0x08007dfc       0x16 CMakeFiles/stop_beep.elf.dir/USB_DEVICE/App/usbd_desc.c.obj
 *fill*         0x08007e12        0x2 
 .rodata.USBD_FS_ManufacturerStrDescriptor.str1.4
                0x08007e14       0x13 CMakeFiles/stop_beep.elf.dir/USB_DEVICE/App/usbd_desc.c.obj
 *fill*         0x08007e27        0x1 
 .rodata.USBD_FS_ConfigStrDescriptor.str1.4
                0x08007e28        0xb CMakeFiles/stop_beep.elf.dir/USB_DEVICE/App/usbd_desc.c.obj
 *fill*         0x08007e33        0x1 
 .rodata.USBD_FS_InterfaceStrDescriptor.str1.4
                0x08007e34        0xe CMakeFiles/stop_beep.elf.dir/USB_DEVICE/App/usbd_desc.c.obj
 *fill*         0x08007e42        0x2 
 .rodata._global_impure_ptr
                0x08007e44        0x4 c:/coding/c/gcc-arm-none-eabi-10.3-2021.10/bin/../lib/gcc/arm-none-eabi/10.3.1/../../../../arm-none-eabi/lib/thumb/v7-m/nofp\libg.a(lib_a-impure.o)
                0x08007e44                _global_impure_ptr
 .rodata._puts_r.str1.4
                0x08007e48        0x2 c:/coding/c/gcc-arm-none-eabi-10.3-2021.10/bin/../lib/gcc/arm-none-eabi/10.3.1/../../../../arm-none-eabi/lib/thumb/v7-m/nofp\libg.a(lib_a-puts.o)
                0x08007e4c                . = ALIGN (0x4)
 *fill*         0x08007e4a        0x2 

.rel.dyn        0x08007e4c        0x0
 .rel.iplt      0x08007e4c        0x0 c:/coding/c/gcc-arm-none-eabi-10.3-2021.10/bin/../lib/gcc/arm-none-eabi/10.3.1/thumb/v7-m/nofp/crtbegin.o

.ARM.extab      0x08007e4c        0x0
                0x08007e4c                . = ALIGN (0x4)
 *(.ARM.extab* .gnu.linkonce.armextab.*)
                0x08007e4c                . = ALIGN (0x4)

.ARM            0x08007e4c        0x0
                0x08007e4c                . = ALIGN (0x4)
                0x08007e4c                __exidx_start = .
 *(.ARM.exidx*)
                0x08007e4c                __exidx_end = .
                0x08007e4c                . = ALIGN (0x4)

.preinit_array  0x08007e4c        0x0
                0x08007e4c                . = ALIGN (0x4)
                0x08007e4c                PROVIDE (__preinit_array_start = .)
 *(.preinit_array*)
                0x08007e4c                PROVIDE (__preinit_array_end = .)
                0x08007e4c                . = ALIGN (0x4)

.init_array     0x08007e4c        0x8
                0x08007e4c                . = ALIGN (0x4)
                0x08007e4c                PROVIDE (__init_array_start = .)
 *(SORT_BY_NAME(.init_array.*))
 .init_array.00000
                0x08007e4c        0x4 c:/coding/c/gcc-arm-none-eabi-10.3-2021.10/bin/../lib/gcc/arm-none-eabi/10.3.1/../../../../arm-none-eabi/lib/thumb/v7-m/nofp\libg.a(lib_a-__call_atexit.o)
 *(.init_array*)
 .init_array    0x08007e50        0x4 c:/coding/c/gcc-arm-none-eabi-10.3-2021.10/bin/../lib/gcc/arm-none-eabi/10.3.1/thumb/v7-m/nofp/crtbegin.o
                0x08007e54                PROVIDE (__init_array_end = .)
                0x08007e54                . = ALIGN (0x4)

.fini_array     0x08007e54        0x4
                0x08007e54                . = ALIGN (0x4)
                0x08007e54                PROVIDE (__fini_array_start = .)
 *(SORT_BY_NAME(.fini_array.*))
 *(.fini_array*)
 .fini_array    0x08007e54        0x4 c:/coding/c/gcc-arm-none-eabi-10.3-2021.10/bin/../lib/gcc/arm-none-eabi/10.3.1/thumb/v7-m/nofp/crtbegin.o
                0x08007e58                PROVIDE (__fini_array_end = .)
                0x08007e58                . = ALIGN (0x4)
                0x08007e58                _sidata = LOADADDR (.data)

.data           0x20000000      0x9bc load address 0x08007e58
                0x20000000                . = ALIGN (0x4)
                0x20000000                _sdata = .
 *(.data)
 *(.data*)
 .data.SystemCoreClock
                0x20000000        0x4 CMakeFiles/stop_beep.elf.dir/Core/Src/system_stm32f1xx.c.obj
                0x20000000                SystemCoreClock
 .data.uwTickFreq
                0x20000004        0x1 CMakeFiles/stop_beep.elf.dir/Drivers/STM32F1xx_HAL_Driver/Src/stm32f1xx_hal.c.obj
                0x20000004                uwTickFreq
 *fill*         0x20000005        0x3 
 .data.uwTickPrio
                0x20000008        0x4 CMakeFiles/stop_beep.elf.dir/Drivers/STM32F1xx_HAL_Driver/Src/stm32f1xx_hal.c.obj
                0x20000008                uwTickPrio
 .data.USBD_CDC
                0x2000000c       0x38 CMakeFiles/stop_beep.elf.dir/Middlewares/ST/STM32_USB_Device_Library/Class/CDC/Src/usbd_cdc.c.obj
                0x2000000c                USBD_CDC
 .data.USBD_CDC_CfgFSDesc
                0x20000044       0x43 CMakeFiles/stop_beep.elf.dir/Middlewares/ST/STM32_USB_Device_Library/Class/CDC/Src/usbd_cdc.c.obj
                0x20000044                USBD_CDC_CfgFSDesc
 *fill*         0x20000087        0x1 
 .data.USBD_CDC_CfgHSDesc
                0x20000088       0x43 CMakeFiles/stop_beep.elf.dir/Middlewares/ST/STM32_USB_Device_Library/Class/CDC/Src/usbd_cdc.c.obj
                0x20000088                USBD_CDC_CfgHSDesc
 *fill*         0x200000cb        0x1 
 .data.USBD_CDC_DeviceQualifierDesc
                0x200000cc        0xa CMakeFiles/stop_beep.elf.dir/Middlewares/ST/STM32_USB_Device_Library/Class/CDC/Src/usbd_cdc.c.obj
 *fill*         0x200000d6        0x2 
 .data.USBD_CDC_OtherSpeedCfgDesc
                0x200000d8       0x43 CMakeFiles/stop_beep.elf.dir/Middlewares/ST/STM32_USB_Device_Library/Class/CDC/Src/usbd_cdc.c.obj
                0x200000d8                USBD_CDC_OtherSpeedCfgDesc
 *fill*         0x2000011b        0x1 
 .data.USBD_Interface_fops_FS
                0x2000011c       0x10 CMakeFiles/stop_beep.elf.dir/USB_DEVICE/App/usbd_cdc_if.c.obj
                0x2000011c                USBD_Interface_fops_FS
 .data.FS_Desc  0x2000012c       0x1c CMakeFiles/stop_beep.elf.dir/USB_DEVICE/App/usbd_desc.c.obj
                0x2000012c                FS_Desc
 .data.USBD_FS_DeviceDesc
                0x20000148       0x12 CMakeFiles/stop_beep.elf.dir/USB_DEVICE/App/usbd_desc.c.obj
                0x20000148                USBD_FS_DeviceDesc
 *fill*         0x2000015a        0x2 
 .data.USBD_LangIDDesc
                0x2000015c        0x4 CMakeFiles/stop_beep.elf.dir/USB_DEVICE/App/usbd_desc.c.obj
                0x2000015c                USBD_LangIDDesc
 .data.USBD_StringSerial
                0x20000160       0x1a CMakeFiles/stop_beep.elf.dir/USB_DEVICE/App/usbd_desc.c.obj
                0x20000160                USBD_StringSerial
 *fill*         0x2000017a        0x2 
 .data._impure_ptr
                0x2000017c        0x4 c:/coding/c/gcc-arm-none-eabi-10.3-2021.10/bin/../lib/gcc/arm-none-eabi/10.3.1/../../../../arm-none-eabi/lib/thumb/v7-m/nofp\libg.a(lib_a-impure.o)
                0x2000017c                _impure_ptr
 .data.impure_data
                0x20000180      0x428 c:/coding/c/gcc-arm-none-eabi-10.3-2021.10/bin/../lib/gcc/arm-none-eabi/10.3.1/../../../../arm-none-eabi/lib/thumb/v7-m/nofp\libg.a(lib_a-impure.o)
 .data.__atexit_recursive_mutex
                0x200005a8        0x4 c:/coding/c/gcc-arm-none-eabi-10.3-2021.10/bin/../lib/gcc/arm-none-eabi/10.3.1/../../../../arm-none-eabi/lib/thumb/v7-m/nofp\libg.a(lib_a-__call_atexit.o)
                0x200005a8                __atexit_recursive_mutex
 .data.__malloc_av_
                0x200005ac      0x408 c:/coding/c/gcc-arm-none-eabi-10.3-2021.10/bin/../lib/gcc/arm-none-eabi/10.3.1/../../../../arm-none-eabi/lib/thumb/v7-m/nofp\libg.a(lib_a-mallocr.o)
                0x200005ac                __malloc_av_
 .data.__malloc_sbrk_base
                0x200009b4        0x4 c:/coding/c/gcc-arm-none-eabi-10.3-2021.10/bin/../lib/gcc/arm-none-eabi/10.3.1/../../../../arm-none-eabi/lib/thumb/v7-m/nofp\libg.a(lib_a-mallocr.o)
                0x200009b4                __malloc_sbrk_base
 .data.__malloc_trim_threshold
                0x200009b8        0x4 c:/coding/c/gcc-arm-none-eabi-10.3-2021.10/bin/../lib/gcc/arm-none-eabi/10.3.1/../../../../arm-none-eabi/lib/thumb/v7-m/nofp\libg.a(lib_a-mallocr.o)
                0x200009b8                __malloc_trim_threshold
 *(.RamFunc)
 *(.RamFunc*)
                0x200009bc                . = ALIGN (0x4)
                0x200009bc                _edata = .

.igot.plt       0x200009bc        0x0 load address 0x08008814
 .igot.plt      0x200009bc        0x0 c:/coding/c/gcc-arm-none-eabi-10.3-2021.10/bin/../lib/gcc/arm-none-eabi/10.3.1/thumb/v7-m/nofp/crtbegin.o
                0x200009bc                . = ALIGN (0x4)

.bss            0x200009bc     0x1f5c load address 0x08008814
                0x200009bc                _sbss = .
                0x200009bc                __bss_start__ = _sbss
 *(.bss)
 .bss           0x200009bc       0x1c c:/coding/c/gcc-arm-none-eabi-10.3-2021.10/bin/../lib/gcc/arm-none-eabi/10.3.1/thumb/v7-m/nofp/crtbegin.o
 *(.bss*)
 .bss.g_music_enable
                0x200009d8        0x1 CMakeFiles/stop_beep.elf.dir/Core/Src/music.c.obj
                0x200009d8                g_music_enable
 .bss.g_music_flag
                0x200009d9        0x1 CMakeFiles/stop_beep.elf.dir/Core/Src/music.c.obj
                0x200009d9                g_music_flag
 .bss.g_stopwatch_flag
                0x200009da        0x1 CMakeFiles/stop_beep.elf.dir/Core/Src/stop_watch.c.obj
                0x200009da                g_stopwatch_flag
 *fill*         0x200009db        0x1 
 .bss.__sbrk_heap_end
                0x200009dc        0x4 CMakeFiles/stop_beep.elf.dir/Core/Src/sysmem.c.obj
 .bss.htim1     0x200009e0       0x48 CMakeFiles/stop_beep.elf.dir/Core/Src/tim.c.obj
                0x200009e0                htim1
 .bss.htim2     0x20000a28       0x48 CMakeFiles/stop_beep.elf.dir/Core/Src/tim.c.obj
                0x20000a28                htim2
 .bss.htim3     0x20000a70       0x48 CMakeFiles/stop_beep.elf.dir/Core/Src/tim.c.obj
                0x20000a70                htim3
 .bss.g_timer_showbuf
                0x20000ab8        0x6 CMakeFiles/stop_beep.elf.dir/Core/Src/timer.c.obj
                0x20000ab8                g_timer_showbuf
 .bss.hours     0x20000abe        0x1 CMakeFiles/stop_beep.elf.dir/Core/Src/timer.c.obj
                0x20000abe                hours
 *fill*         0x20000abf        0x1 
 .bss.i.0       0x20000ac0        0x2 CMakeFiles/stop_beep.elf.dir/Core/Src/timer.c.obj
 .bss.minutes   0x20000ac2        0x1 CMakeFiles/stop_beep.elf.dir/Core/Src/timer.c.obj
                0x20000ac2                minutes
 .bss.seconds   0x20000ac3        0x1 CMakeFiles/stop_beep.elf.dir/Core/Src/timer.c.obj
                0x20000ac3                seconds
 .bss.g_active_uart_num
                0x20000ac4        0x1 CMakeFiles/stop_beep.elf.dir/Core/Src/uart_dma.c.obj
                0x20000ac4                g_active_uart_num
 *fill*         0x20000ac5        0x3 
 .bss.g_uart_dma
                0x20000ac8      0x708 CMakeFiles/stop_beep.elf.dir/Core/Src/uart_dma.c.obj
                0x20000ac8                g_uart_dma
 .bss.hdma_usart1_rx
                0x200011d0       0x44 CMakeFiles/stop_beep.elf.dir/Core/Src/usart.c.obj
                0x200011d0                hdma_usart1_rx
 .bss.hdma_usart1_tx
                0x20001214       0x44 CMakeFiles/stop_beep.elf.dir/Core/Src/usart.c.obj
                0x20001214                hdma_usart1_tx
 .bss.huart1    0x20001258       0x44 CMakeFiles/stop_beep.elf.dir/Core/Src/usart.c.obj
                0x20001258                huart1
 .bss.g_usb_buf
                0x2000129c      0x45c CMakeFiles/stop_beep.elf.dir/Core/Src/usb_uart.c.obj
                0x2000129c                g_usb_buf
 .bss.uwTick    0x200016f8        0x4 CMakeFiles/stop_beep.elf.dir/Drivers/STM32F1xx_HAL_Driver/Src/stm32f1xx_hal.c.obj
                0x200016f8                uwTick
 .bss.cfgidx.0  0x200016fc        0x1 CMakeFiles/stop_beep.elf.dir/Middlewares/ST/STM32_USB_Device_Library/Core/Src/usbd_ctlreq.c.obj
 *fill*         0x200016fd        0x3 
 .bss.hUsbDeviceFS
                0x20001700      0x2c4 CMakeFiles/stop_beep.elf.dir/USB_DEVICE/App/usb_device.c.obj
                0x20001700                hUsbDeviceFS
 .bss.UserRxBufferFS
                0x200019c4      0x400 CMakeFiles/stop_beep.elf.dir/USB_DEVICE/App/usbd_cdc_if.c.obj
                0x200019c4                UserRxBufferFS
 .bss.UserTxBufferFS
                0x20001dc4      0x400 CMakeFiles/stop_beep.elf.dir/USB_DEVICE/App/usbd_cdc_if.c.obj
                0x20001dc4                UserTxBufferFS
 .bss.USBD_StrDesc
                0x200021c4      0x200 CMakeFiles/stop_beep.elf.dir/USB_DEVICE/App/usbd_desc.c.obj
                0x200021c4                USBD_StrDesc
 .bss.hpcd_USB_FS
                0x200023c4      0x2ec CMakeFiles/stop_beep.elf.dir/USB_DEVICE/Target/usbd_conf.c.obj
                0x200023c4                hpcd_USB_FS
 .bss.mem.0     0x200026b0      0x220 CMakeFiles/stop_beep.elf.dir/USB_DEVICE/Target/usbd_conf.c.obj
 .bss.__lock___atexit_recursive_mutex
                0x200028d0        0x1 c:/coding/c/gcc-arm-none-eabi-10.3-2021.10/bin/../lib/gcc/arm-none-eabi/10.3.1/../../../../arm-none-eabi/lib/thumb/v7-m/nofp\libg.a(lib_a-lock.o)
                0x200028d0                __lock___atexit_recursive_mutex
 *fill*         0x200028d1        0x3 
 .bss.__lock___malloc_recursive_mutex
                0x200028d4        0x1 c:/coding/c/gcc-arm-none-eabi-10.3-2021.10/bin/../lib/gcc/arm-none-eabi/10.3.1/../../../../arm-none-eabi/lib/thumb/v7-m/nofp\libg.a(lib_a-lock.o)
                0x200028d4                __lock___malloc_recursive_mutex
 *fill*         0x200028d5        0x3 
 .bss.__lock___sfp_recursive_mutex
                0x200028d8        0x1 c:/coding/c/gcc-arm-none-eabi-10.3-2021.10/bin/../lib/gcc/arm-none-eabi/10.3.1/../../../../arm-none-eabi/lib/thumb/v7-m/nofp\libg.a(lib_a-lock.o)
                0x200028d8                __lock___sfp_recursive_mutex
 *fill*         0x200028d9        0x3 
 .bss.__lock___sinit_recursive_mutex
                0x200028dc        0x1 c:/coding/c/gcc-arm-none-eabi-10.3-2021.10/bin/../lib/gcc/arm-none-eabi/10.3.1/../../../../arm-none-eabi/lib/thumb/v7-m/nofp\libg.a(lib_a-lock.o)
                0x200028dc                __lock___sinit_recursive_mutex
 *fill*         0x200028dd        0x3 
 .bss.__malloc_current_mallinfo
                0x200028e0       0x28 c:/coding/c/gcc-arm-none-eabi-10.3-2021.10/bin/../lib/gcc/arm-none-eabi/10.3.1/../../../../arm-none-eabi/lib/thumb/v7-m/nofp\libg.a(lib_a-mallocr.o)
                0x200028e0                __malloc_current_mallinfo
 .bss.__malloc_max_sbrked_mem
                0x20002908        0x4 c:/coding/c/gcc-arm-none-eabi-10.3-2021.10/bin/../lib/gcc/arm-none-eabi/10.3.1/../../../../arm-none-eabi/lib/thumb/v7-m/nofp\libg.a(lib_a-mallocr.o)
                0x20002908                __malloc_max_sbrked_mem
 .bss.__malloc_max_total_mem
                0x2000290c        0x4 c:/coding/c/gcc-arm-none-eabi-10.3-2021.10/bin/../lib/gcc/arm-none-eabi/10.3.1/../../../../arm-none-eabi/lib/thumb/v7-m/nofp\libg.a(lib_a-mallocr.o)
                0x2000290c                __malloc_max_total_mem
 .bss.__malloc_top_pad
                0x20002910        0x4 c:/coding/c/gcc-arm-none-eabi-10.3-2021.10/bin/../lib/gcc/arm-none-eabi/10.3.1/../../../../arm-none-eabi/lib/thumb/v7-m/nofp\libg.a(lib_a-mallocr.o)
                0x20002910                __malloc_top_pad
 .bss.errno     0x20002914        0x4 c:/coding/c/gcc-arm-none-eabi-10.3-2021.10/bin/../lib/gcc/arm-none-eabi/10.3.1/../../../../arm-none-eabi/lib/thumb/v7-m/nofp\libg.a(lib_a-reent.o)
                0x20002914                errno
 *(COMMON)
                0x20002918                . = ALIGN (0x4)
                0x20002918                _ebss = .
                0x20002918                __bss_end__ = _ebss

._user_heap_stack
                0x20002918      0x600 load address 0x08008814
                0x20002918                . = ALIGN (0x8)
                [!provide]                PROVIDE (end = .)
                0x20002918                PROVIDE (_end = .)
                0x20002b18                . = (. + _Min_Heap_Size)
 *fill*         0x20002918      0x200 
                0x20002f18                . = (. + _Min_Stack_Size)
 *fill*         0x20002b18      0x400 
                0x20002f18                . = ALIGN (0x8)

/DISCARD/
 libc.a(*)
 libm.a(*)
 libgcc.a(*)

.ARM.attributes
                0x00000000       0x29
 *(.ARM.attributes)
 .ARM.attributes
                0x00000000       0x1d c:/coding/c/gcc-arm-none-eabi-10.3-2021.10/bin/../lib/gcc/arm-none-eabi/10.3.1/thumb/v7-m/nofp/crti.o
 .ARM.attributes
                0x0000001d       0x2d c:/coding/c/gcc-arm-none-eabi-10.3-2021.10/bin/../lib/gcc/arm-none-eabi/10.3.1/thumb/v7-m/nofp/crtbegin.o
 .ARM.attributes
                0x0000004a       0x2d CMakeFiles/stop_beep.elf.dir/Core/Src/common.c.obj
 .ARM.attributes
                0x00000077       0x2d CMakeFiles/stop_beep.elf.dir/Core/Src/dma.c.obj
 .ARM.attributes
                0x000000a4       0x2d CMakeFiles/stop_beep.elf.dir/Core/Src/gpio.c.obj
 .ARM.attributes
                0x000000d1       0x2d CMakeFiles/stop_beep.elf.dir/Core/Src/main.c.obj
 .ARM.attributes
                0x000000fe       0x2d CMakeFiles/stop_beep.elf.dir/Core/Src/music.c.obj
 .ARM.attributes
                0x0000012b       0x2d CMakeFiles/stop_beep.elf.dir/Core/Src/stm32f1xx_hal_msp.c.obj
 .ARM.attributes
                0x00000158       0x2d CMakeFiles/stop_beep.elf.dir/Core/Src/stm32f1xx_it.c.obj
 .ARM.attributes
                0x00000185       0x2d CMakeFiles/stop_beep.elf.dir/Core/Src/stop_watch.c.obj
 .ARM.attributes
                0x000001b2       0x2d CMakeFiles/stop_beep.elf.dir/Core/Src/syscalls.c.obj
 .ARM.attributes
                0x000001df       0x2d CMakeFiles/stop_beep.elf.dir/Core/Src/sysmem.c.obj
 .ARM.attributes
                0x0000020c       0x2d CMakeFiles/stop_beep.elf.dir/Core/Src/system_stm32f1xx.c.obj
 .ARM.attributes
                0x00000239       0x2d CMakeFiles/stop_beep.elf.dir/Core/Src/tim.c.obj
 .ARM.attributes
                0x00000266       0x2d CMakeFiles/stop_beep.elf.dir/Core/Src/timer.c.obj
 .ARM.attributes
                0x00000293       0x2d CMakeFiles/stop_beep.elf.dir/Core/Src/uart_dma.c.obj
 .ARM.attributes
                0x000002c0       0x2d CMakeFiles/stop_beep.elf.dir/Core/Src/usart.c.obj
 .ARM.attributes
                0x000002ed       0x2d CMakeFiles/stop_beep.elf.dir/Core/Src/usb_uart.c.obj
 .ARM.attributes
                0x0000031a       0x21 CMakeFiles/stop_beep.elf.dir/Core/Startup/startup_stm32f103cbtx.s.obj
 .ARM.attributes
                0x0000033b       0x2d CMakeFiles/stop_beep.elf.dir/Drivers/STM32F1xx_HAL_Driver/Src/stm32f1xx_hal.c.obj
 .ARM.attributes
                0x00000368       0x2d CMakeFiles/stop_beep.elf.dir/Drivers/STM32F1xx_HAL_Driver/Src/stm32f1xx_hal_cortex.c.obj
 .ARM.attributes
                0x00000395       0x2d CMakeFiles/stop_beep.elf.dir/Drivers/STM32F1xx_HAL_Driver/Src/stm32f1xx_hal_dma.c.obj
 .ARM.attributes
                0x000003c2       0x2d CMakeFiles/stop_beep.elf.dir/Drivers/STM32F1xx_HAL_Driver/Src/stm32f1xx_hal_gpio.c.obj
 .ARM.attributes
                0x000003ef       0x2d CMakeFiles/stop_beep.elf.dir/Drivers/STM32F1xx_HAL_Driver/Src/stm32f1xx_hal_pcd.c.obj
 .ARM.attributes
                0x0000041c       0x2d CMakeFiles/stop_beep.elf.dir/Drivers/STM32F1xx_HAL_Driver/Src/stm32f1xx_hal_pcd_ex.c.obj
 .ARM.attributes
                0x00000449       0x2d CMakeFiles/stop_beep.elf.dir/Drivers/STM32F1xx_HAL_Driver/Src/stm32f1xx_hal_rcc.c.obj
 .ARM.attributes
                0x00000476       0x2d CMakeFiles/stop_beep.elf.dir/Drivers/STM32F1xx_HAL_Driver/Src/stm32f1xx_hal_rcc_ex.c.obj
 .ARM.attributes
                0x000004a3       0x2d CMakeFiles/stop_beep.elf.dir/Drivers/STM32F1xx_HAL_Driver/Src/stm32f1xx_hal_tim.c.obj
 .ARM.attributes
                0x000004d0       0x2d CMakeFiles/stop_beep.elf.dir/Drivers/STM32F1xx_HAL_Driver/Src/stm32f1xx_hal_tim_ex.c.obj
 .ARM.attributes
                0x000004fd       0x2d CMakeFiles/stop_beep.elf.dir/Drivers/STM32F1xx_HAL_Driver/Src/stm32f1xx_hal_uart.c.obj
 .ARM.attributes
                0x0000052a       0x2d CMakeFiles/stop_beep.elf.dir/Drivers/STM32F1xx_HAL_Driver/Src/stm32f1xx_ll_usb.c.obj
 .ARM.attributes
                0x00000557       0x2d CMakeFiles/stop_beep.elf.dir/Middlewares/ST/STM32_USB_Device_Library/Class/CDC/Src/usbd_cdc.c.obj
 .ARM.attributes
                0x00000584       0x2d CMakeFiles/stop_beep.elf.dir/Middlewares/ST/STM32_USB_Device_Library/Core/Src/usbd_core.c.obj
 .ARM.attributes
                0x000005b1       0x2d CMakeFiles/stop_beep.elf.dir/Middlewares/ST/STM32_USB_Device_Library/Core/Src/usbd_ctlreq.c.obj
 .ARM.attributes
                0x000005de       0x2d CMakeFiles/stop_beep.elf.dir/Middlewares/ST/STM32_USB_Device_Library/Core/Src/usbd_ioreq.c.obj
 .ARM.attributes
                0x0000060b       0x2d CMakeFiles/stop_beep.elf.dir/USB_DEVICE/App/usb_device.c.obj
 .ARM.attributes
                0x00000638       0x2d CMakeFiles/stop_beep.elf.dir/USB_DEVICE/App/usbd_cdc_if.c.obj
 .ARM.attributes
                0x00000665       0x2d CMakeFiles/stop_beep.elf.dir/USB_DEVICE/App/usbd_desc.c.obj
 .ARM.attributes
                0x00000692       0x2d CMakeFiles/stop_beep.elf.dir/USB_DEVICE/Target/usbd_conf.c.obj
 .ARM.attributes
                0x000006bf       0x2d c:/coding/c/gcc-arm-none-eabi-10.3-2021.10/bin/../lib/gcc/arm-none-eabi/10.3.1/../../../../arm-none-eabi/lib/thumb/v7-m/nofp\libg.a(lib_a-errno.o)
 .ARM.attributes
                0x000006ec       0x2d c:/coding/c/gcc-arm-none-eabi-10.3-2021.10/bin/../lib/gcc/arm-none-eabi/10.3.1/../../../../arm-none-eabi/lib/thumb/v7-m/nofp\libg.a(lib_a-impure.o)
 .ARM.attributes
                0x00000719       0x2d c:/coding/c/gcc-arm-none-eabi-10.3-2021.10/bin/../lib/gcc/arm-none-eabi/10.3.1/../../../../arm-none-eabi/lib/thumb/v7-m/nofp\libg.a(lib_a-init.o)
 .ARM.attributes
                0x00000746       0x1b c:/coding/c/gcc-arm-none-eabi-10.3-2021.10/bin/../lib/gcc/arm-none-eabi/10.3.1/../../../../arm-none-eabi/lib/thumb/v7-m/nofp\libg.a(lib_a-memcpy.o)
 .ARM.attributes
                0x00000761       0x2d c:/coding/c/gcc-arm-none-eabi-10.3-2021.10/bin/../lib/gcc/arm-none-eabi/10.3.1/../../../../arm-none-eabi/lib/thumb/v7-m/nofp\libg.a(lib_a-memset.o)
 .ARM.attributes
                0x0000078e       0x2d c:/coding/c/gcc-arm-none-eabi-10.3-2021.10/bin/../lib/gcc/arm-none-eabi/10.3.1/../../../../arm-none-eabi/lib/thumb/v7-m/nofp\libg.a(lib_a-puts.o)
 .ARM.attributes
                0x000007bb       0x2d c:/coding/c/gcc-arm-none-eabi-10.3-2021.10/bin/../lib/gcc/arm-none-eabi/10.3.1/../../../../arm-none-eabi/lib/thumb/v7-m/nofp\libg.a(lib_a-stdio.o)
 .ARM.attributes
                0x000007e8       0x2d c:/coding/c/gcc-arm-none-eabi-10.3-2021.10/bin/../lib/gcc/arm-none-eabi/10.3.1/../../../../arm-none-eabi/lib/thumb/v7-m/nofp\libg.a(lib_a-strlen-stub.o)
 .ARM.attributes
                0x00000815       0x2d c:/coding/c/gcc-arm-none-eabi-10.3-2021.10/bin/../lib/gcc/arm-none-eabi/10.3.1/../../../../arm-none-eabi/lib/thumb/v7-m/nofp\libg.a(lib_a-writer.o)
 .ARM.attributes
                0x00000842       0x2d c:/coding/c/gcc-arm-none-eabi-10.3-2021.10/bin/../lib/gcc/arm-none-eabi/10.3.1/../../../../arm-none-eabi/lib/thumb/v7-m/nofp\libg.a(lib_a-__call_atexit.o)
 .ARM.attributes
                0x0000086f       0x2d c:/coding/c/gcc-arm-none-eabi-10.3-2021.10/bin/../lib/gcc/arm-none-eabi/10.3.1/../../../../arm-none-eabi/lib/thumb/v7-m/nofp\libg.a(lib_a-atexit.o)
 .ARM.attributes
                0x0000089c       0x2d c:/coding/c/gcc-arm-none-eabi-10.3-2021.10/bin/../lib/gcc/arm-none-eabi/10.3.1/../../../../arm-none-eabi/lib/thumb/v7-m/nofp\libg.a(lib_a-closer.o)
 .ARM.attributes
                0x000008c9       0x2d c:/coding/c/gcc-arm-none-eabi-10.3-2021.10/bin/../lib/gcc/arm-none-eabi/10.3.1/../../../../arm-none-eabi/lib/thumb/v7-m/nofp\libg.a(lib_a-findfp.o)
 .ARM.attributes
                0x000008f6       0x2d c:/coding/c/gcc-arm-none-eabi-10.3-2021.10/bin/../lib/gcc/arm-none-eabi/10.3.1/../../../../arm-none-eabi/lib/thumb/v7-m/nofp\libg.a(lib_a-fini.o)
 .ARM.attributes
                0x00000923       0x2d c:/coding/c/gcc-arm-none-eabi-10.3-2021.10/bin/../lib/gcc/arm-none-eabi/10.3.1/../../../../arm-none-eabi/lib/thumb/v7-m/nofp\libg.a(lib_a-fvwrite.o)
 .ARM.attributes
                0x00000950       0x2d c:/coding/c/gcc-arm-none-eabi-10.3-2021.10/bin/../lib/gcc/arm-none-eabi/10.3.1/../../../../arm-none-eabi/lib/thumb/v7-m/nofp\libg.a(lib_a-fwalk.o)
 .ARM.attributes
                0x0000097d       0x2d c:/coding/c/gcc-arm-none-eabi-10.3-2021.10/bin/../lib/gcc/arm-none-eabi/10.3.1/../../../../arm-none-eabi/lib/thumb/v7-m/nofp\libg.a(lib_a-lock.o)
 .ARM.attributes