Archive member included to satisfy reference by file (symbol)

c:/coding/c/gcc-arm-none-eabi-10.3-2021.10/bin/../lib/gcc/arm-none-eabi/10.3.1/thumb/v7-m/nofp\libgcc.a(_arm_muldf3.o)
                              CMakeFiles/stop_beep.elf.dir/Core/Src/music.c.obj (__aeabi_dmul)
c:/coding/c/gcc-arm-none-eabi-10.3-2021.10/bin/../lib/gcc/arm-none-eabi/10.3.1/thumb/v7-m/nofp\libgcc.a(_arm_addsubdf3.o)
                              CMakeFiles/stop_beep.elf.dir/Core/Src/music.c.obj (__aeabi_ui2d)
c:/coding/c/gcc-arm-none-eabi-10.3-2021.10/bin/../lib/gcc/arm-none-eabi/10.3.1/thumb/v7-m/nofp\libgcc.a(_arm_fixunsdfsi.o)
                              CMakeFiles/stop_beep.elf.dir/Core/Src/music.c.obj (__aeabi_d2uiz)
c:/coding/c/gcc-arm-none-eabi-10.3-2021.10/bin/../lib/gcc/arm-none-eabi/10.3.1/../../../../arm-none-eabi/lib/thumb/v7-m/nofp\libg.a(lib_a-errno.o)
                              CMakeFiles/stop_beep.elf.dir/Core/Src/syscalls.c.obj (__errno)
c:/coding/c/gcc-arm-none-eabi-10.3-2021.10/bin/../lib/gcc/arm-none-eabi/10.3.1/../../../../arm-none-eabi/lib/thumb/v7-m/nofp\libg.a(lib_a-exit.o)
                              c:/coding/c/gcc-arm-none-eabi-10.3-2021.10/bin/../lib/gcc/arm-none-eabi/10.3.1/../../../../arm-none-eabi/lib/thumb/v7-m/nofp/crt0.o (exit)
c:/coding/c/gcc-arm-none-eabi-10.3-2021.10/bin/../lib/gcc/arm-none-eabi/10.3.1/../../../../arm-none-eabi/lib/thumb/v7-m/nofp\libg.a(lib_a-impure.o)
                              c:/coding/c/gcc-arm-none-eabi-10.3-2021.10/bin/../lib/gcc/arm-none-eabi/10.3.1/../../../../arm-none-eabi/lib/thumb/v7-m/nofp\libg.a(lib_a-exit.o) (_global_impure_ptr)
c:/coding/c/gcc-arm-none-eabi-10.3-2021.10/bin/../lib/gcc/arm-none-eabi/10.3.1/../../../../arm-none-eabi/lib/thumb/v7-m/nofp\libg.a(lib_a-init.o)
                              c:/coding/c/gcc-arm-none-eabi-10.3-2021.10/bin/../lib/gcc/arm-none-eabi/10.3.1/../../../../arm-none-eabi/lib/thumb/v7-m/nofp/crt0.o (__libc_init_array)
c:/coding/c/gcc-arm-none-eabi-10.3-2021.10/bin/../lib/gcc/arm-none-eabi/10.3.1/../../../../arm-none-eabi/lib/thumb/v7-m/nofp\libg.a(lib_a-memcpy.o)
                              CMakeFiles/stop_beep.elf.dir/Core/Src/uart_dma.c.obj (memcpy)
c:/coding/c/gcc-arm-none-eabi-10.3-2021.10/bin/../lib/gcc/arm-none-eabi/10.3.1/../../../../arm-none-eabi/lib/thumb/v7-m/nofp\libg.a(lib_a-memset.o)
                              c:/coding/c/gcc-arm-none-eabi-10.3-2021.10/bin/../lib/gcc/arm-none-eabi/10.3.1/../../../../arm-none-eabi/lib/thumb/v7-m/nofp/crt0.o (memset)
c:/coding/c/gcc-arm-none-eabi-10.3-2021.10/bin/../lib/gcc/arm-none-eabi/10.3.1/../../../../arm-none-eabi/lib/thumb/v7-m/nofp\libg.a(lib_a-puts.o)
                              CMakeFiles/stop_beep.elf.dir/Core/Src/common.c.obj (puts)
c:/coding/c/gcc-arm-none-eabi-10.3-2021.10/bin/../lib/gcc/arm-none-eabi/10.3.1/../../../../arm-none-eabi/lib/thumb/v7-m/nofp\libg.a(lib_a-sscanf.o)
                              CMakeFiles/stop_beep.elf.dir/Core/Src/common.c.obj (sscanf)
c:/coding/c/gcc-arm-none-eabi-10.3-2021.10/bin/../lib/gcc/arm-none-eabi/10.3.1/../../../../arm-none-eabi/lib/thumb/v7-m/nofp\libg.a(lib_a-stdio.o)
                              c:/coding/c/gcc-arm-none-eabi-10.3-2021.10/bin/../lib/gcc/arm-none-eabi/10.3.1/../../../../arm-none-eabi/lib/thumb/v7-m/nofp\libg.a(lib_a-sscanf.o) (__seofread)
c:/coding/c/gcc-arm-none-eabi-10.3-2021.10/bin/../lib/gcc/arm-none-eabi/10.3.1/../../../../arm-none-eabi/lib/thumb/v7-m/nofp\libg.a(lib_a-strlen-stub.o)
                              c:/coding/c/gcc-arm-none-eabi-10.3-2021.10/bin/../lib/gcc/arm-none-eabi/10.3.1/../../../../arm-none-eabi/lib/thumb/v7-m/nofp\libg.a(lib_a-puts.o) (strlen)
c:/coding/c/gcc-arm-none-eabi-10.3-2021.10/bin/../lib/gcc/arm-none-eabi/10.3.1/../../../../arm-none-eabi/lib/thumb/v7-m/nofp\libg.a(lib_a-strncmp.o)
                              CMakeFiles/stop_beep.elf.dir/Core/Src/common.c.obj (strncmp)
c:/coding/c/gcc-arm-none-eabi-10.3-2021.10/bin/../lib/gcc/arm-none-eabi/10.3.1/../../../../arm-none-eabi/lib/thumb/v7-m/nofp\libg.a(lib_a-svfscanf.o)
                              c:/coding/c/gcc-arm-none-eabi-10.3-2021.10/bin/../lib/gcc/arm-none-eabi/10.3.1/../../../../arm-none-eabi/lib/thumb/v7-m/nofp\libg.a(lib_a-sscanf.o) (__ssvfscanf_r)
c:/coding/c/gcc-arm-none-eabi-10.3-2021.10/bin/../lib/gcc/arm-none-eabi/10.3.1/../../../../arm-none-eabi/lib/thumb/v7-m/nofp\libg.a(lib_a-writer.o)
                              c:/coding/c/gcc-arm-none-eabi-10.3-2021.10/bin/../lib/gcc/arm-none-eabi/10.3.1/../../../../arm-none-eabi/lib/thumb/v7-m/nofp\libg.a(lib_a-stdio.o) (_write_r)
c:/coding/c/gcc-arm-none-eabi-10.3-2021.10/bin/../lib/gcc/arm-none-eabi/10.3.1/../../../../arm-none-eabi/lib/thumb/v7-m/nofp\libg.a(lib_a-__call_atexit.o)
                              c:/coding/c/gcc-arm-none-eabi-10.3-2021.10/bin/../lib/gcc/arm-none-eabi/10.3.1/../../../../arm-none-eabi/lib/thumb/v7-m/nofp\libg.a(lib_a-exit.o) (__call_exitprocs)
[...]
Memory Configuration

Name             Origin             Length             Attributes
RAM              0x20000000         0x00005000         xrw
FLASH            0x08000000         0x00020000         xr
*default*        0x00000000         0xffffffff

Linker script and memory map

LOAD c:/coding/c/gcc-arm-none-eabi-10.3-2021.10/bin/../lib/gcc/arm-none-eabi/10.3.1/thumb/v7-m/nofp/crti.o
LOAD c:/coding/c/gcc-arm-none-eabi-10.3-2021.10/bin/../lib/gcc/arm-none-eabi/10.3.1/thumb/v7-m/nofp/crtbegin.o
LOAD c:/coding/c/gcc-arm-none-eabi-10.3-2021.10/bin/../lib/gcc/arm-none-eabi/10.3.1/../../../../arm-none-eabi/lib/thumb/v7-m/nofp/crt0.o
LOAD CMakeFiles/stop_beep.elf.dir/Core/Src/common.c.obj
LOAD CMakeFiles/stop_beep.elf.dir/Core/Src/dma.c.obj
LOAD CMakeFiles/stop_beep.elf.dir/Core/Src/gpio.c.obj
LOAD CMakeFiles/stop_beep.elf.dir/Core/Src/main.c.obj
LOAD CMakeFiles/stop_beep.elf.dir/Core/Src/music.c.obj
LOAD CMakeFiles/stop_beep.elf.dir/Core/Src/stm32f1xx_hal_msp.c.obj
LOAD CMakeFiles/stop_beep.elf.dir/Core/Src/stm32f1xx_it.c.obj
LOAD CMakeFiles/stop_beep.elf.dir/Core/Src/stop_watch.c.obj
LOAD CMakeFiles/stop_beep.elf.dir/Core/Src/syscalls.c.obj
LOAD CMakeFiles/stop_beep.elf.dir/Core/Src/sysmem.c.obj
LOAD CMakeFiles/stop_beep.elf.dir/Core/Src/system_stm32f1xx.c.obj
LOAD CMakeFiles/stop_beep.elf.dir/Core/Src/tim.c.obj
LOAD CMakeFiles/stop_beep.elf.dir/Core/Src/timer.c.obj
LOAD CMakeFiles/stop_beep.elf.dir/Core/Src/uart_dma.c.obj
LOAD CMakeFiles/stop_beep.elf.dir/Core/Src/usart.c.obj
LOAD CMakeFiles/stop_beep.elf.dir/Core/Src/usb_uart.c.obj
LOAD CMakeFiles/stop_beep.elf.dir/Core/Startup/startup_stm32f103cbtx.s.obj
LOAD CMakeFiles/stop_beep.elf.dir/Drivers/STM32F1xx_HAL_Driver/Src/stm32f1xx_hal.c.obj
LOAD CMakeFiles/stop_beep.elf.dir/Drivers/STM32F1xx_HAL_Driver/Src/stm32f1xx_hal_cortex.c.obj
LOAD CMakeFiles/stop_beep.elf.dir/Drivers/STM32F1xx_HAL_Driver/Src/stm32f1xx_hal_dma.c.obj
LOAD CMakeFiles/stop_beep.elf.dir/Drivers/STM32F1xx_HAL_Driver/Src/stm32f1xx_hal_exti.c.obj
LOAD CMakeFiles/stop_beep.elf.dir/Drivers/STM32F1xx_HAL_Driver/Src/stm32f1xx_hal_flash.c.obj
LOAD CMakeFiles/stop_beep.elf.dir/Drivers/STM32F1xx_HAL_Driver/Src/stm32f1xx_hal_flash_ex.c.obj
LOAD CMakeFiles/stop_beep.elf.dir/Drivers/STM32F1xx_HAL_Driver/Src/stm32f1xx_hal_gpio.c.obj
LOAD CMakeFiles/stop_beep.elf.dir/Drivers/STM32F1xx_HAL_Driver/Src/stm32f1xx_hal_gpio_ex.c.obj
LOAD CMakeFiles/stop_beep.elf.dir/Drivers/STM32F1xx_HAL_Driver/Src/stm32f1xx_hal_pcd.c.obj
LOAD CMakeFiles/stop_beep.elf.dir/Drivers/STM32F1xx_HAL_Driver/Src/stm32f1xx_hal_pcd_ex.c.obj
LOAD CMakeFiles/stop_beep.elf.dir/Drivers/STM32F1xx_HAL_Driver/Src/stm32f1xx_hal_pwr.c.obj
LOAD CMakeFiles/stop_beep.elf.dir/Drivers/STM32F1xx_HAL_Driver/Src/stm32f1xx_hal_rcc.c.obj
LOAD CMakeFiles/stop_beep.elf.dir/Drivers/STM32F1xx_HAL_Driver/Src/stm32f1xx_hal_rcc_ex.c.obj
LOAD CMakeFiles/stop_beep.elf.dir/Drivers/STM32F1xx_HAL_Driver/Src/stm32f1xx_hal_tim.c.obj
LOAD CMakeFiles/stop_beep.elf.dir/Drivers/STM32F1xx_HAL_Driver/Src/stm32f1xx_hal_tim_ex.c.obj
LOAD CMakeFiles/stop_beep.elf.dir/Drivers/STM32F1xx_HAL_Driver/Src/stm32f1xx_hal_uart.c.obj
LOAD CMakeFiles/stop_beep.elf.dir/Drivers/STM32F1xx_HAL_Driver/Src/stm32f1xx_ll_usb.c.obj
LOAD CMakeFiles/stop_beep.elf.dir/Middlewares/ST/STM32_USB_Device_Library/Class/CDC/Src/usbd_cdc.c.obj
LOAD CMakeFiles/stop_beep.elf.dir/Middlewares/ST/STM32_USB_Device_Library/Core/Src/usbd_core.c.obj
LOAD CMakeFiles/stop_beep.elf.dir/Middlewares/ST/STM32_USB_Device_Library/Core/Src/usbd_ctlreq.c.obj
LOAD CMakeFiles/stop_beep.elf.dir/Middlewares/ST/STM32_USB_Device_Library/Core/Src/usbd_ioreq.c.obj
LOAD CMakeFiles/stop_beep.elf.dir/USB_DEVICE/App/usb_device.c.obj
LOAD CMakeFiles/stop_beep.elf.dir/USB_DEVICE/App/usbd_cdc_if.c.obj
LOAD CMakeFiles/stop_beep.elf.dir/USB_DEVICE/App/usbd_desc.c.obj
LOAD CMakeFiles/stop_beep.elf.dir/USB_DEVICE/Target/usbd_conf.c.obj
START GROUP
LOAD c:/coding/c/gcc-arm-none-eabi-10.3-2021.10/bin/../lib/gcc/arm-none-eabi/10.3.1/thumb/v7-m/nofp\libgcc.a
LOAD c:/coding/c/gcc-arm-none-eabi-10.3-2021.10/bin/../lib/gcc/arm-none-eabi/10.3.1/../../../../arm-none-eabi/lib/thumb/v7-m/nofp\libg.a
LOAD c:/coding/c/gcc-arm-none-eabi-10.3-2021.10/bin/../lib/gcc/arm-none-eabi/10.3.1/../../../../arm-none-eabi/lib/thumb/v7-m/nofp\libc.a
END GROUP
LOAD c:/coding/c/gcc-arm-none-eabi-10.3-2021.10/bin/../lib/gcc/arm-none-eabi/10.3.1/thumb/v7-m/nofp/crtend.o
LOAD c:/coding/c/gcc-arm-none-eabi-10.3-2021.10/bin/../lib/gcc/arm-none-eabi/10.3.1/thumb/v7-m/nofp/crtn.o
                0x20005000                _estack = (ORIGIN (RAM) + LENGTH (RAM))
                0x00000200                _Min_Heap_Size = 0x200
                0x00000400                _Min_Stack_Size = 0x400

.isr_vector     0x08000000      0x10c
                0x08000000                . = ALIGN (0x4)
 *(.isr_vector)
 .isr_vector    0x08000000      0x10c CMakeFiles/stop_beep.elf.dir/Core/Startup/startup_stm32f103cbtx.s.obj
                0x08000000                g_pfnVectors
                0x0800010c                . = ALIGN (0x4)

.text           0x0800010c     0x7940
                0x0800010c                . = ALIGN (0x4)
 *(.text)
 .text          0x0800010c       0x40 c:/coding/c/gcc-arm-none-eabi-10.3-2021.10/bin/../lib/gcc/arm-none-eabi/10.3.1/thumb/v7-m/nofp/crtbegin.o
 .text          0x0800014c       0xec c:/coding/c/gcc-arm-none-eabi-10.3-2021.10/bin/../lib/gcc/arm-none-eabi/10.3.1/../../../../arm-none-eabi/lib/thumb/v7-m/nofp\libg.a(lib_a-memcpy.o)
                0x0800014c                memcpy
 *(.text*)
 .text.HAL_TIM_PeriodElapsedCallback
                0x08000238       0x30 CMakeFiles/stop_beep.elf.dir/Core/Src/common.c.obj
                0x08000238                HAL_TIM_PeriodElapsedCallback
 .text.Uart1_RxDataCallback_ToUSB
                0x08000268        0x8 CMakeFiles/stop_beep.elf.dir/Core/Src/common.c.obj
                0x08000268                Uart1_RxDataCallback_ToUSB
 .text.System_Init
                0x08000270       0x20 CMakeFiles/stop_beep.elf.dir/Core/Src/common.c.obj
                0x08000270                System_Init
 .text.UserTasks
                0x08000290       0x14 CMakeFiles/stop_beep.elf.dir/Core/Src/common.c.obj
                0x08000290                UserTasks
 .text.MX_DMA_Init
                0x080002a4       0x44 CMakeFiles/stop_beep.elf.dir/Core/Src/dma.c.obj
                0x080002a4                MX_DMA_Init
 .text.MX_GPIO_Init
                0x080002e8       0xf4 CMakeFiles/stop_beep.elf.dir/Core/Src/gpio.c.obj
                0x080002e8                MX_GPIO_Init
 .text.Error_Handler
                0x080003dc        0x4 CMakeFiles/stop_beep.elf.dir/Core/Src/main.c.obj
                0x080003dc                Error_Handler
 .text.SystemClock_Config
                0x080003e0       0x82 CMakeFiles/stop_beep.elf.dir/Core/Src/main.c.obj
                0x080003e0                SystemClock_Config
 .text.main     0x08000462       0x30 CMakeFiles/stop_beep.elf.dir/Core/Src/main.c.obj
                0x08000462                main
 *fill*         0x08000492        0x2 
 .text.HAL_MspInit
                0x08000494       0x44 CMakeFiles/stop_beep.elf.dir/Core/Src/stm32f1xx_hal_msp.c.obj
                0x08000494                HAL_MspInit
 .text.NMI_Handler
                0x080004d8        0x2 CMakeFiles/stop_beep.elf.dir/Core/Src/stm32f1xx_it.c.obj
                0x080004d8                NMI_Handler
 .text.HardFault_Handler
                0x080004da        0x2 CMakeFiles/stop_beep.elf.dir/Core/Src/stm32f1xx_it.c.obj
                0x080004da                HardFault_Handler
 .text.MemManage_Handler
                0x080004dc        0x2 CMakeFiles/stop_beep.elf.dir/Core/Src/stm32f1xx_it.c.obj
                0x080004dc                MemManage_Handler
 .text.BusFault_Handler
                0x080004de        0x2 CMakeFiles/stop_beep.elf.dir/Core/Src/stm32f1xx_it.c.obj
                0x080004de                BusFault_Handler
 .text.UsageFault_Handler
                0x080004e0        0x2 CMakeFiles/stop_beep.elf.dir/Core/Src/stm32f1xx_it.c.obj
                0x080004e0                UsageFault_Handler
 .text.SVC_Handler
                0x080004e2        0x2 CMakeFiles/stop_beep.elf.dir/Core/Src/stm32f1xx_it.c.obj
                0x080004e2                SVC_Handler
 .text.DebugMon_Handler
                0x080004e4        0x2 CMakeFiles/stop_beep.elf.dir/Core/Src/stm32f1xx_it.c.obj
                0x080004e4                DebugMon_Handler
 .text.PendSV_Handler
                0x080004e6        0x2 CMakeFiles/stop_beep.elf.dir/Core/Src/stm32f1xx_it.c.obj
                0x080004e6                PendSV_Handler
 .text.SysTick_Handler
                0x080004e8        0x8 CMakeFiles/stop_beep.elf.dir/Core/Src/stm32f1xx_it.c.obj
                0x080004e8                SysTick_Handler
 .text.DMA1_Channel4_IRQHandler
                0x080004f0       0x10 CMakeFiles/stop_beep.elf.dir/Core/Src/stm32f1xx_it.c.obj
                0x080004f0                DMA1_Channel4_IRQHandler
 .text.DMA1_Channel5_IRQHandler
                0x08000500       0x10 CMakeFiles/stop_beep.elf.dir/Core/Src/stm32f1xx_it.c.obj
                0x08000500                DMA1_Channel5_IRQHandler
 .text.USB_LP_CAN1_RX0_IRQHandler
                0x08000510       0x10 CMakeFiles/stop_beep.elf.dir/Core/Src/stm32f1xx_it.c.obj
                0x08000510                USB_LP_CAN1_RX0_IRQHandler
 .text.TIM1_UP_IRQHandler
                0x08000520       0x10 CMakeFiles/stop_beep.elf.dir/Core/Src/stm32f1xx_it.c.obj
                0x08000520                TIM1_UP_IRQHandler
 .text.TIM3_IRQHandler
                0x08000530       0x10 CMakeFiles/stop_beep.elf.dir/Core/Src/stm32f1xx_it.c.obj
                0x08000530                TIM3_IRQHandler
 .text.USART1_IRQHandler
                0x08000540       0x14 CMakeFiles/stop_beep.elf.dir/Core/Src/stm32f1xx_it.c.obj
                0x08000540                USART1_IRQHandler
 .text._read    0x08000554       0x20 CMakeFiles/stop_beep.elf.dir/Core/Src/syscalls.c.obj
                0x08000554                _read
 .text._close   0x08000574        0x6 CMakeFiles/stop_beep.elf.dir/Core/Src/syscalls.c.obj
                0x08000574                _close
 .text._fstat   0x0800057a        0xa CMakeFiles/stop_beep.elf.dir/Core/Src/syscalls.c.obj
                0x0800057a                _fstat
 .text._isatty  0x08000584        0x4 CMakeFiles/stop_beep.elf.dir/Core/Src/syscalls.c.obj
                0x08000584                _isatty
 .text._lseek   0x08000588        0x4 CMakeFiles/stop_beep.elf.dir/Core/Src/syscalls.c.obj
                0x08000588                _lseek
 .text._sbrk    0x0800058c       0x48 CMakeFiles/stop_beep.elf.dir/Core/Src/sysmem.c.obj
                0x0800058c                _sbrk
 .text.SystemInit
                0x080005d4        0x2 CMakeFiles/stop_beep.elf.dir/Core/Src/system_stm32f1xx.c.obj
                0x080005d4                SystemInit
 *fill*         0x080005d6        0x2 
 .text.MX_TIM1_Init
                0x080005d8       0x70 CMakeFiles/stop_beep.elf.dir/Core/Src/tim.c.obj
                0x080005d8                MX_TIM1_Init
 .text.MX_TIM3_Init
                0x08000648       0x6c CMakeFiles/stop_beep.elf.dir/Core/Src/tim.c.obj
                0x08000648                MX_TIM3_Init
 .text.HAL_TIM_Base_MspInit
                0x080006b4       0x90 CMakeFiles/stop_beep.elf.dir/Core/Src/tim.c.obj
                0x080006b4                HAL_TIM_Base_MspInit
 .text.HAL_TIM_MspPostInit
                0x08000744       0x4c CMakeFiles/stop_beep.elf.dir/Core/Src/tim.c.obj
                0x08000744                HAL_TIM_MspPostInit
 .text.MX_TIM2_Init
                0x08000790       0xac CMakeFiles/stop_beep.elf.dir/Core/Src/tim.c.obj
                0x08000790                MX_TIM2_Init
 .text.HAL_UART_EndRxTransfer_IT
                0x0800083c       0x1c CMakeFiles/stop_beep.elf.dir/Core/Src/uart_dma.c.obj
                0x0800083c                HAL_UART_EndRxTransfer_IT
 .text.Uart_DMA_Init
                0x08000858       0xa0 CMakeFiles/stop_beep.elf.dir/Core/Src/uart_dma.c.obj
                0x08000858                Uart_DMA_Init
 .text.Uart_RxIDLE_Handler
                0x080008f8      0x18c CMakeFiles/stop_beep.elf.dir/Core/Src/uart_dma.c.obj
                0x080008f8                Uart_RxIDLE_Handler
 .text.HAL_UART_ErrorCallback
                0x08000a84        0x2 CMakeFiles/stop_beep.elf.dir/Core/Src/uart_dma.c.obj
                0x08000a84                HAL_UART_ErrorCallback
 *fill*         0x08000a86        0x2 
 .text.HAL_UART_RxCpltCallback
                0x08000a88      0x10c CMakeFiles/stop_beep.elf.dir/Core/Src/uart_dma.c.obj
                0x08000a88                HAL_UART_RxCpltCallback
 .text.UartTxDataDMA
                0x08000b94       0xa8 CMakeFiles/stop_beep.elf.dir/Core/Src/uart_dma.c.obj
                0x08000b94                UartTxDataDMA
 .text.StartAllUartDMAReceive
                0x08000c3c       0x3c CMakeFiles/stop_beep.elf.dir/Core/Src/uart_dma.c.obj
                0x08000c3c                StartAllUartDMAReceive
 .text.CheckUartRxData
                0x08000c78       0xc4 CMakeFiles/stop_beep.elf.dir/Core/Src/uart_dma.c.obj
                0x08000c78                CheckUartRxData
 .text.CheckUartTxData
                0x08000d3c       0xc4 CMakeFiles/stop_beep.elf.dir/Core/Src/uart_dma.c.obj
                0x08000d3c                CheckUartTxData
 .text._write   0x08000e00       0x18 CMakeFiles/stop_beep.elf.dir/Core/Src/usart.c.obj
                0x08000e00                _write
 .text.MX_USART1_UART_Init
                0x08000e18       0x34 CMakeFiles/stop_beep.elf.dir/Core/Src/usart.c.obj
                0x08000e18                MX_USART1_UART_Init
 .text.HAL_UART_MspInit
                0x08000e4c       0xf0 CMakeFiles/stop_beep.elf.dir/Core/Src/usart.c.obj
                0x08000e4c                HAL_UART_MspInit
 .text.Usb2UartInit
                0x08000f3c       0x44 CMakeFiles/stop_beep.elf.dir/Core/Src/usb_uart.c.obj
                0x08000f3c                Usb2UartInit
 .text.USBTxDataDMA
                0x08000f80       0x64 CMakeFiles/stop_beep.elf.dir/Core/Src/usb_uart.c.obj
                0x08000f80                USBTxDataDMA
 .text.SendDataToUSB
                0x08000fe4       0x1c CMakeFiles/stop_beep.elf.dir/Core/Src/usb_uart.c.obj
                0x08000fe4                SendDataToUSB
 .text.CheckUSBRxData
                0x08001000       0x78 CMakeFiles/stop_beep.elf.dir/Core/Src/usb_uart.c.obj
                0x08001000                CheckUSBRxData
 .text.CheckUSBTxData
                0x08001078       0x7c CMakeFiles/stop_beep.elf.dir/Core/Src/usb_uart.c.obj
                0x08001078                CheckUSBTxData
 .text.Reset_Handler
                0x080010f4       0x48 CMakeFiles/stop_beep.elf.dir/Core/Startup/startup_stm32f103cbtx.s.obj
                0x080010f4                Reset_Handler
 .text.Default_Handler
                0x0800113c        0x2 CMakeFiles/stop_beep.elf.dir/Core/Startup/startup_stm32f103cbtx.s.obj
                0x0800113c                RTC_Alarm_IRQHandler
                0x0800113c                EXTI2_IRQHandler
                0x0800113c                TIM1_CC_IRQHandler
                0x0800113c                PVD_IRQHandler
                0x0800113c                EXTI3_IRQHandler
                0x0800113c                EXTI0_IRQHandler
                0x0800113c                I2C2_EV_IRQHandler
                0x0800113c                ADC1_2_IRQHandler
                0x0800113c                SPI1_IRQHandler
                0x0800113c                TAMPER_IRQHandler
                0x0800113c                USART3_IRQHandler
                0x0800113c                RTC_IRQHandler
                0x0800113c                DMA1_Channel7_IRQHandler
                0x0800113c                CAN1_RX1_IRQHandler
                0x0800113c                TIM4_IRQHandler
                0x0800113c                I2C1_EV_IRQHandler
                0x0800113c                DMA1_Channel6_IRQHandler
                0x0800113c                RCC_IRQHandler
                0x0800113c                TIM1_TRG_COM_IRQHandler
                0x0800113c                DMA1_Channel1_IRQHandler
                0x0800113c                Default_Handler
                0x0800113c                EXTI15_10_IRQHandler
                0x0800113c                EXTI9_5_IRQHandler
                0x0800113c                SPI2_IRQHandler
                0x0800113c                EXTI4_IRQHandler
                0x0800113c                USB_HP_CAN1_TX_IRQHandler
                0x0800113c                DMA1_Channel3_IRQHandler
                0x0800113c                WWDG_IRQHandler
                0x0800113c                TIM2_IRQHandler
                0x0800113c                TIM1_BRK_IRQHandler
                0x0800113c                EXTI1_IRQHandler
                0x0800113c                USART2_IRQHandler
                0x0800113c                I2C2_ER_IRQHandler
                0x0800113c                DMA1_Channel2_IRQHandler
                0x0800113c                CAN1_SCE_IRQHandler
                0x0800113c                FLASH_IRQHandler
                0x0800113c                I2C1_ER_IRQHandler
                0x0800113c                USBWakeUp_IRQHandler
 *fill*         0x0800113e        0x2 
 .text.HAL_InitTick
                0x08001140       0x4c CMakeFiles/stop_beep.elf.dir/Drivers/STM32F1xx_HAL_Driver/Src/stm32f1xx_hal.c.obj
                0x08001140                HAL_InitTick
 .text.HAL_Init
                0x0800118c       0x24 CMakeFiles/stop_beep.elf.dir/Drivers/STM32F1xx_HAL_Driver/Src/stm32f1xx_hal.c.obj
                0x0800118c                HAL_Init
 .text.HAL_IncTick
                0x080011b0       0x18 CMakeFiles/stop_beep.elf.dir/Drivers/STM32F1xx_HAL_Driver/Src/stm32f1xx_hal.c.obj
                0x080011b0                HAL_IncTick
 .text.HAL_GetTick
                0x080011c8        0xc CMakeFiles/stop_beep.elf.dir/Drivers/STM32F1xx_HAL_Driver/Src/stm32f1xx_hal.c.obj
                0x080011c8                HAL_GetTick
 .text.HAL_NVIC_SetPriorityGrouping
                0x080011d4       0x24 CMakeFiles/stop_beep.elf.dir/Drivers/STM32F1xx_HAL_Driver/Src/stm32f1xx_hal_cortex.c.obj
                0x080011d4                HAL_NVIC_SetPriorityGrouping
 .text.HAL_NVIC_SetPriority
                0x080011f8       0x70 CMakeFiles/stop_beep.elf.dir/Drivers/STM32F1xx_HAL_Driver/Src/stm32f1xx_hal_cortex.c.obj
                0x080011f8                HAL_NVIC_SetPriority
 .text.HAL_NVIC_EnableIRQ
                0x08001268       0x1c CMakeFiles/stop_beep.elf.dir/Drivers/STM32F1xx_HAL_Driver/Src/stm32f1xx_hal_cortex.c.obj
                0x08001268                HAL_NVIC_EnableIRQ
 .text.HAL_SYSTICK_Config
                0x08001284       0x28 CMakeFiles/stop_beep.elf.dir/Drivers/STM32F1xx_HAL_Driver/Src/stm32f1xx_hal_cortex.c.obj
                0x08001284                HAL_SYSTICK_Config
 .text.DMA_SetConfig
                0x080012ac       0x2c CMakeFiles/stop_beep.elf.dir/Drivers/STM32F1xx_HAL_Driver/Src/stm32f1xx_hal_dma.c.obj
 .text.HAL_DMA_Init
                0x080012d8       0x6c CMakeFiles/stop_beep.elf.dir/Drivers/STM32F1xx_HAL_Driver/Src/stm32f1xx_hal_dma.c.obj
                0x080012d8                HAL_DMA_Init
 .text.HAL_DMA_Start_IT
                0x08001344       0x74 CMakeFiles/stop_beep.elf.dir/Drivers/STM32F1xx_HAL_Driver/Src/stm32f1xx_hal_dma.c.obj
                0x08001344                HAL_DMA_Start_IT
 .text.HAL_DMA_Abort
                0x080013b8       0x44 CMakeFiles/stop_beep.elf.dir/Drivers/STM32F1xx_HAL_Driver/Src/stm32f1xx_hal_dma.c.obj
                0x080013b8                HAL_DMA_Abort
 .text.HAL_DMA_Abort_IT
                0x080013fc       0x98 CMakeFiles/stop_beep.elf.dir/Drivers/STM32F1xx_HAL_Driver/Src/stm32f1xx_hal_dma.c.obj
                0x080013fc                HAL_DMA_Abort_IT
 .text.HAL_DMA_IRQHandler
                0x08001494      0x144 CMakeFiles/stop_beep.elf.dir/Drivers/STM32F1xx_HAL_Driver/Src/stm32f1xx_hal_dma.c.obj
                0x08001494                HAL_DMA_IRQHandler
 .text.HAL_GPIO_Init
                0x080015d8      0x224 CMakeFiles/stop_beep.elf.dir/Drivers/STM32F1xx_HAL_Driver/Src/stm32f1xx_hal_gpio.c.obj
                0x080015d8                HAL_GPIO_Init
 .text.HAL_GPIO_WritePin
                0x080017fc        0xc CMakeFiles/stop_beep.elf.dir/Drivers/STM32F1xx_HAL_Driver/Src/stm32f1xx_hal_gpio.c.obj
                0x080017fc                HAL_GPIO_WritePin
 .text.HAL_PCD_EP_DB_Receive
                0x08001808      0x11c CMakeFiles/stop_beep.elf.dir/Drivers/STM32F1xx_HAL_Driver/Src/stm32f1xx_hal_pcd.c.obj
 .text.HAL_PCD_Init
                0x08001924      0x118 CMakeFiles/stop_beep.elf.dir/Drivers/STM32F1xx_HAL_Driver/Src/stm32f1xx_hal_pcd.c.obj
                0x08001924                HAL_PCD_Init
 .text.HAL_PCD_Start
                0x08001a3c       0x32 CMakeFiles/stop_beep.elf.dir/Drivers/STM32F1xx_HAL_Driver/Src/stm32f1xx_hal_pcd.c.obj
                0x08001a3c                HAL_PCD_Start
 .text.HAL_PCD_EP_DB_Transmit
                0x08001a6e      0x420 CMakeFiles/stop_beep.elf.dir/Drivers/STM32F1xx_HAL_Driver/Src/stm32f1xx_hal_pcd.c.obj
 .text.PCD_EP_ISR_Handler
                0x08001e8e      0x438 CMakeFiles/stop_beep.elf.dir/Drivers/STM32F1xx_HAL_Driver/Src/stm32f1xx_hal_pcd.c.obj
 .text.HAL_PCD_SetAddress
                0x080022c6       0x28 CMakeFiles/stop_beep.elf.dir/Drivers/STM32F1xx_HAL_Driver/Src/stm32f1xx_hal_pcd.c.obj
                0x080022c6                HAL_PCD_SetAddress
 .text.HAL_PCD_IRQHandler
                0x080022ee      0x1d4 CMakeFiles/stop_beep.elf.dir/Drivers/STM32F1xx_HAL_Driver/Src/stm32f1xx_hal_pcd.c.obj
                0x080022ee                HAL_PCD_IRQHandler
 .text.HAL_PCD_EP_Open
                0x080024c2       0x84 CMakeFiles/stop_beep.elf.dir/Drivers/STM32F1xx_HAL_Driver/Src/stm32f1xx_hal_pcd.c.obj
                0x080024c2                HAL_PCD_EP_Open
 .text.HAL_PCD_EP_Close
                0x08002546       0x64 CMakeFiles/stop_beep.elf.dir/Drivers/STM32F1xx_HAL_Driver/Src/stm32f1xx_hal_pcd.c.obj
                0x08002546                HAL_PCD_EP_Close
 .text.HAL_PCD_EP_Receive
                0x080025aa       0x44 CMakeFiles/stop_beep.elf.dir/Drivers/STM32F1xx_HAL_Driver/Src/stm32f1xx_hal_pcd.c.obj
                0x080025aa                HAL_PCD_EP_Receive
 .text.HAL_PCD_EP_GetRxCount
                0x080025ee       0x12 CMakeFiles/stop_beep.elf.dir/Drivers/STM32F1xx_HAL_Driver/Src/stm32f1xx_hal_pcd.c.obj
                0x080025ee                HAL_PCD_EP_GetRxCount
 .text.HAL_PCD_EP_Transmit
                0x08002600       0x50 CMakeFiles/stop_beep.elf.dir/Drivers/STM32F1xx_HAL_Driver/Src/stm32f1xx_hal_pcd.c.obj
                0x08002600                HAL_PCD_EP_Transmit
 .text.HAL_PCD_EP_SetStall
                0x08002650       0x78 CMakeFiles/stop_beep.elf.dir/Drivers/STM32F1xx_HAL_Driver/Src/stm32f1xx_hal_pcd.c.obj
                0x08002650                HAL_PCD_EP_SetStall
 .text.HAL_PCD_EP_ClrStall
                0x080026c8       0x76 CMakeFiles/stop_beep.elf.dir/Drivers/STM32F1xx_HAL_Driver/Src/stm32f1xx_hal_pcd.c.obj
                0x080026c8                HAL_PCD_EP_ClrStall
 .text.HAL_PCDEx_PMAConfig
                0x0800273e       0x38 CMakeFiles/stop_beep.elf.dir/Drivers/STM32F1xx_HAL_Driver/Src/stm32f1xx_hal_pcd_ex.c.obj
                0x0800273e                HAL_PCDEx_PMAConfig
 *fill*         0x08002776        0x2 
 .text.RCC_Delay
                0x08002778       0x2c CMakeFiles/stop_beep.elf.dir/Drivers/STM32F1xx_HAL_Driver/Src/stm32f1xx_hal_rcc.c.obj
 .text.HAL_RCC_OscConfig
                0x080027a4      0x410 CMakeFiles/stop_beep.elf.dir/Drivers/STM32F1xx_HAL_Driver/Src/stm32f1xx_hal_rcc.c.obj
                0x080027a4                HAL_RCC_OscConfig
 .text.HAL_RCC_GetSysClockFreq
                0x08002bb4       0x70 CMakeFiles/stop_beep.elf.dir/Drivers/STM32F1xx_HAL_Driver/Src/stm32f1xx_hal_rcc.c.obj
                0x08002bb4                HAL_RCC_GetSysClockFreq
 .text.HAL_RCC_ClockConfig
                0x08002c24      0x16c CMakeFiles/stop_beep.elf.dir/Drivers/STM32F1xx_HAL_Driver/Src/stm32f1xx_hal_rcc.c.obj
                0x08002c24                HAL_RCC_ClockConfig
 .text.HAL_RCC_GetHCLKFreq
                0x08002d90        0xc CMakeFiles/stop_beep.elf.dir/Drivers/STM32F1xx_HAL_Driver/Src/stm32f1xx_hal_rcc.c.obj
                0x08002d90                HAL_RCC_GetHCLKFreq
 .text.HAL_RCC_GetPCLK1Freq
                0x08002d9c       0x20 CMakeFiles/stop_beep.elf.dir/Drivers/STM32F1xx_HAL_Driver/Src/stm32f1xx_hal_rcc.c.obj
                0x08002d9c                HAL_RCC_GetPCLK1Freq
 .text.HAL_RCC_GetPCLK2Freq
                0x08002dbc       0x20 CMakeFiles/stop_beep.elf.dir/Drivers/STM32F1xx_HAL_Driver/Src/stm32f1xx_hal_rcc.c.obj
                0x08002dbc                HAL_RCC_GetPCLK2Freq
 .text.HAL_RCCEx_PeriphCLKConfig
                0x08002ddc      0x118 CMakeFiles/stop_beep.elf.dir/Drivers/STM32F1xx_HAL_Driver/Src/stm32f1xx_hal_rcc_ex.c.obj
                0x08002ddc                HAL_RCCEx_PeriphCLKConfig
 .text.TIM_OC1_SetConfig
                0x08002ef4       0x5c CMakeFiles/stop_beep.elf.dir/Drivers/STM32F1xx_HAL_Driver/Src/stm32f1xx_hal_tim.c.obj
 .text.TIM_OC3_SetConfig
                0x08002f50       0x64 CMakeFiles/stop_beep.elf.dir/Drivers/STM32F1xx_HAL_Driver/Src/stm32f1xx_hal_tim.c.obj
 .text.TIM_OC4_SetConfig
                0x08002fb4       0x48 CMakeFiles/stop_beep.elf.dir/Drivers/STM32F1xx_HAL_Driver/Src/stm32f1xx_hal_tim.c.obj
 .text.TIM_TI1_ConfigInputStage
                0x08002ffc       0x24 CMakeFiles/stop_beep.elf.dir/Drivers/STM32F1xx_HAL_Driver/Src/stm32f1xx_hal_tim.c.obj
 .text.TIM_TI2_ConfigInputStage
                0x08003020       0x26 CMakeFiles/stop_beep.elf.dir/Drivers/STM32F1xx_HAL_Driver/Src/stm32f1xx_hal_tim.c.obj
 .text.TIM_ITRx_SetConfig
                0x08003046       0x10 CMakeFiles/stop_beep.elf.dir/Drivers/STM32F1xx_HAL_Driver/Src/stm32f1xx_hal_tim.c.obj
 *fill*         0x08003056        0x2 
 .text.HAL_TIM_Base_Start_IT
                0x08003058       0x68 CMakeFiles/stop_beep.elf.dir/Drivers/STM32F1xx_HAL_Driver/Src/stm32f1xx_hal_tim.c.obj
                0x08003058                HAL_TIM_Base_Start_IT
 .text.HAL_TIM_PWM_MspInit
                0x080030c0        0x2 CMakeFiles/stop_beep.elf.dir/Drivers/STM32F1xx_HAL_Driver/Src/stm32f1xx_hal_tim.c.obj
                0x080030c0                HAL_TIM_PWM_MspInit
 .text.HAL_TIM_OC_DelayElapsedCallback
                0x080030c2        0x2 CMakeFiles/stop_beep.elf.dir/Drivers/STM32F1xx_HAL_Driver/Src/stm32f1xx_hal_tim.c.obj
                0x080030c2                HAL_TIM_OC_DelayElapsedCallback
 .text.HAL_TIM_IC_CaptureCallback
                0x080030c4        0x2 CMakeFiles/stop_beep.elf.dir/Drivers/STM32F1xx_HAL_Driver/Src/stm32f1xx_hal_tim.c.obj
                0x080030c4                HAL_TIM_IC_CaptureCallback
 .text.HAL_TIM_PWM_PulseFinishedCallback
                0x080030c6        0x2 CMakeFiles/stop_beep.elf.dir/Drivers/STM32F1xx_HAL_Driver/Src/stm32f1xx_hal_tim.c.obj
                0x080030c6                HAL_TIM_PWM_PulseFinishedCallback
 .text.HAL_TIM_TriggerCallback
                0x080030c8        0x2 CMakeFiles/stop_beep.elf.dir/Drivers/STM32F1xx_HAL_Driver/Src/stm32f1xx_hal_tim.c.obj
                0x080030c8                HAL_TIM_TriggerCallback
 .text.HAL_TIM_IRQHandler
                0x080030ca      0x17a CMakeFiles/stop_beep.elf.dir/Drivers/STM32F1xx_HAL_Driver/Src/stm32f1xx_hal_tim.c.obj
                0x080030ca                HAL_TIM_IRQHandler
 .text.TIM_Base_SetConfig
                0x08003244       0x74 CMakeFiles/stop_beep.elf.dir/Drivers/STM32F1xx_HAL_Driver/Src/stm32f1xx_hal_tim.c.obj
                0x08003244                TIM_Base_SetConfig
 .text.HAL_TIM_Base_Init
                0x080032b8       0x58 CMakeFiles/stop_beep.elf.dir/Drivers/STM32F1xx_HAL_Driver/Src/stm32f1xx_hal_tim.c.obj
                0x080032b8                HAL_TIM_Base_Init
 .text.HAL_TIM_PWM_Init
                0x08003310       0x58 CMakeFiles/stop_beep.elf.dir/Drivers/STM32F1xx_HAL_Driver/Src/stm32f1xx_hal_tim.c.obj
                0x08003310                HAL_TIM_PWM_Init
 .text.TIM_OC2_SetConfig
                0x08003368       0x64 CMakeFiles/stop_beep.elf.dir/Drivers/STM32F1xx_HAL_Driver/Src/stm32f1xx_hal_tim.c.obj
                0x08003368                TIM_OC2_SetConfig
 .text.HAL_TIM_PWM_ConfigChannel
                0x080033cc       0xd0 CMakeFiles/stop_beep.elf.dir/Drivers/STM32F1xx_HAL_Driver/Src/stm32f1xx_hal_tim.c.obj
                0x080033cc                HAL_TIM_PWM_ConfigChannel
 .text.TIM_ETR_SetConfig
                0x0800349c       0x18 CMakeFiles/stop_beep.elf.dir/Drivers/STM32F1xx_HAL_Driver/Src/stm32f1xx_hal_tim.c.obj
                0x0800349c                TIM_ETR_SetConfig
 .text.HAL_TIM_ConfigClockSource
                0x080034b4       0xda CMakeFiles/stop_beep.elf.dir/Drivers/STM32F1xx_HAL_Driver/Src/stm32f1xx_hal_tim.c.obj
                0x080034b4                HAL_TIM_ConfigClockSource
 *fill*         0x0800358e        0x2 
 .text.HAL_TIMEx_MasterConfigSynchronization
                0x08003590       0x6c CMakeFiles/stop_beep.elf.dir/Drivers/STM32F1xx_HAL_Driver/Src/stm32f1xx_hal_tim_ex.c.obj
                0x08003590                HAL_TIMEx_MasterConfigSynchronization
 .text.HAL_TIMEx_CommutCallback
                0x080035fc        0x2 CMakeFiles/stop_beep.elf.dir/Drivers/STM32F1xx_HAL_Driver/Src/stm32f1xx_hal_tim_ex.c.obj
                0x080035fc                HAL_TIMEx_CommutCallback
 .text.HAL_TIMEx_BreakCallback
                0x080035fe        0x2 CMakeFiles/stop_beep.elf.dir/Drivers/STM32F1xx_HAL_Driver/Src/stm32f1xx_hal_tim_ex.c.obj
                0x080035fe                HAL_TIMEx_BreakCallback
 .text.UART_EndTxTransfer
                0x08003600       0x12 CMakeFiles/stop_beep.elf.dir/Drivers/STM32F1xx_HAL_Driver/Src/stm32f1xx_hal_uart.c.obj
 .text.UART_EndRxTransfer
                0x08003612       0x32 CMakeFiles/stop_beep.elf.dir/Drivers/STM32F1xx_HAL_Driver/Src/stm32f1xx_hal_uart.c.obj
 .text.UART_Transmit_IT
                0x08003644       0x60 CMakeFiles/stop_beep.elf.dir/Drivers/STM32F1xx_HAL_Driver/Src/stm32f1xx_hal_uart.c.obj
 .text.UART_SetConfig
                0x080036a4       0x94 CMakeFiles/stop_beep.elf.dir/Drivers/STM32F1xx_HAL_Driver/Src/stm32f1xx_hal_uart.c.obj
 .text.UART_WaitOnFlagUntilTimeout
                0x08003738       0x6c CMakeFiles/stop_beep.elf.dir/Drivers/STM32F1xx_HAL_Driver/Src/stm32f1xx_hal_uart.c.obj
 .text.HAL_UART_Init
                0x080037a4       0x5e CMakeFiles/stop_beep.elf.dir/Drivers/STM32F1xx_HAL_Driver/Src/stm32f1xx_hal_uart.c.obj
                0x080037a4                HAL_UART_Init
 .text.HAL_UART_Transmit
                0x08003802       0xd8 CMakeFiles/stop_beep.elf.dir/Drivers/STM32F1xx_HAL_Driver/Src/stm32f1xx_hal_uart.c.obj
                0x08003802                HAL_UART_Transmit
 *fill*         0x080038da        0x2 
 .text.HAL_UART_Transmit_DMA
                0x080038dc       0x8c CMakeFiles/stop_beep.elf.dir/Drivers/STM32F1xx_HAL_Driver/Src/stm32f1xx_hal_uart.c.obj
                0x080038dc                HAL_UART_Transmit_DMA
 .text.HAL_UART_DMAStop
                0x08003968       0x64 CMakeFiles/stop_beep.elf.dir/Drivers/STM32F1xx_HAL_Driver/Src/stm32f1xx_hal_uart.c.obj
                0x08003968                HAL_UART_DMAStop
 .text.HAL_UART_TxCpltCallback
                0x080039cc        0x2 CMakeFiles/stop_beep.elf.dir/Drivers/STM32F1xx_HAL_Driver/Src/stm32f1xx_hal_uart.c.obj
                0x080039cc                HAL_UART_TxCpltCallback
 .text.UART_DMATransmitCplt
                0x080039ce       0x30 CMakeFiles/stop_beep.elf.dir/Drivers/STM32F1xx_HAL_Driver/Src/stm32f1xx_hal_uart.c.obj
 .text.UART_EndTransmit_IT
                0x080039fe       0x1a CMakeFiles/stop_beep.elf.dir/Drivers/STM32F1xx_HAL_Driver/Src/stm32f1xx_hal_uart.c.obj
 .text.HAL_UART_TxHalfCpltCallback
                0x08003a18        0x2 CMakeFiles/stop_beep.elf.dir/Drivers/STM32F1xx_HAL_Driver/Src/stm32f1xx_hal_uart.c.obj
                0x08003a18                HAL_UART_TxHalfCpltCallback
 .text.UART_DMATxHalfCplt
                0x08003a1a        0xa CMakeFiles/stop_beep.elf.dir/Drivers/STM32F1xx_HAL_Driver/Src/stm32f1xx_hal_uart.c.obj
 .text.HAL_UART_RxHalfCpltCallback
                0x08003a24        0x2 CMakeFiles/stop_beep.elf.dir/Drivers/STM32F1xx_HAL_Driver/Src/stm32f1xx_hal_uart.c.obj
                0x08003a24                HAL_UART_RxHalfCpltCallback
 .text.UART_DMAError
                0x08003a26       0x58 CMakeFiles/stop_beep.elf.dir/Drivers/STM32F1xx_HAL_Driver/Src/stm32f1xx_hal_uart.c.obj
 .text.UART_DMAAbortOnError
                0x08003a7e       0x10 CMakeFiles/stop_beep.elf.dir/Drivers/STM32F1xx_HAL_Driver/Src/stm32f1xx_hal_uart.c.obj
 .text.HAL_UARTEx_RxEventCallback
                0x08003a8e        0x2 CMakeFiles/stop_beep.elf.dir/Drivers/STM32F1xx_HAL_Driver/Src/stm32f1xx_hal_uart.c.obj
                0x08003a8e                HAL_UARTEx_RxEventCallback
 .text.UART_Receive_IT
                0x08003a90       0xd4 CMakeFiles/stop_beep.elf.dir/Drivers/STM32F1xx_HAL_Driver/Src/stm32f1xx_hal_uart.c.obj
 .text.HAL_UART_IRQHandler
                0x08003b64      0x204 CMakeFiles/stop_beep.elf.dir/Drivers/STM32F1xx_HAL_Driver/Src/stm32f1xx_hal_uart.c.obj
                0x08003b64                HAL_UART_IRQHandler
 .text.UART_DMARxHalfCplt
                0x08003d68       0x1a CMakeFiles/stop_beep.elf.dir/Drivers/STM32F1xx_HAL_Driver/Src/stm32f1xx_hal_uart.c.obj
 .text.UART_DMAReceiveCplt
                0x08003d82       0x5e CMakeFiles/stop_beep.elf.dir/Drivers/STM32F1xx_HAL_Driver/Src/stm32f1xx_hal_uart.c.obj
 .text.UART_Start_Receive_IT
                0x08003de0       0x36 CMakeFiles/stop_beep.elf.dir/Drivers/STM32F1xx_HAL_Driver/Src/stm32f1xx_hal_uart.c.obj
                0x08003de0                UART_Start_Receive_IT
 .text.HAL_UART_Receive_IT
                0x08003e16       0x38 CMakeFiles/stop_beep.elf.dir/Drivers/STM32F1xx_HAL_Driver/Src/stm32f1xx_hal_uart.c.obj
                0x08003e16                HAL_UART_Receive_IT
 *fill*         0x08003e4e        0x2 
 .text.UART_Start_Receive_DMA
                0x08003e50       0x78 CMakeFiles/stop_beep.elf.dir/Drivers/STM32F1xx_HAL_Driver/Src/stm32f1xx_hal_uart.c.obj
                0x08003e50                UART_Start_Receive_DMA
 .text.HAL_UART_Receive_DMA
                0x08003ec8       0x38 CMakeFiles/stop_beep.elf.dir/Drivers/STM32F1xx_HAL_Driver/Src/stm32f1xx_hal_uart.c.obj
                0x08003ec8                HAL_UART_Receive_DMA
 .text.USB_CoreInit
                0x08003f00        0xe CMakeFiles/stop_beep.elf.dir/Drivers/STM32F1xx_HAL_Driver/Src/stm32f1xx_ll_usb.c.obj
                0x08003f00                USB_CoreInit
 .text.USB_EnableGlobalInt
                0x08003f0e       0x12 CMakeFiles/stop_beep.elf.dir/Drivers/STM32F1xx_HAL_Driver/Src/stm32f1xx_ll_usb.c.obj
                0x08003f0e                USB_EnableGlobalInt
 .text.USB_DisableGlobalInt
                0x08003f20       0x14 CMakeFiles/stop_beep.elf.dir/Drivers/STM32F1xx_HAL_Driver/Src/stm32f1xx_ll_usb.c.obj
                0x08003f20                USB_DisableGlobalInt
 .text.USB_SetCurrentMode
                0x08003f34        0x4 CMakeFiles/stop_beep.elf.dir/Drivers/STM32F1xx_HAL_Driver/Src/stm32f1xx_ll_usb.c.obj
                0x08003f34                USB_SetCurrentMode
 .text.USB_DevInit
                0x08003f38       0x22 CMakeFiles/stop_beep.elf.dir/Drivers/STM32F1xx_HAL_Driver/Src/stm32f1xx_ll_usb.c.obj
                0x08003f38                USB_DevInit
 .text.USB_ActivateEndpoint
                0x08003f5a      0x378 CMakeFiles/stop_beep.elf.dir/Drivers/STM32F1xx_HAL_Driver/Src/stm32f1xx_ll_usb.c.obj
                0x08003f5a                USB_ActivateEndpoint
 .text.USB_DeactivateEndpoint
                0x080042d2      0x1d6 CMakeFiles/stop_beep.elf.dir/Drivers/STM32F1xx_HAL_Driver/Src/stm32f1xx_ll_usb.c.obj
                0x080042d2                USB_DeactivateEndpoint
 .text.USB_EPSetStall
                0x080044a8       0x4a CMakeFiles/stop_beep.elf.dir/Drivers/STM32F1xx_HAL_Driver/Src/stm32f1xx_ll_usb.c.obj
                0x080044a8                USB_EPSetStall
 .text.USB_EPClearStall
                0x080044f2       0xa2 CMakeFiles/stop_beep.elf.dir/Drivers/STM32F1xx_HAL_Driver/Src/stm32f1xx_ll_usb.c.obj
                0x080044f2                USB_EPClearStall
 .text.USB_SetDevAddress
                0x08004594        0xc CMakeFiles/stop_beep.elf.dir/Drivers/STM32F1xx_HAL_Driver/Src/stm32f1xx_ll_usb.c.obj
                0x08004594                USB_SetDevAddress
 .text.USB_DevConnect
                0x080045a0        0x4 CMakeFiles/stop_beep.elf.dir/Drivers/STM32F1xx_HAL_Driver/Src/stm32f1xx_ll_usb.c.obj
                0x080045a0                USB_DevConnect
 .text.USB_DevDisconnect
                0x080045a4        0x4 CMakeFiles/stop_beep.elf.dir/Drivers/STM32F1xx_HAL_Driver/Src/stm32f1xx_ll_usb.c.obj
                0x080045a4                USB_DevDisconnect
 .text.USB_ReadInterrupts
                0x080045a8        0x8 CMakeFiles/stop_beep.elf.dir/Drivers/STM32F1xx_HAL_Driver/Src/stm32f1xx_ll_usb.c.obj
                0x080045a8                USB_ReadInterrupts
 .text.USB_EP0_OutStart
                0x080045b0        0x4 CMakeFiles/stop_beep.elf.dir/Drivers/STM32F1xx_HAL_Driver/Src/stm32f1xx_ll_usb.c.obj
                0x080045b0                USB_EP0_OutStart
 .text.USB_WritePMA
                0x080045b4       0x28 CMakeFiles/stop_beep.elf.dir/Drivers/STM32F1xx_HAL_Driver/Src/stm32f1xx_ll_usb.c.obj
                0x080045b4                USB_WritePMA
 .text.USB_EPStartXfer
                0x080045dc      0x8b2 CMakeFiles/stop_beep.elf.dir/Drivers/STM32F1xx_HAL_Driver/Src/stm32f1xx_ll_usb.c.obj
                0x080045dc                USB_EPStartXfer
 .text.USB_ReadPMA
                0x08004e8e       0x30 CMakeFiles/stop_beep.elf.dir/Drivers/STM32F1xx_HAL_Driver/Src/stm32f1xx_ll_usb.c.obj
                0x08004e8e                USB_ReadPMA
 .text.USBD_CDC_EP0_RxReady
                0x08004ebe       0x28 CMakeFiles/stop_beep.elf.dir/Middlewares/ST/STM32_USB_Device_Library/Class/CDC/Src/usbd_cdc.c.obj
 *fill*         0x08004ee6        0x2 
 .text.USBD_CDC_GetFSCfgDesc
                0x08004ee8        0xc CMakeFiles/stop_beep.elf.dir/Middlewares/ST/STM32_USB_Device_Library/Class/CDC/Src/usbd_cdc.c.obj
 .text.USBD_CDC_GetHSCfgDesc
                0x08004ef4        0xc CMakeFiles/stop_beep.elf.dir/Middlewares/ST/STM32_USB_Device_Library/Class/CDC/Src/usbd_cdc.c.obj
 .text.USBD_CDC_GetOtherSpeedCfgDesc
                0x08004f00        0xc CMakeFiles/stop_beep.elf.dir/Middlewares/ST/STM32_USB_Device_Library/Class/CDC/Src/usbd_cdc.c.obj
 .text.USBD_CDC_GetDeviceQualifierDescriptor
                0x08004f0c        0xc CMakeFiles/stop_beep.elf.dir/Middlewares/ST/STM32_USB_Device_Library/Class/CDC/Src/usbd_cdc.c.obj
                0x08004f0c                USBD_CDC_GetDeviceQualifierDescriptor
 .text.USBD_CDC_DataOut
                0x08004f18       0x2e CMakeFiles/stop_beep.elf.dir/Middlewares/ST/STM32_USB_Device_Library/Class/CDC/Src/usbd_cdc.c.obj
 .text.USBD_CDC_DataIn
                0x08004f46       0x4e CMakeFiles/stop_beep.elf.dir/Middlewares/ST/STM32_USB_Device_Library/Class/CDC/Src/usbd_cdc.c.obj
 .text.USBD_CDC_Setup
                0x08004f94       0xd6 CMakeFiles/stop_beep.elf.dir/Middlewares/ST/STM32_USB_Device_Library/Class/CDC/Src/usbd_cdc.c.obj
 .text.USBD_CDC_DeInit
                0x0800506a       0x42 CMakeFiles/stop_beep.elf.dir/Middlewares/ST/STM32_USB_Device_Library/Class/CDC/Src/usbd_cdc.c.obj
 .text.USBD_CDC_Init
                0x080050ac       0xaa CMakeFiles/stop_beep.elf.dir/Middlewares/ST/STM32_USB_Device_Library/Class/CDC/Src/usbd_cdc.c.obj
 .text.USBD_CDC_RegisterInterface
                0x08005156        0xe CMakeFiles/stop_beep.elf.dir/Middlewares/ST/STM32_USB_Device_Library/Class/CDC/Src/usbd_cdc.c.obj
                0x08005156                USBD_CDC_RegisterInterface
 .text.USBD_CDC_SetTxBuffer
                0x08005164       0x10 CMakeFiles/stop_beep.elf.dir/Middlewares/ST/STM32_USB_Device_Library/Class/CDC/Src/usbd_cdc.c.obj
                0x08005164                USBD_CDC_SetTxBuffer
 .text.USBD_CDC_SetRxBuffer
                0x08005174        0xc CMakeFiles/stop_beep.elf.dir/Middlewares/ST/STM32_USB_Device_Library/Class/CDC/Src/usbd_cdc.c.obj
                0x08005174                USBD_CDC_SetRxBuffer
 .text.USBD_CDC_TransmitPacket
                0x08005180       0x34 CMakeFiles/stop_beep.elf.dir/Middlewares/ST/STM32_USB_Device_Library/Class/CDC/Src/usbd_cdc.c.obj
                0x08005180                USBD_CDC_TransmitPacket
 .text.USBD_CDC_ReceivePacket
                0x080051b4       0x30 CMakeFiles/stop_beep.elf.dir/Middlewares/ST/STM32_USB_Device_Library/Class/CDC/Src/usbd_cdc.c.obj
                0x080051b4                USBD_CDC_ReceivePacket
 .text.USBD_Init
                0x080051e4       0x2e CMakeFiles/stop_beep.elf.dir/Middlewares/ST/STM32_USB_Device_Library/Core/Src/usbd_core.c.obj
                0x080051e4                USBD_Init
 .text.USBD_RegisterClass
                0x08005212        0xe CMakeFiles/stop_beep.elf.dir/Middlewares/ST/STM32_USB_Device_Library/Core/Src/usbd_core.c.obj
                0x08005212                USBD_RegisterClass
 .text.USBD_Start
                0x08005220        0xa CMakeFiles/stop_beep.elf.dir/Middlewares/ST/STM32_USB_Device_Library/Core/Src/usbd_core.c.obj
                0x08005220                USBD_Start
 .text.USBD_SetClassConfig
                0x0800522a       0x18 CMakeFiles/stop_beep.elf.dir/Middlewares/ST/STM32_USB_Device_Library/Core/Src/usbd_core.c.obj
                0x0800522a                USBD_SetClassConfig
 .text.USBD_ClrClassConfig
                0x08005242        0xe CMakeFiles/stop_beep.elf.dir/Middlewares/ST/STM32_USB_Device_Library/Core/Src/usbd_core.c.obj
                0x08005242                USBD_ClrClassConfig
 .text.USBD_LL_SetupStage
                0x08005250       0x5a CMakeFiles/stop_beep.elf.dir/Middlewares/ST/STM32_USB_Device_Library/Core/Src/usbd_core.c.obj
                0x08005250                USBD_LL_SetupStage
 .text.USBD_LL_DataOutStage
                0x080052aa       0x8c CMakeFiles/stop_beep.elf.dir/Middlewares/ST/STM32_USB_Device_Library/Core/Src/usbd_core.c.obj
                0x080052aa                USBD_LL_DataOutStage
 .text.USBD_LL_DataInStage
                0x08005336       0xd0 CMakeFiles/stop_beep.elf.dir/Middlewares/ST/STM32_USB_Device_Library/Core/Src/usbd_core.c.obj
                0x08005336                USBD_LL_DataInStage
 .text.USBD_LL_Reset
                0x08005406       0x50 CMakeFiles/stop_beep.elf.dir/Middlewares/ST/STM32_USB_Device_Library/Core/Src/usbd_core.c.obj
                0x08005406                USBD_LL_Reset
 .text.USBD_LL_SetSpeed
                0x08005456        0x6 CMakeFiles/stop_beep.elf.dir/Middlewares/ST/STM32_USB_Device_Library/Core/Src/usbd_core.c.obj
                0x08005456                USBD_LL_SetSpeed
 .text.USBD_LL_Suspend
                0x0800545c       0x12 CMakeFiles/stop_beep.elf.dir/Middlewares/ST/STM32_USB_Device_Library/Core/Src/usbd_core.c.obj
                0x0800545c                USBD_LL_Suspend
 .text.USBD_LL_Resume
                0x0800546e       0x16 CMakeFiles/stop_beep.elf.dir/Middlewares/ST/STM32_USB_Device_Library/Core/Src/usbd_core.c.obj
                0x0800546e                USBD_LL_Resume
 .text.USBD_LL_SOF
                0x08005484       0x1c CMakeFiles/stop_beep.elf.dir/Middlewares/ST/STM32_USB_Device_Library/Core/Src/usbd_core.c.obj
                0x08005484                USBD_LL_SOF
 .text.USBD_GetLen
                0x080054a0       0x14 CMakeFiles/stop_beep.elf.dir/Middlewares/ST/STM32_USB_Device_Library/Core/Src/usbd_ctlreq.c.obj
 .text.USBD_SetFeature
                0x080054b4       0x14 CMakeFiles/stop_beep.elf.dir/Middlewares/ST/STM32_USB_Device_Library/Core/Src/usbd_ctlreq.c.obj
 .text.USBD_ParseSetupRequest
                0x080054c8       0x28 CMakeFiles/stop_beep.elf.dir/Middlewares/ST/STM32_USB_Device_Library/Core/Src/usbd_ctlreq.c.obj
                0x080054c8                USBD_ParseSetupRequest
 .text.USBD_CtlError
                0x080054f0       0x14 CMakeFiles/stop_beep.elf.dir/Middlewares/ST/STM32_USB_Device_Library/Core/Src/usbd_ctlreq.c.obj
                0x080054f0                USBD_CtlError
 .text.USBD_GetDescriptor
                0x08005504      0x186 CMakeFiles/stop_beep.elf.dir/Middlewares/ST/STM32_USB_Device_Library/Core/Src/usbd_ctlreq.c.obj
 .text.USBD_SetAddress
                0x0800568a       0x4e CMakeFiles/stop_beep.elf.dir/Middlewares/ST/STM32_USB_Device_Library/Core/Src/usbd_ctlreq.c.obj
 .text.USBD_SetConfig
                0x080056d8       0xb0 CMakeFiles/stop_beep.elf.dir/Middlewares/ST/STM32_USB_Device_Library/Core/Src/usbd_ctlreq.c.obj
 .text.USBD_GetConfig
                0x08005788       0x3e CMakeFiles/stop_beep.elf.dir/Middlewares/ST/STM32_USB_Device_Library/Core/Src/usbd_ctlreq.c.obj
 .text.USBD_GetStatus
                0x080057c6       0x38 CMakeFiles/stop_beep.elf.dir/Middlewares/ST/STM32_USB_Device_Library/Core/Src/usbd_ctlreq.c.obj
 .text.USBD_ClrFeature
                0x080057fe       0x26 CMakeFiles/stop_beep.elf.dir/Middlewares/ST/STM32_USB_Device_Library/Core/Src/usbd_ctlreq.c.obj
 .text.USBD_StdDevReq
                0x08005824       0x68 CMakeFiles/stop_beep.elf.dir/Middlewares/ST/STM32_USB_Device_Library/Core/Src/usbd_ctlreq.c.obj
                0x08005824                USBD_StdDevReq
 .text.USBD_StdItfReq
                0x0800588c       0x60 CMakeFiles/stop_beep.elf.dir/Middlewares/ST/STM32_USB_Device_Library/Core/Src/usbd_ctlreq.c.obj
                0x0800588c                USBD_StdItfReq
 .text.USBD_StdEPReq
                0x080058ec      0x1e2 CMakeFiles/stop_beep.elf.dir/Middlewares/ST/STM32_USB_Device_Library/Core/Src/usbd_ctlreq.c.obj
                0x080058ec                USBD_StdEPReq
 .text.USBD_GetString
                0x08005ace       0x3a CMakeFiles/stop_beep.elf.dir/Middlewares/ST/STM32_USB_Device_Library/Core/Src/usbd_ctlreq.c.obj
                0x08005ace                USBD_GetString
 .text.USBD_CtlSendData
                0x08005b08       0x1a CMakeFiles/stop_beep.elf.dir/Middlewares/ST/STM32_USB_Device_Library/Core/Src/usbd_ioreq.c.obj
                0x08005b08                USBD_CtlSendData
 .text.USBD_CtlContinueSendData
                0x08005b22       0x10 CMakeFiles/stop_beep.elf.dir/Middlewares/ST/STM32_USB_Device_Library/Core/Src/usbd_ioreq.c.obj
                0x08005b22                USBD_CtlContinueSendData
 .text.USBD_CtlPrepareRx
                0x08005b32       0x1e CMakeFiles/stop_beep.elf.dir/Middlewares/ST/STM32_USB_Device_Library/Core/Src/usbd_ioreq.c.obj
                0x08005b32                USBD_CtlPrepareRx
 .text.USBD_CtlContinueRx
                0x08005b50       0x10 CMakeFiles/stop_beep.elf.dir/Middlewares/ST/STM32_USB_Device_Library/Core/Src/usbd_ioreq.c.obj
                0x08005b50                USBD_CtlContinueRx
 .text.USBD_CtlSendStatus
                0x08005b60       0x16 CMakeFiles/stop_beep.elf.dir/Middlewares/ST/STM32_USB_Device_Library/Core/Src/usbd_ioreq.c.obj
                0x08005b60                USBD_CtlSendStatus
 .text.USBD_CtlReceiveStatus
                0x08005b76       0x16 CMakeFiles/stop_beep.elf.dir/Middlewares/ST/STM32_USB_Device_Library/Core/Src/usbd_ioreq.c.obj
                0x08005b76                USBD_CtlReceiveStatus
 .text.MX_USB_DEVICE_Init
                0x08005b8c       0x54 CMakeFiles/stop_beep.elf.dir/USB_DEVICE/App/usb_device.c.obj
                0x08005b8c                MX_USB_DEVICE_Init
 .text.CDC_DeInit_FS
                0x08005be0        0x4 CMakeFiles/stop_beep.elf.dir/USB_DEVICE/App/usbd_cdc_if.c.obj
 .text.CDC_Control_FS
                0x08005be4        0x4 CMakeFiles/stop_beep.elf.dir/USB_DEVICE/App/usbd_cdc_if.c.obj
 .text.CDC_Receive_FS
                0x08005be8       0x1c CMakeFiles/stop_beep.elf.dir/USB_DEVICE/App/usbd_cdc_if.c.obj
 .text.CDC_Init_FS
                0x08005c04       0x28 CMakeFiles/stop_beep.elf.dir/USB_DEVICE/App/usbd_cdc_if.c.obj
 .text.CDC_Transmit_FS
                0x08005c2c       0x2c CMakeFiles/stop_beep.elf.dir/USB_DEVICE/App/usbd_cdc_if.c.obj
                0x08005c2c                CDC_Transmit_FS
 .text.USBD_FS_DeviceDescriptor
                0x08005c58        0xc CMakeFiles/stop_beep.elf.dir/USB_DEVICE/App/usbd_desc.c.obj
                0x08005c58                USBD_FS_DeviceDescriptor
 .text.USBD_FS_LangIDStrDescriptor
                0x08005c64        0xc CMakeFiles/stop_beep.elf.dir/USB_DEVICE/App/usbd_desc.c.obj
                0x08005c64                USBD_FS_LangIDStrDescriptor
 .text.IntToUnicode
                0x08005c70       0x46 CMakeFiles/stop_beep.elf.dir/USB_DEVICE/App/usbd_desc.c.obj
 *fill*         0x08005cb6        0x2 
 .text.Get_SerialNum
                0x08005cb8       0x38 CMakeFiles/stop_beep.elf.dir/USB_DEVICE/App/usbd_desc.c.obj
 .text.USBD_FS_SerialStrDescriptor
                0x08005cf0       0x14 CMakeFiles/stop_beep.elf.dir/USB_DEVICE/App/usbd_desc.c.obj
                0x08005cf0                USBD_FS_SerialStrDescriptor
 .text.USBD_FS_ProductStrDescriptor
                0x08005d04       0x24 CMakeFiles/stop_beep.elf.dir/USB_DEVICE/App/usbd_desc.c.obj
                0x08005d04                USBD_FS_ProductStrDescriptor
 .text.USBD_FS_ManufacturerStrDescriptor
                0x08005d28       0x1c CMakeFiles/stop_beep.elf.dir/USB_DEVICE/App/usbd_desc.c.obj
                0x08005d28                USBD_FS_ManufacturerStrDescriptor
 .text.USBD_FS_ConfigStrDescriptor
                0x08005d44       0x24 CMakeFiles/stop_beep.elf.dir/USB_DEVICE/App/usbd_desc.c.obj
                0x08005d44                USBD_FS_ConfigStrDescriptor
 .text.USBD_FS_InterfaceStrDescriptor
                0x08005d68       0x24 CMakeFiles/stop_beep.elf.dir/USB_DEVICE/App/usbd_desc.c.obj
                0x08005d68                USBD_FS_InterfaceStrDescriptor
 .text.USBD_Get_USB_Status
                0x08005d8c       0x14 CMakeFiles/stop_beep.elf.dir/USB_DEVICE/Target/usbd_conf.c.obj
 .text.HAL_PCD_MspInit
                0x08005da0       0x40 CMakeFiles/stop_beep.elf.dir/USB_DEVICE/Target/usbd_conf.c.obj
                0x08005da0                HAL_PCD_MspInit
 .text.HAL_PCD_SetupStageCallback
                0x08005de0       0x10 CMakeFiles/stop_beep.elf.dir/USB_DEVICE/Target/usbd_conf.c.obj
                0x08005de0                HAL_PCD_SetupStageCallback
 .text.HAL_PCD_DataOutStageCallback
                0x08005df0       0x18 CMakeFiles/stop_beep.elf.dir/USB_DEVICE/Target/usbd_conf.c.obj
                0x08005df0                HAL_PCD_DataOutStageCallback
 .text.HAL_PCD_DataInStageCallback
                0x08005e08       0x16 CMakeFiles/stop_beep.elf.dir/USB_DEVICE/Target/usbd_conf.c.obj
                0x08005e08                HAL_PCD_DataInStageCallback
 .text.HAL_PCD_SOFCallback
                0x08005e1e        0xc CMakeFiles/stop_beep.elf.dir/USB_DEVICE/Target/usbd_conf.c.obj
                0x08005e1e                HAL_PCD_SOFCallback
 .text.HAL_PCD_ResetCallback
                0x08005e2a       0x24 CMakeFiles/stop_beep.elf.dir/USB_DEVICE/Target/usbd_conf.c.obj
                0x08005e2a                HAL_PCD_ResetCallback
 *fill*         0x08005e4e        0x2 
 .text.HAL_PCD_SuspendCallback
                0x08005e50       0x20 CMakeFiles/stop_beep.elf.dir/USB_DEVICE/Target/usbd_conf.c.obj
                0x08005e50                HAL_PCD_SuspendCallback
 .text.HAL_PCD_ResumeCallback
                0x08005e70        0xc CMakeFiles/stop_beep.elf.dir/USB_DEVICE/Target/usbd_conf.c.obj
                0x08005e70                HAL_PCD_ResumeCallback
 .text.USBD_LL_Init
                0x08005e7c       0x84 CMakeFiles/stop_beep.elf.dir/USB_DEVICE/Target/usbd_conf.c.obj
                0x08005e7c                USBD_LL_Init
 .text.USBD_LL_Start
                0x08005f00       0x10 CMakeFiles/stop_beep.elf.dir/USB_DEVICE/Target/usbd_conf.c.obj
                0x08005f00                USBD_LL_Start
 .text.USBD_LL_OpenEP
                0x08005f10       0x16 CMakeFiles/stop_beep.elf.dir/USB_DEVICE/Target/usbd_conf.c.obj
                0x08005f10                USBD_LL_OpenEP
 .text.USBD_LL_CloseEP
                0x08005f26       0x10 CMakeFiles/stop_beep.elf.dir/USB_DEVICE/Target/usbd_conf.c.obj
                0x08005f26                USBD_LL_CloseEP
 .text.USBD_LL_StallEP
                0x08005f36       0x10 CMakeFiles/stop_beep.elf.dir/USB_DEVICE/Target/usbd_conf.c.obj
                0x08005f36                USBD_LL_StallEP
 .text.USBD_LL_ClearStallEP
                0x08005f46       0x10 CMakeFiles/stop_beep.elf.dir/USB_DEVICE/Target/usbd_conf.c.obj
                0x08005f46                USBD_LL_ClearStallEP
 .text.USBD_LL_IsStallEP
                0x08005f56       0x2e CMakeFiles/stop_beep.elf.dir/USB_DEVICE/Target/usbd_conf.c.obj
                0x08005f56                USBD_LL_IsStallEP
 .text.USBD_LL_SetUSBAddress
                0x08005f84       0x10 CMakeFiles/stop_beep.elf.dir/USB_DEVICE/Target/usbd_conf.c.obj
                0x08005f84                USBD_LL_SetUSBAddress
 .text.USBD_LL_Transmit
                0x08005f94       0x10 CMakeFiles/stop_beep.elf.dir/USB_DEVICE/Target/usbd_conf.c.obj
                0x08005f94                USBD_LL_Transmit
 .text.USBD_LL_PrepareReceive
                0x08005fa4       0x10 CMakeFiles/stop_beep.elf.dir/USB_DEVICE/Target/usbd_conf.c.obj
                0x08005fa4                USBD_LL_PrepareReceive
 .text.USBD_LL_GetRxDataSize
                0x08005fb4        0xc CMakeFiles/stop_beep.elf.dir/USB_DEVICE/Target/usbd_conf.c.obj
                0x08005fb4                USBD_LL_GetRxDataSize
 .text.USBD_static_malloc
                0x08005fc0        0x8 CMakeFiles/stop_beep.elf.dir/USB_DEVICE/Target/usbd_conf.c.obj
                0x08005fc0                USBD_static_malloc
 .text.USBD_static_free
                0x08005fc8        0x2 CMakeFiles/stop_beep.elf.dir/USB_DEVICE/Target/usbd_conf.c.obj
                0x08005fc8                USBD_static_free
 .text.HAL_PCDEx_SetConnectionState
                0x08005fca        0x2 CMakeFiles/stop_beep.elf.dir/USB_DEVICE/Target/usbd_conf.c.obj
                0x08005fca                HAL_PCDEx_SetConnectionState
 .text.__errno  0x08005fcc        0xc c:/coding/c/gcc-arm-none-eabi-10.3-2021.10/bin/../lib/gcc/arm-none-eabi/10.3.1/../../../../arm-none-eabi/lib/thumb/v7-m/nofp\libg.a(lib_a-errno.o)
                0x08005fcc                __errno
 .text.__libc_init_array
                0x08005fd8       0x48 c:/coding/c/gcc-arm-none-eabi-10.3-2021.10/bin/../lib/gcc/arm-none-eabi/10.3.1/../../../../arm-none-eabi/lib/thumb/v7-m/nofp\libg.a(lib_a-init.o)
                0x08005fd8                __libc_init_array
 .text.memset   0x08006020       0xa4 c:/coding/c/gcc-arm-none-eabi-10.3-2021.10/bin/../lib/gcc/arm-none-eabi/10.3.1/../../../../arm-none-eabi/lib/thumb/v7-m/nofp\libg.a(lib_a-memset.o)
                0x08006020                memset
 .text._puts_r  0x080060c4       0x9c c:/coding/c/gcc-arm-none-eabi-10.3-2021.10/bin/../lib/gcc/arm-none-eabi/10.3.1/../../../../arm-none-eabi/lib/thumb/v7-m/nofp\libg.a(lib_a-puts.o)
                0x080060c4                _puts_r
 .text.puts     0x08006160       0x10 c:/coding/c/gcc-arm-none-eabi-10.3-2021.10/bin/../lib/gcc/arm-none-eabi/10.3.1/../../../../arm-none-eabi/lib/thumb/v7-m/nofp\libg.a(lib_a-puts.o)
                0x08006160                puts
 .text.__sread  0x08006170       0x24 c:/coding/c/gcc-arm-none-eabi-10.3-2021.10/bin/../lib/gcc/arm-none-eabi/10.3.1/../../../../arm-none-eabi/lib/thumb/v7-m/nofp\libg.a(lib_a-stdio.o)
                0x08006170                __sread
 .text.__swrite
                0x08006194       0x40 c:/coding/c/gcc-arm-none-eabi-10.3-2021.10/bin/../lib/gcc/arm-none-eabi/10.3.1/../../../../arm-none-eabi/lib/thumb/v7-m/nofp\libg.a(lib_a-stdio.o)
                0x08006194                __swrite
 .text.__sseek  0x080061d4       0x20 c:/coding/c/gcc-arm-none-eabi-10.3-2021.10/bin/../lib/gcc/arm-none-eabi/10.3.1/../../../../arm-none-eabi/lib/thumb/v7-m/nofp\libg.a(lib_a-stdio.o)
                0x080061d4                __sseek
 .text.__sclose
                0x080061f4        0x8 c:/coding/c/gcc-arm-none-eabi-10.3-2021.10/bin/../lib/gcc/arm-none-eabi/10.3.1/../../../../arm-none-eabi/lib/thumb/v7-m/nofp\libg.a(lib_a-stdio.o)
                0x080061f4                __sclose
 .text.strlen   0x080061fc       0x5c c:/coding/c/gcc-arm-none-eabi-10.3-2021.10/bin/../lib/gcc/arm-none-eabi/10.3.1/../../../../arm-none-eabi/lib/thumb/v7-m/nofp\libg.a(lib_a-strlen-stub.o)
                0x080061fc                strlen
 .text._write_r
                0x08006258       0x2c c:/coding/c/gcc-arm-none-eabi-10.3-2021.10/bin/../lib/gcc/arm-none-eabi/10.3.1/../../../../arm-none-eabi/lib/thumb/v7-m/nofp\libg.a(lib_a-writer.o)
                0x08006258                _write_r
 .text.startup.register_fini
                0x08006284       0x14 c:/coding/c/gcc-arm-none-eabi-10.3-2021.10/bin/../lib/gcc/arm-none-eabi/10.3.1/../../../../arm-none-eabi/lib/thumb/v7-m/nofp\libg.a(lib_a-__call_atexit.o)
 .text.atexit   0x08006298        0xc c:/coding/c/gcc-arm-none-eabi-10.3-2021.10/bin/../lib/gcc/arm-none-eabi/10.3.1/../../../../arm-none-eabi/lib/thumb/v7-m/nofp\libg.a(lib_a-atexit.o)
                0x08006298                atexit
 .text._close_r
                0x080062a4       0x24 c:/coding/c/gcc-arm-none-eabi-10.3-2021.10/bin/../lib/gcc/arm-none-eabi/10.3.1/../../../../arm-none-eabi/lib/thumb/v7-m/nofp\libg.a(lib_a-closer.o)
                0x080062a4                _close_r
 .text._cleanup_r
                0x080062c8        0xc c:/coding/c/gcc-arm-none-eabi-10.3-2021.10/bin/../lib/gcc/arm-none-eabi/10.3.1/../../../../arm-none-eabi/lib/thumb/v7-m/nofp\libg.a(lib_a-findfp.o)
                0x080062c8                _cleanup_r
 .text.__sinit  0x080062d4      0x10c c:/coding/c/gcc-arm-none-eabi-10.3-2021.10/bin/../lib/gcc/arm-none-eabi/10.3.1/../../../../arm-none-eabi/lib/thumb/v7-m/nofp\libg.a(lib_a-findfp.o)
                0x080062d4                __sinit
 .text.__sfp_lock_acquire
                0x080063e0        0xc c:/coding/c/gcc-arm-none-eabi-10.3-2021.10/bin/../lib/gcc/arm-none-eabi/10.3.1/../../../../arm-none-eabi/lib/thumb/v7-m/nofp\libg.a(lib_a-findfp.o)
                0x080063e0                __sfp_lock_acquire
 .text.__sfp_lock_release
                0x080063ec        0xc c:/coding/c/gcc-arm-none-eabi-10.3-2021.10/bin/../lib/gcc/arm-none-eabi/10.3.1/../../../../arm-none-eabi/lib/thumb/v7-m/nofp\libg.a(lib_a-findfp.o)
                0x080063ec                __sfp_lock_release
 .text.__libc_fini_array
                0x080063f8       0x2c c:/coding/c/gcc-arm-none-eabi-10.3-2021.10/bin/../lib/gcc/arm-none-eabi/10.3.1/../../../../arm-none-eabi/lib/thumb/v7-m/nofp\libg.a(lib_a-fini.o)
                0x080063f8                __libc_fini_array
 .text.__sfvwrite_r
                0x08006424      0x2f0 c:/coding/c/gcc-arm-none-eabi-10.3-2021.10/bin/../lib/gcc/arm-none-eabi/10.3.1/../../../../arm-none-eabi/lib/thumb/v7-m/nofp\libg.a(lib_a-fvwrite.o)
                0x08006424                __sfvwrite_r
 .text._fwalk_reent
                0x08006714       0x48 c:/coding/c/gcc-arm-none-eabi-10.3-2021.10/bin/../lib/gcc/arm-none-eabi/10.3.1/../../../../arm-none-eabi/lib/thumb/v7-m/nofp\libg.a(lib_a-fwalk.o)
                0x08006714                _fwalk_reent
 .text.__retarget_lock_init_recursive
                0x0800675c        0x4 c:/coding/c/gcc-arm-none-eabi-10.3-2021.10/bin/../lib/gcc/arm-none-eabi/10.3.1/../../../../arm-none-eabi/lib/thumb/v7-m/nofp\libg.a(lib_a-lock.o)
                0x0800675c                __retarget_lock_init_recursive
 .text.__retarget_lock_close_recursive
                0x08006760        0x4 c:/coding/c/gcc-arm-none-eabi-10.3-2021.10/bin/../lib/gcc/arm-none-eabi/10.3.1/../../../../arm-none-eabi/lib/thumb/v7-m/nofp\libg.a(lib_a-lock.o)
                0x08006760                __retarget_lock_close_recursive
 .text.__retarget_lock_acquire_recursive
                0x08006764        0x4 c:/coding/c/gcc-arm-none-eabi-10.3-2021.10/bin/../lib/gcc/arm-none-eabi/10.3.1/../../../../arm-none-eabi/lib/thumb/v7-m/nofp\libg.a(lib_a-lock.o)
                0x08006764                __retarget_lock_acquire_recursive
 .text.__retarget_lock_release_recursive
                0x08006768        0x4 c:/coding/c/gcc-arm-none-eabi-10.3-2021.10/bin/../lib/gcc/arm-none-eabi/10.3.1/../../../../arm-none-eabi/lib/thumb/v7-m/nofp\libg.a(lib_a-lock.o)
                0x08006768                __retarget_lock_release_recursive
 .text._lseek_r
                0x0800676c       0x2c c:/coding/c/gcc-arm-none-eabi-10.3-2021.10/bin/../lib/gcc/arm-none-eabi/10.3.1/../../../../arm-none-eabi/lib/thumb/v7-m/nofp\libg.a(lib_a-lseekr.o)
                0x0800676c                _lseek_r
 .text._malloc_r
                0x08006798      0x558 c:/coding/c/gcc-arm-none-eabi-10.3-2021.10/bin/../lib/gcc/arm-none-eabi/10.3.1/../../../../arm-none-eabi/lib/thumb/v7-m/nofp\libg.a(lib_a-mallocr.o)
                0x08006798                _malloc_r
 .text.memchr   0x08006cf0       0x90 c:/coding/c/gcc-arm-none-eabi-10.3-2021.10/bin/../lib/gcc/arm-none-eabi/10.3.1/../../../../arm-none-eabi/lib/thumb/v7-m/nofp\libg.a(lib_a-memchr-stub.o)
                0x08006cf0                memchr
 .text.memmove  0x08006d80       0xf8 c:/coding/c/gcc-arm-none-eabi-10.3-2021.10/bin/../lib/gcc/arm-none-eabi/10.3.1/../../../../arm-none-eabi/lib/thumb/v7-m/nofp\libg.a(lib_a-memmove.o)
                0x08006d80                memmove
 .text.__malloc_lock
                0x08006e78        0xc c:/coding/c/gcc-arm-none-eabi-10.3-2021.10/bin/../lib/gcc/arm-none-eabi/10.3.1/../../../../arm-none-eabi/lib/thumb/v7-m/nofp\libg.a(lib_a-mlock.o)
                0x08006e78                __malloc_lock
 .text.__malloc_unlock
                0x08006e84        0xc c:/coding/c/gcc-arm-none-eabi-10.3-2021.10/bin/../lib/gcc/arm-none-eabi/10.3.1/../../../../arm-none-eabi/lib/thumb/v7-m/nofp\libg.a(lib_a-mlock.o)
                0x08006e84                __malloc_unlock
 .text._read_r  0x08006e90       0x2c c:/coding/c/gcc-arm-none-eabi-10.3-2021.10/bin/../lib/gcc/arm-none-eabi/10.3.1/../../../../arm-none-eabi/lib/thumb/v7-m/nofp\libg.a(lib_a-readr.o)
                0x08006e90                _read_r
 .text._realloc_r
                0x08006ebc      0x3dc c:/coding/c/gcc-arm-none-eabi-10.3-2021.10/bin/../lib/gcc/arm-none-eabi/10.3.1/../../../../arm-none-eabi/lib/thumb/v7-m/nofp\libg.a(lib_a-reallocr.o)
                0x08006ebc                _realloc_r
 .text._sbrk_r  0x08007298       0x24 c:/coding/c/gcc-arm-none-eabi-10.3-2021.10/bin/../lib/gcc/arm-none-eabi/10.3.1/../../../../arm-none-eabi/lib/thumb/v7-m/nofp\libg.a(lib_a-sbrkr.o)
                0x08007298                _sbrk_r
 .text.__swsetup_r
                0x080072bc       0xd4 c:/coding/c/gcc-arm-none-eabi-10.3-2021.10/bin/../lib/gcc/arm-none-eabi/10.3.1/../../../../arm-none-eabi/lib/thumb/v7-m/nofp\libg.a(lib_a-wsetup.o)
                0x080072bc                __swsetup_r
 .text.__register_exitproc
                0x08007390       0x8c c:/coding/c/gcc-arm-none-eabi-10.3-2021.10/bin/../lib/gcc/arm-none-eabi/10.3.1/../../../../arm-none-eabi/lib/thumb/v7-m/nofp\libg.a(lib_a-__atexit.o)
                0x08007390                __register_exitproc
 .text._fclose_r
                0x0800741c       0xcc c:/coding/c/gcc-arm-none-eabi-10.3-2021.10/bin/../lib/gcc/arm-none-eabi/10.3.1/../../../../arm-none-eabi/lib/thumb/v7-m/nofp\libg.a(lib_a-fclose.o)
                0x0800741c                _fclose_r
 .text.__sflush_r
                0x080074e8      0x124 c:/coding/c/gcc-arm-none-eabi-10.3-2021.10/bin/../lib/gcc/arm-none-eabi/10.3.1/../../../../arm-none-eabi/lib/thumb/v7-m/nofp\libg.a(lib_a-fflush.o)
                0x080074e8                __sflush_r
 .text._fflush_r
                0x0800760c       0x5c c:/coding/c/gcc-arm-none-eabi-10.3-2021.10/bin/../lib/gcc/arm-none-eabi/10.3.1/../../../../arm-none-eabi/lib/thumb/v7-m/nofp\libg.a(lib_a-fflush.o)
                0x0800760c                _fflush_r
 .text._malloc_trim_r
                0x08007668       0xa0 c:/coding/c/gcc-arm-none-eabi-10.3-2021.10/bin/../lib/gcc/arm-none-eabi/10.3.1/../../../../arm-none-eabi/lib/thumb/v7-m/nofp\libg.a(lib_a-freer.o)
                0x08007668                _malloc_trim_r
 .text._free_r  0x08007708      0x200 c:/coding/c/gcc-arm-none-eabi-10.3-2021.10/bin/../lib/gcc/arm-none-eabi/10.3.1/../../../../arm-none-eabi/lib/thumb/v7-m/nofp\libg.a(lib_a-freer.o)
                0x08007708                _free_r
 .text.__smakebuf_r
                0x08007908       0xe0 c:/coding/c/gcc-arm-none-eabi-10.3-2021.10/bin/../lib/gcc/arm-none-eabi/10.3.1/../../../../arm-none-eabi/lib/thumb/v7-m/nofp\libg.a(lib_a-makebuf.o)
                0x08007908                __smakebuf_r
 .text._fstat_r
                0x080079e8       0x28 c:/coding/c/gcc-arm-none-eabi-10.3-2021.10/bin/../lib/gcc/arm-none-eabi/10.3.1/../../../../arm-none-eabi/lib/thumb/v7-m/nofp\libg.a(lib_a-fstatr.o)
                0x080079e8                _fstat_r
 .text._isatty_r
                0x08007a10       0x24 c:/coding/c/gcc-arm-none-eabi-10.3-2021.10/bin/../lib/gcc/arm-none-eabi/10.3.1/../../../../arm-none-eabi/lib/thumb/v7-m/nofp\libg.a(lib_a-isattyr.o)
                0x08007a10                _isatty_r
 *(.glue_7)
 .glue_7        0x08007a34        0x0 linker stubs
 *(.glue_7t)
 .glue_7t       0x08007a34        0x0 linker stubs
 *(.eh_frame)
 .eh_frame      0x08007a34        0x0 c:/coding/c/gcc-arm-none-eabi-10.3-2021.10/bin/../lib/gcc/arm-none-eabi/10.3.1/thumb/v7-m/nofp/crtbegin.o
 *(.init)
 .init          0x08007a34        0x4 c:/coding/c/gcc-arm-none-eabi-10.3-2021.10/bin/../lib/gcc/arm-none-eabi/10.3.1/thumb/v7-m/nofp/crti.o
                0x08007a34                _init
 .init          0x08007a38        0x8 c:/coding/c/gcc-arm-none-eabi-10.3-2021.10/bin/../lib/gcc/arm-none-eabi/10.3.1/thumb/v7-m/nofp/crtn.o
 *(.fini)
 .fini          0x08007a40        0x4 c:/coding/c/gcc-arm-none-eabi-10.3-2021.10/bin/../lib/gcc/arm-none-eabi/10.3.1/thumb/v7-m/nofp/crti.o
                0x08007a40                _fini
 .fini          0x08007a44        0x8 c:/coding/c/gcc-arm-none-eabi-10.3-2021.10/bin/../lib/gcc/arm-none-eabi/10.3.1/thumb/v7-m/nofp/crtn.o
                0x08007a4c                . = ALIGN (0x4)
                0x08007a4c                _etext = .

.vfp11_veneer   0x08007a4c        0x0
 .vfp11_veneer  0x08007a4c        0x0 linker stubs

.v4_bx          0x08007a4c        0x0
 .v4_bx         0x08007a4c        0x0 linker stubs

.iplt           0x08007a4c        0x0
 .iplt          0x08007a4c        0x0 c:/coding/c/gcc-arm-none-eabi-10.3-2021.10/bin/../lib/gcc/arm-none-eabi/10.3.1/thumb/v7-m/nofp/crtbegin.o

.rodata         0x08007a4c      0x164
                0x08007a4c                . = ALIGN (0x4)
 *(.rodata)
 *(.rodata*)
 .rodata.AHBPrescTable
                0x08007a4c       0x10 CMakeFiles/stop_beep.elf.dir/Core/Src/system_stm32f1xx.c.obj
                0x08007a4c                AHBPrescTable
 .rodata.APBPrescTable
                0x08007a5c        0x8 CMakeFiles/stop_beep.elf.dir/Core/Src/system_stm32f1xx.c.obj
                0x08007a5c                APBPrescTable
 .rodata.CheckUartRxData.str1.4
                0x08007a64       0x12 CMakeFiles/stop_beep.elf.dir/Core/Src/uart_dma.c.obj
 *fill*         0x08007a76        0x2 
 .rodata.CheckUartTxData.str1.4
                0x08007a78       0x12 CMakeFiles/stop_beep.elf.dir/Core/Src/uart_dma.c.obj
 *fill*         0x08007a8a        0x2 
 .rodata.g_uart_port_map
                0x08007a8c       0xc0 CMakeFiles/stop_beep.elf.dir/Core/Src/uart_dma.c.obj
                0x08007a8c                g_uart_port_map
 .rodata.CheckUSBTxData.str1.4
                0x08007b4c       0x12 CMakeFiles/stop_beep.elf.dir/Core/Src/usb_uart.c.obj
 .rodata.HAL_RCC_GetSysClockFreq.str1.4
                0x08007b4c       0x11 CMakeFiles/stop_beep.elf.dir/Drivers/STM32F1xx_HAL_Driver/Src/stm32f1xx_hal_rcc.c.obj
 *fill*         0x08007b5d        0x3 
 .rodata.USBD_FS_ProductStrDescriptor.str1.4
                0x08007b60       0x16 CMakeFiles/stop_beep.elf.dir/USB_DEVICE/App/usbd_desc.c.obj
 *fill*         0x08007b76        0x2 
 .rodata.USBD_FS_ManufacturerStrDescriptor.str1.4
                0x08007b78       0x13 CMakeFiles/stop_beep.elf.dir/USB_DEVICE/App/usbd_desc.c.obj
 *fill*         0x08007b8b        0x1 
 .rodata.USBD_FS_ConfigStrDescriptor.str1.4
                0x08007b8c        0xb CMakeFiles/stop_beep.elf.dir/USB_DEVICE/App/usbd_desc.c.obj
 *fill*         0x08007b97        0x1 
 .rodata.USBD_FS_InterfaceStrDescriptor.str1.4
                0x08007b98        0xe CMakeFiles/stop_beep.elf.dir/USB_DEVICE/App/usbd_desc.c.obj
 *fill*         0x08007ba6        0x2 
 .rodata._global_impure_ptr
                0x08007ba8        0x4 c:/coding/c/gcc-arm-none-eabi-10.3-2021.10/bin/../lib/gcc/arm-none-eabi/10.3.1/../../../../arm-none-eabi/lib/thumb/v7-m/nofp\libg.a(lib_a-impure.o)
                0x08007ba8                _global_impure_ptr
 .rodata._puts_r.str1.4
                0x08007bac        0x2 c:/coding/c/gcc-arm-none-eabi-10.3-2021.10/bin/../lib/gcc/arm-none-eabi/10.3.1/../../../../arm-none-eabi/lib/thumb/v7-m/nofp\libg.a(lib_a-puts.o)
                0x08007bb0                . = ALIGN (0x4)
 *fill*         0x08007bae        0x2 

.rel.dyn        0x08007bb0        0x0
 .rel.iplt      0x08007bb0        0x0 c:/coding/c/gcc-arm-none-eabi-10.3-2021.10/bin/../lib/gcc/arm-none-eabi/10.3.1/thumb/v7-m/nofp/crtbegin.o

.ARM.extab      0x08007bb0        0x0
                0x08007bb0                . = ALIGN (0x4)
 *(.ARM.extab* .gnu.linkonce.armextab.*)
                0x08007bb0                . = ALIGN (0x4)

.ARM            0x08007bb0        0x0
                0x08007bb0                . = ALIGN (0x4)
                0x08007bb0                __exidx_start = .
 *(.ARM.exidx*)
                0x08007bb0                __exidx_end = .
                0x08007bb0                . = ALIGN (0x4)

.preinit_array  0x08007bb0        0x0
                0x08007bb0                . = ALIGN (0x4)
                0x08007bb0                PROVIDE (__preinit_array_start = .)
 *(.preinit_array*)
                0x08007bb0                PROVIDE (__preinit_array_end = .)
                0x08007bb0                . = ALIGN (0x4)

.init_array     0x08007bb0        0x8
                0x08007bb0                . = ALIGN (0x4)
                0x08007bb0                PROVIDE (__init_array_start = .)
 *(SORT_BY_NAME(.init_array.*))
 .init_array.00000
                0x08007bb0        0x4 c:/coding/c/gcc-arm-none-eabi-10.3-2021.10/bin/../lib/gcc/arm-none-eabi/10.3.1/../../../../arm-none-eabi/lib/thumb/v7-m/nofp\libg.a(lib_a-__call_atexit.o)
 *(.init_array*)
 .init_array    0x08007bb4        0x4 c:/coding/c/gcc-arm-none-eabi-10.3-2021.10/bin/../lib/gcc/arm-none-eabi/10.3.1/thumb/v7-m/nofp/crtbegin.o
                0x08007bb8                PROVIDE (__init_array_end = .)
                0x08007bb8                . = ALIGN (0x4)

.fini_array     0x08007bb8        0x4
                0x08007bb8                . = ALIGN (0x4)
                0x08007bb8                PROVIDE (__fini_array_start = .)
 *(SORT_BY_NAME(.fini_array.*))
 *(.fini_array*)
 .fini_array    0x08007bb8        0x4 c:/coding/c/gcc-arm-none-eabi-10.3-2021.10/bin/../lib/gcc/arm-none-eabi/10.3.1/thumb/v7-m/nofp/crtbegin.o
                0x08007bbc                PROVIDE (__fini_array_end = .)
                0x08007bbc                . = ALIGN (0x4)
                0x08007bbc                _sidata = LOADADDR (.data)

.data           0x20000000      0x9bc load address 0x08007bbc
                0x20000000                . = ALIGN (0x4)
                0x20000000                _sdata = .
 *(.data)
 *(.data*)
 .data.SystemCoreClock
                0x20000000        0x4 CMakeFiles/stop_beep.elf.dir/Core/Src/system_stm32f1xx.c.obj
                0x20000000                SystemCoreClock
 .data.uwTickFreq
                0x20000004        0x1 CMakeFiles/stop_beep.elf.dir/Drivers/STM32F1xx_HAL_Driver/Src/stm32f1xx_hal.c.obj
                0x20000004                uwTickFreq
 *fill*         0x20000005        0x3 
 .data.uwTickPrio
                0x20000008        0x4 CMakeFiles/stop_beep.elf.dir/Drivers/STM32F1xx_HAL_Driver/Src/stm32f1xx_hal.c.obj
                0x20000008                uwTickPrio
 .data.USBD_CDC
                0x2000000c       0x38 CMakeFiles/stop_beep.elf.dir/Middlewares/ST/STM32_USB_Device_Library/Class/CDC/Src/usbd_cdc.c.obj
                0x2000000c                USBD_CDC
 .data.USBD_CDC_CfgFSDesc
                0x20000044       0x43 CMakeFiles/stop_beep.elf.dir/Middlewares/ST/STM32_USB_Device_Library/Class/CDC/Src/usbd_cdc.c.obj
                0x20000044                USBD_CDC_CfgFSDesc
 *fill*         0x20000087        0x1 
 .data.USBD_CDC_CfgHSDesc
                0x20000088       0x43 CMakeFiles/stop_beep.elf.dir/Middlewares/ST/STM32_USB_Device_Library/Class/CDC/Src/usbd_cdc.c.obj
                0x20000088                USBD_CDC_CfgHSDesc
 *fill*         0x200000cb        0x1 
 .data.USBD_CDC_DeviceQualifierDesc
                0x200000cc        0xa CMakeFiles/stop_beep.elf.dir/Middlewares/ST/STM32_USB_Device_Library/Class/CDC/Src/usbd_cdc.c.obj
 *fill*         0x200000d6        0x2 
 .data.USBD_CDC_OtherSpeedCfgDesc
                0x200000d8       0x43 CMakeFiles/stop_beep.elf.dir/Middlewares/ST/STM32_USB_Device_Library/Class/CDC/Src/usbd_cdc.c.obj
                0x200000d8                USBD_CDC_OtherSpeedCfgDesc
 *fill*         0x2000011b        0x1 
 .data.USBD_Interface_fops_FS
                0x2000011c       0x10 CMakeFiles/stop_beep.elf.dir/USB_DEVICE/App/usbd_cdc_if.c.obj
                0x2000011c                USBD_Interface_fops_FS
 .data.FS_Desc  0x2000012c       0x1c CMakeFiles/stop_beep.elf.dir/USB_DEVICE/App/usbd_desc.c.obj
                0x2000012c                FS_Desc
 .data.USBD_FS_DeviceDesc
                0x20000148       0x12 CMakeFiles/stop_beep.elf.dir/USB_DEVICE/App/usbd_desc.c.obj
                0x20000148                USBD_FS_DeviceDesc
 *fill*         0x2000015a        0x2 
 .data.USBD_LangIDDesc
                0x2000015c        0x4 CMakeFiles/stop_beep.elf.dir/USB_DEVICE/App/usbd_desc.c.obj
                0x2000015c                USBD_LangIDDesc
 .data.USBD_StringSerial
                0x20000160       0x1a CMakeFiles/stop_beep.elf.dir/USB_DEVICE/App/usbd_desc.c.obj
                0x20000160                USBD_StringSerial
 *fill*         0x2000017a        0x2 
 .data._impure_ptr
                0x2000017c        0x4 c:/coding/c/gcc-arm-none-eabi-10.3-2021.10/bin/../lib/gcc/arm-none-eabi/10.3.1/../../../../arm-none-eabi/lib/thumb/v7-m/nofp\libg.a(lib_a-impure.o)
                0x2000017c                _impure_ptr
 .data.impure_data
                0x20000180      0x428 c:/coding/c/gcc-arm-none-eabi-10.3-2021.10/bin/../lib/gcc/arm-none-eabi/10.3.1/../../../../arm-none-eabi/lib/thumb/v7-m/nofp\libg.a(lib_a-impure.o)
 .data.__atexit_recursive_mutex
                0x200005a8        0x4 c:/coding/c/gcc-arm-none-eabi-10.3-2021.10/bin/../lib/gcc/arm-none-eabi/10.3.1/../../../../arm-none-eabi/lib/thumb/v7-m/nofp\libg.a(lib_a-__call_atexit.o)
                0x200005a8                __atexit_recursive_mutex
 .data.__malloc_av_
                0x200005ac      0x408 c:/coding/c/gcc-arm-none-eabi-10.3-2021.10/bin/../lib/gcc/arm-none-eabi/10.3.1/../../../../arm-none-eabi/lib/thumb/v7-m/nofp\libg.a(lib_a-mallocr.o)
                0x200005ac                __malloc_av_
 .data.__malloc_sbrk_base
                0x200009b4        0x4 c:/coding/c/gcc-arm-none-eabi-10.3-2021.10/bin/../lib/gcc/arm-none-eabi/10.3.1/../../../../arm-none-eabi/lib/thumb/v7-m/nofp\libg.a(lib_a-mallocr.o)
                0x200009b4                __malloc_sbrk_base
 .data.__malloc_trim_threshold
                0x200009b8        0x4 c:/coding/c/gcc-arm-none-eabi-10.3-2021.10/bin/../lib/gcc/arm-none-eabi/10.3.1/../../../../arm-none-eabi/lib/thumb/v7-m/nofp\libg.a(lib_a-mallocr.o)
                0x200009b8                __malloc_trim_threshold
 *(.RamFunc)
 *(.RamFunc*)
                0x200009bc                . = ALIGN (0x4)
                0x200009bc                _edata = .

.igot.plt       0x200009bc        0x0 load address 0x08008578
 .igot.plt      0x200009bc        0x0 c:/coding/c/gcc-arm-none-eabi-10.3-2021.10/bin/../lib/gcc/arm-none-eabi/10.3.1/thumb/v7-m/nofp/crtbegin.o
                0x200009bc                . = ALIGN (0x4)

.bss            0x200009bc     0x1f50 load address 0x08008578
                0x200009bc                _sbss = .
                0x200009bc                __bss_start__ = _sbss
 *(.bss)
 .bss           0x200009bc       0x1c c:/coding/c/gcc-arm-none-eabi-10.3-2021.10/bin/../lib/gcc/arm-none-eabi/10.3.1/thumb/v7-m/nofp/crtbegin.o
 *(.bss*)
 .bss.g_music_flag
                0x200009d8        0x1 CMakeFiles/stop_beep.elf.dir/Core/Src/music.c.obj
                0x200009d8                g_music_flag
 .bss.g_stopwatch_flag
                0x200009d9        0x1 CMakeFiles/stop_beep.elf.dir/Core/Src/stop_watch.c.obj
                0x200009d9                g_stopwatch_flag
 *fill*         0x200009da        0x2 
 .bss.__sbrk_heap_end
                0x200009dc        0x4 CMakeFiles/stop_beep.elf.dir/Core/Src/sysmem.c.obj
 .bss.htim1     0x200009e0       0x48 CMakeFiles/stop_beep.elf.dir/Core/Src/tim.c.obj
                0x200009e0                htim1
 .bss.htim2     0x20000a28       0x48 CMakeFiles/stop_beep.elf.dir/Core/Src/tim.c.obj
                0x20000a28                htim2
 .bss.htim3     0x20000a70       0x48 CMakeFiles/stop_beep.elf.dir/Core/Src/tim.c.obj
                0x20000a70                htim3
 .bss.g_active_uart_num
                0x20000ab8        0x1 CMakeFiles/stop_beep.elf.dir/Core/Src/uart_dma.c.obj
                0x20000ab8                g_active_uart_num
 *fill*         0x20000ab9        0x3 
 .bss.g_uart_dma
                0x20000abc      0x708 CMakeFiles/stop_beep.elf.dir/Core/Src/uart_dma.c.obj
                0x20000abc                g_uart_dma
 .bss.hdma_usart1_rx
                0x200011c4       0x44 CMakeFiles/stop_beep.elf.dir/Core/Src/usart.c.obj
                0x200011c4                hdma_usart1_rx
 .bss.hdma_usart1_tx
                0x20001208       0x44 CMakeFiles/stop_beep.elf.dir/Core/Src/usart.c.obj
                0x20001208                hdma_usart1_tx
 .bss.huart1    0x2000124c       0x44 CMakeFiles/stop_beep.elf.dir/Core/Src/usart.c.obj
                0x2000124c                huart1
 .bss.g_usb_buf
                0x20001290      0x45c CMakeFiles/stop_beep.elf.dir/Core/Src/usb_uart.c.obj
                0x20001290                g_usb_buf
 .bss.uwTick    0x200016ec        0x4 CMakeFiles/stop_beep.elf.dir/Drivers/STM32F1xx_HAL_Driver/Src/stm32f1xx_hal.c.obj
                0x200016ec                uwTick
 .bss.cfgidx.0  0x200016f0        0x1 CMakeFiles/stop_beep.elf.dir/Middlewares/ST/STM32_USB_Device_Library/Core/Src/usbd_ctlreq.c.obj
 *fill*         0x200016f1        0x3 
 .bss.hUsbDeviceFS
                0x200016f4      0x2c4 CMakeFiles/stop_beep.elf.dir/USB_DEVICE/App/usb_device.c.obj
                0x200016f4                hUsbDeviceFS
 .bss.UserRxBufferFS
                0x200019b8      0x400 CMakeFiles/stop_beep.elf.dir/USB_DEVICE/App/usbd_cdc_if.c.obj
                0x200019b8                UserRxBufferFS
 .bss.UserTxBufferFS
                0x20001db8      0x400 CMakeFiles/stop_beep.elf.dir/USB_DEVICE/App/usbd_cdc_if.c.obj
                0x20001db8                UserTxBufferFS
 .bss.USBD_StrDesc
                0x200021b8      0x200 CMakeFiles/stop_beep.elf.dir/USB_DEVICE/App/usbd_desc.c.obj
                0x200021b8                USBD_StrDesc
 .bss.hpcd_USB_FS
                0x200023b8      0x2ec CMakeFiles/stop_beep.elf.dir/USB_DEVICE/Target/usbd_conf.c.obj
                0x200023b8                hpcd_USB_FS
 .bss.mem.0     0x200026a4      0x220 CMakeFiles/stop_beep.elf.dir/USB_DEVICE/Target/usbd_conf.c.obj
 .bss.__lock___atexit_recursive_mutex
                0x200028c4        0x1 c:/coding/c/gcc-arm-none-eabi-10.3-2021.10/bin/../lib/gcc/arm-none-eabi/10.3.1/../../../../arm-none-eabi/lib/thumb/v7-m/nofp\libg.a(lib_a-lock.o)
                0x200028c4                __lock___atexit_recursive_mutex
 *fill*         0x200028c5        0x3 
 .bss.__lock___malloc_recursive_mutex
                0x200028c8        0x1 c:/coding/c/gcc-arm-none-eabi-10.3-2021.10/bin/../lib/gcc/arm-none-eabi/10.3.1/../../../../arm-none-eabi/lib/thumb/v7-m/nofp\libg.a(lib_a-lock.o)
                0x200028c8                __lock___malloc_recursive_mutex
 *fill*         0x200028c9        0x3 
 .bss.__lock___sfp_recursive_mutex
                0x200028cc        0x1 c:/coding/c/gcc-arm-none-eabi-10.3-2021.10/bin/../lib/gcc/arm-none-eabi/10.3.1/../../../../arm-none-eabi/lib/thumb/v7-m/nofp\libg.a(lib_a-lock.o)
                0x200028cc                __lock___sfp_recursive_mutex
 *fill*         0x200028cd        0x3 
 .bss.__lock___sinit_recursive_mutex
                0x200028d0        0x1 c:/coding/c/gcc-arm-none-eabi-10.3-2021.10/bin/../lib/gcc/arm-none-eabi/10.3.1/../../../../arm-none-eabi/lib/thumb/v7-m/nofp\libg.a(lib_a-lock.o)
                0x200028d0                __lock___sinit_recursive_mutex
 *fill*         0x200028d1        0x3 
 .bss.__malloc_current_mallinfo
                0x200028d4       0x28 c:/coding/c/gcc-arm-none-eabi-10.3-2021.10/bin/../lib/gcc/arm-none-eabi/10.3.1/../../../../arm-none-eabi/lib/thumb/v7-m/nofp\libg.a(lib_a-mallocr.o)
                0x200028d4                __malloc_current_mallinfo
 .bss.__malloc_max_sbrked_mem
                0x200028fc        0x4 c:/coding/c/gcc-arm-none-eabi-10.3-2021.10/bin/../lib/gcc/arm-none-eabi/10.3.1/../../../../arm-none-eabi/lib/thumb/v7-m/nofp\libg.a(lib_a-mallocr.o)
                0x200028fc                __malloc_max_sbrked_mem
 .bss.__malloc_max_total_mem
                0x20002900        0x4 c:/coding/c/gcc-arm-none-eabi-10.3-2021.10/bin/../lib/gcc/arm-none-eabi/10.3.1/../../../../arm-none-eabi/lib/thumb/v7-m/nofp\libg.a(lib_a-mallocr.o)
                0x20002900                __malloc_max_total_mem
 .bss.__malloc_top_pad
                0x20002904        0x4 c:/coding/c/gcc-arm-none-eabi-10.3-2021.10/bin/../lib/gcc/arm-none-eabi/10.3.1/../../../../arm-none-eabi/lib/thumb/v7-m/nofp\libg.a(lib_a-mallocr.o)
                0x20002904                __malloc_top_pad
 .bss.errno     0x20002908        0x4 c:/coding/c/gcc-arm-none-eabi-10.3-2021.10/bin/../lib/gcc/arm-none-eabi/10.3.1/../../../../arm-none-eabi/lib/thumb/v7-m/nofp\libg.a(lib_a-reent.o)
                0x20002908                errno
 *(COMMON)
                0x2000290c                . = ALIGN (0x4)
                0x2000290c                _ebss = .
                0x2000290c                __bss_end__ = _ebss

._user_heap_stack
                0x2000290c      0x604 load address 0x08008578
                0x20002910                . = ALIGN (0x8)
 *fill*         0x2000290c        0x4 
                [!provide]                PROVIDE (end = .)
                0x20002910                PROVIDE (_end = .)
                0x20002b10                . = (. + _Min_Heap_Size)
 *fill*         0x20002910      0x200 
                0x20002f10                . = (. + _Min_Stack_Size)
 *fill*         0x20002b10      0x400 
                0x20002f10                . = ALIGN (0x8)

/DISCARD/
 libc.a(*)
 libm.a(*)
 libgcc.a(*)

.ARM.attributes
                0x00000000       0x29
 *(.ARM.attributes)
 .ARM.attributes
                0x00000000       0x1d c:/coding/c/gcc-arm-none-eabi-10.3-2021.10/bin/../lib/gcc/arm-none-eabi/10.3.1/thumb/v7-m/nofp/crti.o
 .ARM.attributes
                0x0000001d       0x2d c:/coding/c/gcc-arm-none-eabi-10.3-2021.10/bin/../lib/gcc/arm-none-eabi/10.3.1/thumb/v7-m/nofp/crtbegin.o
 .ARM.attributes
                0x0000004a       0x2d CMakeFiles/stop_beep.elf.dir/Core/Src/common.c.obj
 .ARM.attributes
                0x00000077       0x2d CMakeFiles/stop_beep.elf.dir/Core/Src/dma.c.obj
 .ARM.attributes
                0x000000a4       0x2d CMakeFiles/stop_beep.elf.dir/Core/Src/gpio.c.obj
 .ARM.attributes
                0x000000d1       0x2d CMakeFiles/stop_beep.elf.dir/Core/Src/main.c.obj
 .ARM.attributes
                0x000000fe       0x2d CMakeFiles/stop_beep.elf.dir/Core/Src/music.c.obj
 .ARM.attributes
                0x0000012b       0x2d CMakeFiles/stop_beep.elf.dir/Core/Src/stm32f1xx_hal_msp.c.obj
 .ARM.attributes
                0x00000158       0x2d CMakeFiles/stop_beep.elf.dir/Core/Src/stm32f1xx_it.c.obj
 .ARM.attributes
                0x00000185       0x2d CMakeFiles/stop_beep.elf.dir/Core/Src/stop_watch.c.obj
 .ARM.attributes
                0x000001b2       0x2d CMakeFiles/stop_beep.elf.dir/Core/Src/syscalls.c.obj
 .ARM.attributes
                0x000001df       0x2d CMakeFiles/stop_beep.elf.dir/Core/Src/sysmem.c.obj
 .ARM.attributes
                0x0000020c       0x2d CMakeFiles/stop_beep.elf.dir/Core/Src/system_stm32f1xx.c.obj
 .ARM.attributes
                0x00000239       0x2d CMakeFiles/stop_beep.elf.dir/Core/Src/tim.c.obj
 .ARM.attributes
                0x00000266       0x2d CMakeFiles/stop_beep.elf.dir/Core/Src/uart_dma.c.obj
 .ARM.attributes
                0x00000293       0x2d CMakeFiles/stop_beep.elf.dir/Core/Src/usart.c.obj
 .ARM.attributes
                0x000002c0       0x2d CMakeFiles/stop_beep.elf.dir/Core/Src/usb_uart.c.obj
 .ARM.attributes
                0x000002ed       0x21 CMakeFiles/stop_beep.elf.dir/Core/Startup/startup_stm32f103cbtx.s.obj
 .ARM.attributes
                0x0000030e       0x2d CMakeFiles/stop_beep.elf.dir/Drivers/STM32F1xx_HAL_Driver/Src/stm32f1xx_hal.c.obj
 .ARM.attributes
                0x0000033b       0x2d CMakeFiles/stop_beep.elf.dir/Drivers/STM32F1xx_HAL_Driver/Src/stm32f1xx_hal_cortex.c.obj
 .ARM.attributes
                0x00000368       0x2d CMakeFiles/stop_beep.elf.dir/Drivers/STM32F1xx_HAL_Driver/Src/stm32f1xx_hal_dma.c.obj
 .ARM.attributes
                0x00000395       0x2d CMakeFiles/stop_beep.elf.dir/Drivers/STM32F1xx_HAL_Driver/Src/stm32f1xx_hal_gpio.c.obj
 .ARM.attributes
                0x000003c2       0x2d CMakeFiles/stop_beep.elf.dir/Drivers/STM32F1xx_HAL_Driver/Src/stm32f1xx_hal_pcd.c.obj
 .ARM.attributes
                0x000003ef       0x2d CMakeFiles/stop_beep.elf.dir/Drivers/STM32F1xx_HAL_Driver/Src/stm32f1xx_hal_pcd_ex.c.obj
 .ARM.attributes
                0x0000041c       0x2d CMakeFiles/stop_beep.elf.dir/Drivers/STM32F1xx_HAL_Driver/Src/stm32f1xx_hal_rcc.c.obj
 .ARM.attributes
                0x00000449       0x2d CMakeFiles/stop_beep.elf.dir/Drivers/STM32F1xx_HAL_Driver/Src/stm32f1xx_hal_rcc_ex.c.obj
 .ARM.attributes
                0x00000476       0x2d CMakeFiles/stop_beep.elf.dir/Drivers/STM32F1xx_HAL_Driver/Src/stm32f1xx_hal_tim.c.obj
 .ARM.attributes
                0x000004a3       0x2d CMakeFiles/stop_beep.elf.dir/Drivers/STM32F1xx_HAL_Driver/Src/stm32f1xx_hal_tim_ex.c.obj
 .ARM.attributes
                0x000004d0       0x2d CMakeFiles/stop_beep.elf.dir/Drivers/STM32F1xx_HAL_Driver/Src/stm32f1xx_hal_uart.c.obj
 .ARM.attributes
                0x000004fd       0x2d CMakeFiles/stop_beep.elf.dir/Drivers/STM32F1xx_HAL_Driver/Src/stm32f1xx_ll_usb.c.obj
 .ARM.attributes
                0x0000052a       0x2d CMakeFiles/stop_beep.elf.dir/Middlewares/ST/STM32_USB_Device_Library/Class/CDC/Src/usbd_cdc.c.obj
 .ARM.attributes
                0x00000557       0x2d CMakeFiles/stop_beep.elf.dir/Middlewares/ST/STM32_USB_Device_Library/Core/Src/usbd_core.c.obj
 .ARM.attributes
                0x00000584       0x2d CMakeFiles/stop_beep.elf.dir/Middlewares/ST/STM32_USB_Device_Library/Core/Src/usbd_ctlreq.c.obj
 .ARM.attributes
                0x000005b1       0x2d CMakeFiles/stop_beep.elf.dir/Middlewares/ST/STM32_USB_Device_Library/Core/Src/usbd_ioreq.c.obj
 .ARM.attributes
                0x000005de       0x2d CMakeFiles/stop_beep.elf.dir/USB_DEVICE/App/usb_device.c.obj
 .ARM.attributes
                0x0000060b       0x2d CMakeFiles/stop_beep.elf.dir/USB_DEVICE/App/usbd_cdc_if.c.obj
 .ARM.attributes
                0x00000638       0x2d CMakeFiles/stop_beep.elf.dir/USB_DEVICE/App/usbd_desc.c.obj
 .ARM.attributes
                0x00000665       0x2d CMakeFiles/stop_beep.elf.dir/USB_DEVICE/Target/usbd_conf.c.obj
 .ARM.attributes
                0x00000692       0x2d c:/coding/c/gcc-arm-none-eabi-10.3-2021.10/bin/../lib/gcc/arm-none-eabi/10.3.1/../../../../arm-none-eabi/lib/thumb/v7-m/nofp\libg.a(lib_a-errno.o)
 .ARM.attributes
                0x000006bf       0x2d c:/coding/c/gcc-arm-none-eabi-10.3-2021.10/bin/../lib/gcc/arm-none-eabi/10.3.1/../../../../arm-none-eabi/lib/thumb/v7-m/nofp\libg.a(lib_a-impure.o)
 .ARM.attributes
                0x000006ec       0x2d c:/coding/c/gcc-arm-none-eabi-10.3-2021.10/bin/../lib/gcc/arm-none-eabi/10.3.1/../../../../arm-none-eabi/lib/thumb/v7-m/nofp\libg.a(lib_a-init.o)
 .ARM.attributes
                0x00000719       0x1b c:/coding/c/gcc-arm-none-eabi-10.3-2021.10/bin/../lib/gcc/arm-none-eabi/10.3.1/../../../../arm-none-eabi/lib/thumb/v7-m/nofp\libg.a(lib_a-memcpy.o)
 .ARM.attributes
                0x00000734       0x2d c:/coding/c/gcc-arm-none-eabi-10.3-2021.10/bin/../lib/gcc/arm-none-eabi/10.3.1/../../../../arm-none-eabi/lib/thumb/v7-m/nofp\libg.a(lib_a-memset.o)
 .ARM.attributes
                0x00000761       0x2d c:/coding/c/gcc-arm-none-eabi-10.3-2021.10/bin/../lib/gcc/arm-none-eabi/10.3.1/../../../../arm-none-eabi/lib/thumb/v7-m/nofp\libg.a(lib_a-puts.o)
 .ARM.attributes
                0x0000078e       0x2d c:/coding/c/gcc-arm-none-eabi-10.3-2021.10/bin/../lib/gcc/arm-none-eabi/10.3.1/../../../../arm-none-eabi/lib/thumb/v7-m/nofp\libg.a(lib_a-stdio.o)
 .ARM.attributes
                0x000007bb       0x2d c:/coding/c/gcc-arm-none-eabi-10.3-2021.10/bin/../lib/gcc/arm-none-eabi/10.3.1/../../../../arm-none-eabi/lib/thumb/v7-m/nofp\libg.a(lib_a-strlen-stub.o)
 .ARM.attributes
                0x000007e8       0x2d c:/coding/c/gcc-arm-none-eabi-10.3-2021.10/bin/../lib/gcc/arm-none-eabi/10.3.1/../../../../arm-none-eabi/lib/thumb/v7-m/nofp\libg.a(lib_a-writer.o)
 .ARM.attributes
                0x00000815       0x2d c:/coding/c/gcc-arm-none-eabi-10.3-2021.10/bin/../lib/gcc/arm-none-eabi/10.3.1/../../../../arm-none-eabi/lib/thumb/v7-m/nofp\libg.a(lib_a-__call_atexit.o)
 .ARM.attributes
                0x00000842       0x2d c:/coding/c/gcc-arm-none-eabi-10.3-2021.10/bin/../lib/gcc/arm-none-eabi/10.3.1/../../../../arm-none-eabi/lib/thumb/v7-m/nofp\libg.a(lib_a-atexit.o)
 .ARM.attributes
                0x0000086f       0x2d c:/coding/c/gcc-arm-none-eabi-10.3-2021.10/bin/../lib/gcc/arm-none-eabi/10.3.1/../../../../arm-none-eabi/lib/thumb/v7-m/nofp\libg.a(lib_a-closer.o)
 .ARM.attributes
                0x0000089c       0x2d c:/coding/c/gcc-arm-none-eabi-10.3-2021.10/bin/../lib/gcc/arm-none-eabi/10.3.1/../../../../arm-none-eabi/lib/thumb/v7-m/nofp\libg.a(lib_a-findfp.o)
 .ARM.attributes
                0x000008c9       0x2d c:/coding/c/gcc-arm-none-eabi-10.3-2021.10/bin/../lib/gcc/arm-none-eabi/10.3.1/../../../../arm-none-eabi/lib/thumb/v7-m/nofp\libg.a(lib_a-fini.o)
 .ARM.attributes
                0x000008f6       0x2d c:/coding/c/gcc-arm-none-eabi-10.3-2021.10/bin/../lib/gcc/arm-none-eabi/10.3.1/../../../../arm-none-eabi/lib/thumb/v7-m/nofp\libg.a(lib_a-fvwrite.o)
 .ARM.attributes
                0x00000923       0x2d c:/coding/c/gcc-arm-none-eabi-10.3-2021.10/bin/../lib/gcc/arm-none-eabi/10.3.1/../../../../arm-none-eabi/lib/thumb/v7-m/nofp\libg.a(lib_a-fwalk.o)
 .ARM.attributes
                0x00000950       0x2d c:/coding/c/gcc-arm-none-eabi-10.3-2021.10/bin/../lib/gcc/arm-none-eabi/10.3.1/../../../../arm-none-eabi/lib/thumb/v7-m/nofp\libg.a(lib_a-lock.o)
 .ARM.attributes
                0x0000097d       0x2d c:/coding/c/gcc-arm-none-eabi-10.3-2021.10/bin/../lib/gcc/arm-none-eabi/10.3.1/../../../../arm-none-eabi/lib/thumb/v7-m/nofp\libg.a(lib_a-lseekr.o)
 .ARM.attributes
                0x000009aa       0x2d c:/coding/c/gcc-arm-none-eabi-10.3-2021.10/bin/../lib/gcc/arm-none-eabi/10.3.1/../../../../arm-none-eabi/lib/thumb/v7-m/nofp\libg.a(lib_a-mallocr.o)
 .ARM.attributes
                0x000009d7       0x2d c:/coding/c/gcc-arm-none-eabi-10.3-2021.10/bin/../lib/gcc/arm-none-eabi/10.3.1/../../../../arm-none-eabi/lib/thumb/v7-m/nofp\libg.a(lib_a-memchr-stub.o)
 .ARM.attributes
                0x00000a04       0x2d c:/coding/c/gcc-arm-none-eabi-10.3-2021.10/bin/../lib/gcc/arm-none-eabi/10.3.1/../../../../arm-none-eabi/lib/thumb/v7-m/nofp\libg.a(lib_a-memmove.o)
 .ARM.attributes
                0x00000a31       0x2d c:/coding/c/gcc-arm-none-eabi-10.3-2021.10/bin/../lib/gcc/arm-none-eabi/10.3.1/../../../../arm-none-eabi/lib/thumb/v7-m/nofp\libg.a(lib_a-mlock.o)
 .ARM.attributes
                0x00000a5e       0x2d c:/coding/c/gcc-arm-none-eabi-10.3-2021.10/bin/../lib/gcc/arm-none-eabi/10.3.1/../../../../arm-none-eabi/lib/thumb/v7-m/nofp\libg.a(lib_a-readr.o)
 .ARM.attributes
                0x00000a8b       0x2d c:/coding/c/gcc-arm-none-eabi-10.3-2021.10/bin/../lib/gcc/arm-none-eabi/10.3.1/../../../../arm-none-eabi/lib/thumb/v7-m/nofp\libg.a(lib_a-reallocr.o)
 .ARM.attributes
                0x00000ab8       0x2d c:/coding/c/gcc-arm-none-eabi-10.3-2021.10/bin/../lib/gcc/arm-none-eabi/10.3.1/../../../../arm-none-eabi/lib/thumb/v7-m/nofp\libg.a(lib_a-reent.o)
 .ARM.attributes
                0x00000ae5       0x2d c:/coding/c/gcc-arm-none-eabi-10.3-2021.10/bin/../lib/gcc/arm-none-eabi/10.3.1/../../../../arm-none-eabi/lib/thumb/v7-m/nofp\libg.a(lib_a-sbrkr.o)
 .ARM.attributes
                0x00000b12       0x2d c:/coding/c/gcc-arm-none-eabi-10.3-2021.10/bin/../lib/gcc/arm-none-eabi/10.3.1/../../../../arm-none-eabi/lib/thumb/v7-m/nofp\libg.a(lib_a-wsetup.o)
 .ARM.attributes